<?xml version="1.0" encoding="ISO-8859-1" ?>
<link_info>
   <banner>TI ARM Linker PC v18.1.2.LTS</banner>
   <copyright>Copyright (c) 1996-2017 Texas Instruments Incorporated</copyright>
   <link_time>0x5cbe8b58</link_time>
   <link_errors>0x0</link_errors>
   <output_file>Project.out</output_file>
   <entry_point>
      <name>_c_int00_noargs</name>
      <address>0x4d21</address>
   </entry_point>
   <input_file_list>
      <input_file id="fl-2">
         <path>.\</path>
         <kind>object</kind>
         <file>adc.obj</file>
         <name>adc.obj</name>
      </input_file>
      <input_file id="fl-3">
         <path>.\</path>
         <kind>object</kind>
         <file>analysis.obj</file>
         <name>analysis.obj</name>
      </input_file>
      <input_file id="fl-4">
         <path>.\</path>
         <kind>object</kind>
         <file>button.obj</file>
         <name>button.obj</name>
      </input_file>
      <input_file id="fl-5">
         <path>.\</path>
         <kind>object</kind>
         <file>lcd.obj</file>
         <name>lcd.obj</name>
      </input_file>
      <input_file id="fl-6">
         <path>.\</path>
         <kind>object</kind>
         <file>main.obj</file>
         <name>main.obj</name>
      </input_file>
      <input_file id="fl-7">
         <path>.\</path>
         <kind>object</kind>
         <file>movement.obj</file>
         <name>movement.obj</name>
      </input_file>
      <input_file id="fl-8">
         <path>.\</path>
         <kind>object</kind>
         <file>open_interface.obj</file>
         <name>open_interface.obj</name>
      </input_file>
      <input_file id="fl-9">
         <path>.\</path>
         <kind>object</kind>
         <file>ping.obj</file>
         <name>ping.obj</name>
      </input_file>
      <input_file id="fl-a">
         <path>.\</path>
         <kind>object</kind>
         <file>servo.obj</file>
         <name>servo.obj</name>
      </input_file>
      <input_file id="fl-b">
         <path>.\</path>
         <kind>object</kind>
         <file>timer.obj</file>
         <name>timer.obj</name>
      </input_file>
      <input_file id="fl-c">
         <path>.\</path>
         <kind>object</kind>
         <file>tm4c123gh6pm_startup_ccs.obj</file>
         <name>tm4c123gh6pm_startup_ccs.obj</name>
      </input_file>
      <input_file id="fl-d">
         <path>.\</path>
         <kind>object</kind>
         <file>uart.obj</file>
         <name>uart.obj</name>
      </input_file>
      <input_file id="fl-12">
         <kind>object</kind>
         <file>&lt;internal&gt;</file>
         <name>&lt;internal&gt;</name>
      </input_file>
      <input_file id="fl-c8">
         <path>C:\ti\ccsv8\tools\compiler\ti-cgt-arm_18.1.2.LTS\lib\</path>
         <kind>archive</kind>
         <file>rtsv7M4_T_le_v4SPD16_eabi.lib</file>
         <name>e_pow.c.obj</name>
      </input_file>
      <input_file id="fl-c9">
         <path>C:\ti\ccsv8\tools\compiler\ti-cgt-arm_18.1.2.LTS\lib\</path>
         <kind>archive</kind>
         <file>rtsv7M4_T_le_v4SPD16_eabi.lib</file>
         <name>e_sqrt.c.obj</name>
      </input_file>
      <input_file id="fl-ca">
         <path>C:\ti\ccsv8\tools\compiler\ti-cgt-arm_18.1.2.LTS\lib\</path>
         <kind>archive</kind>
         <file>rtsv7M4_T_le_v4SPD16_eabi.lib</file>
         <name>s_scalbn.c.obj</name>
      </input_file>
      <input_file id="fl-cb">
         <path>C:\ti\ccsv8\tools\compiler\ti-cgt-arm_18.1.2.LTS\lib\</path>
         <kind>archive</kind>
         <file>rtsv7M4_T_le_v4SPD16_eabi.lib</file>
         <name>s_tan.c.obj</name>
      </input_file>
      <input_file id="fl-cc">
         <path>C:\ti\ccsv8\tools\compiler\ti-cgt-arm_18.1.2.LTS\lib\</path>
         <kind>archive</kind>
         <file>rtsv7M4_T_le_v4SPD16_eabi.lib</file>
         <name>s_copysign.c.obj</name>
      </input_file>
      <input_file id="fl-cd">
         <path>C:\ti\ccsv8\tools\compiler\ti-cgt-arm_18.1.2.LTS\lib\</path>
         <kind>archive</kind>
         <file>rtsv7M4_T_le_v4SPD16_eabi.lib</file>
         <name>fd_add_t2.asm.obj</name>
      </input_file>
      <input_file id="fl-ce">
         <path>C:\ti\ccsv8\tools\compiler\ti-cgt-arm_18.1.2.LTS\lib\</path>
         <kind>archive</kind>
         <file>rtsv7M4_T_le_v4SPD16_eabi.lib</file>
         <name>fd_cmp_t2.asm.obj</name>
      </input_file>
      <input_file id="fl-cf">
         <path>C:\ti\ccsv8\tools\compiler\ti-cgt-arm_18.1.2.LTS\lib\</path>
         <kind>archive</kind>
         <file>rtsv7M4_T_le_v4SPD16_eabi.lib</file>
         <name>fd_div_t2.asm.obj</name>
      </input_file>
      <input_file id="fl-d0">
         <path>C:\ti\ccsv8\tools\compiler\ti-cgt-arm_18.1.2.LTS\lib\</path>
         <kind>archive</kind>
         <file>rtsv7M4_T_le_v4SPD16_eabi.lib</file>
         <name>fd_mul_t2.asm.obj</name>
      </input_file>
      <input_file id="fl-d1">
         <path>C:\ti\ccsv8\tools\compiler\ti-cgt-arm_18.1.2.LTS\lib\</path>
         <kind>archive</kind>
         <file>rtsv7M4_T_le_v4SPD16_eabi.lib</file>
         <name>fd_toi_t2.asm.obj</name>
      </input_file>
      <input_file id="fl-d2">
         <path>C:\ti\ccsv8\tools\compiler\ti-cgt-arm_18.1.2.LTS\lib\</path>
         <kind>archive</kind>
         <file>rtsv7M4_T_le_v4SPD16_eabi.lib</file>
         <name>fs_tod_t2.asm.obj</name>
      </input_file>
      <input_file id="fl-d3">
         <path>C:\ti\ccsv8\tools\compiler\ti-cgt-arm_18.1.2.LTS\lib\</path>
         <kind>archive</kind>
         <file>rtsv7M4_T_le_v4SPD16_eabi.lib</file>
         <name>i_tofd_t2.asm.obj</name>
      </input_file>
      <input_file id="fl-d4">
         <path>C:\ti\ccsv8\tools\compiler\ti-cgt-arm_18.1.2.LTS\lib\</path>
         <kind>archive</kind>
         <file>rtsv7M4_T_le_v4SPD16_eabi.lib</file>
         <name>memcpy_t2.asm.obj</name>
      </input_file>
      <input_file id="fl-d5">
         <path>C:\ti\ccsv8\tools\compiler\ti-cgt-arm_18.1.2.LTS\lib\</path>
         <kind>archive</kind>
         <file>rtsv7M4_T_le_v4SPD16_eabi.lib</file>
         <name>u_tofd_t2.asm.obj</name>
      </input_file>
      <input_file id="fl-d6">
         <path>C:\ti\ccsv8\tools\compiler\ti-cgt-arm_18.1.2.LTS\lib\</path>
         <kind>archive</kind>
         <file>rtsv7M4_T_le_v4SPD16_eabi.lib</file>
         <name>copy_zero_init.c.obj</name>
      </input_file>
      <input_file id="fl-d7">
         <path>C:\ti\ccsv8\tools\compiler\ti-cgt-arm_18.1.2.LTS\lib\</path>
         <kind>archive</kind>
         <file>rtsv7M4_T_le_v4SPD16_eabi.lib</file>
         <name>copy_decompress_none.c.obj</name>
      </input_file>
      <input_file id="fl-d8">
         <path>C:\ti\ccsv8\tools\compiler\ti-cgt-arm_18.1.2.LTS\lib\</path>
         <kind>archive</kind>
         <file>rtsv7M4_T_le_v4SPD16_eabi.lib</file>
         <name>copy_decompress_lzss.c.obj</name>
      </input_file>
      <input_file id="fl-d9">
         <path>C:\ti\ccsv8\tools\compiler\ti-cgt-arm_18.1.2.LTS\lib\</path>
         <kind>archive</kind>
         <file>rtsv7M4_T_le_v4SPD16_eabi.lib</file>
         <name>boot_cortex_m.c.obj</name>
      </input_file>
      <input_file id="fl-da">
         <path>C:\ti\ccsv8\tools\compiler\ti-cgt-arm_18.1.2.LTS\lib\</path>
         <kind>archive</kind>
         <file>rtsv7M4_T_le_v4SPD16_eabi.lib</file>
         <name>errno.c.obj</name>
      </input_file>
      <input_file id="fl-db">
         <path>C:\ti\ccsv8\tools\compiler\ti-cgt-arm_18.1.2.LTS\lib\</path>
         <kind>archive</kind>
         <file>rtsv7M4_T_le_v4SPD16_eabi.lib</file>
         <name>exit.c.obj</name>
      </input_file>
      <input_file id="fl-dc">
         <path>C:\ti\ccsv8\tools\compiler\ti-cgt-arm_18.1.2.LTS\lib\</path>
         <kind>archive</kind>
         <file>rtsv7M4_T_le_v4SPD16_eabi.lib</file>
         <name>memory.c.obj</name>
      </input_file>
      <input_file id="fl-dd">
         <path>C:\ti\ccsv8\tools\compiler\ti-cgt-arm_18.1.2.LTS\lib\</path>
         <kind>archive</kind>
         <file>rtsv7M4_T_le_v4SPD16_eabi.lib</file>
         <name>_lock.c.obj</name>
      </input_file>
      <input_file id="fl-de">
         <path>C:\ti\ccsv8\tools\compiler\ti-cgt-arm_18.1.2.LTS\lib\</path>
         <kind>archive</kind>
         <file>rtsv7M4_T_le_v4SPD16_eabi.lib</file>
         <name>args_main.c.obj</name>
      </input_file>
      <input_file id="fl-df">
         <path>C:\ti\ccsv8\tools\compiler\ti-cgt-arm_18.1.2.LTS\lib\</path>
         <kind>archive</kind>
         <file>rtsv7M4_T_le_v4SPD16_eabi.lib</file>
         <name>strcmp.c.obj</name>
      </input_file>
      <input_file id="fl-e0">
         <path>C:\ti\ccsv8\tools\compiler\ti-cgt-arm_18.1.2.LTS\lib\</path>
         <kind>archive</kind>
         <file>rtsv7M4_T_le_v4SPD16_eabi.lib</file>
         <name>strcpy.c.obj</name>
      </input_file>
      <input_file id="fl-e1">
         <path>C:\ti\ccsv8\tools\compiler\ti-cgt-arm_18.1.2.LTS\lib\</path>
         <kind>archive</kind>
         <file>rtsv7M4_T_le_v4SPD16_eabi.lib</file>
         <name>strlen.c.obj</name>
      </input_file>
      <input_file id="fl-e2">
         <path>C:\ti\ccsv8\tools\compiler\ti-cgt-arm_18.1.2.LTS\lib\</path>
         <kind>archive</kind>
         <file>rtsv7M4_T_le_v4SPD16_eabi.lib</file>
         <name>vsnprintf.c.obj</name>
      </input_file>
      <input_file id="fl-e3">
         <path>C:\ti\ccsv8\tools\compiler\ti-cgt-arm_18.1.2.LTS\lib\</path>
         <kind>archive</kind>
         <file>rtsv7M4_T_le_v4SPD16_eabi.lib</file>
         <name>k_rem_pio2.c.obj</name>
      </input_file>
      <input_file id="fl-e4">
         <path>C:\ti\ccsv8\tools\compiler\ti-cgt-arm_18.1.2.LTS\lib\</path>
         <kind>archive</kind>
         <file>rtsv7M4_T_le_v4SPD16_eabi.lib</file>
         <name>k_tan.c.obj</name>
      </input_file>
      <input_file id="fl-e5">
         <path>C:\ti\ccsv8\tools\compiler\ti-cgt-arm_18.1.2.LTS\lib\</path>
         <kind>archive</kind>
         <file>rtsv7M4_T_le_v4SPD16_eabi.lib</file>
         <name>s_floor.c.obj</name>
      </input_file>
      <input_file id="fl-e6">
         <path>C:\ti\ccsv8\tools\compiler\ti-cgt-arm_18.1.2.LTS\lib\</path>
         <kind>archive</kind>
         <file>rtsv7M4_T_le_v4SPD16_eabi.lib</file>
         <name>memset_t2.asm.obj</name>
      </input_file>
      <input_file id="fl-e7">
         <path>C:\ti\ccsv8\tools\compiler\ti-cgt-arm_18.1.2.LTS\lib\</path>
         <kind>archive</kind>
         <file>rtsv7M4_T_le_v4SPD16_eabi.lib</file>
         <name>autoinit.c.obj</name>
      </input_file>
      <input_file id="fl-e8">
         <path>C:\ti\ccsv8\tools\compiler\ti-cgt-arm_18.1.2.LTS\lib\</path>
         <kind>archive</kind>
         <file>rtsv7M4_T_le_v4SPD16_eabi.lib</file>
         <name>pre_init.c.obj</name>
      </input_file>
      <input_file id="fl-e9">
         <path>C:\ti\ccsv8\tools\compiler\ti-cgt-arm_18.1.2.LTS\lib\</path>
         <kind>archive</kind>
         <file>rtsv7M4_T_le_v4SPD16_eabi.lib</file>
         <name>cpy_tbl.c.obj</name>
      </input_file>
      <input_file id="fl-ea">
         <path>C:\ti\ccsv8\tools\compiler\ti-cgt-arm_18.1.2.LTS\lib\</path>
         <kind>archive</kind>
         <file>rtsv7M4_T_le_v4SPD16_eabi.lib</file>
         <name>_printfi.c.obj</name>
      </input_file>
      <input_file id="fl-eb">
         <path>C:\ti\ccsv8\tools\compiler\ti-cgt-arm_18.1.2.LTS\lib\</path>
         <kind>archive</kind>
         <file>rtsv7M4_T_le_v4SPD16_eabi.lib</file>
         <name>atoi.c.obj</name>
      </input_file>
      <input_file id="fl-ec">
         <path>C:\ti\ccsv8\tools\compiler\ti-cgt-arm_18.1.2.LTS\lib\</path>
         <kind>archive</kind>
         <file>rtsv7M4_T_le_v4SPD16_eabi.lib</file>
         <name>ctype.c.obj</name>
      </input_file>
      <input_file id="fl-ed">
         <path>C:\ti\ccsv8\tools\compiler\ti-cgt-arm_18.1.2.LTS\lib\</path>
         <kind>archive</kind>
         <file>rtsv7M4_T_le_v4SPD16_eabi.lib</file>
         <name>ltoa.c.obj</name>
      </input_file>
      <input_file id="fl-ee">
         <path>C:\ti\ccsv8\tools\compiler\ti-cgt-arm_18.1.2.LTS\lib\</path>
         <kind>archive</kind>
         <file>rtsv7M4_T_le_v4SPD16_eabi.lib</file>
         <name>memccpy.c.obj</name>
      </input_file>
      <input_file id="fl-ef">
         <path>C:\ti\ccsv8\tools\compiler\ti-cgt-arm_18.1.2.LTS\lib\</path>
         <kind>archive</kind>
         <file>rtsv7M4_T_le_v4SPD16_eabi.lib</file>
         <name>strchr.c.obj</name>
      </input_file>
      <input_file id="fl-f0">
         <path>C:\ti\ccsv8\tools\compiler\ti-cgt-arm_18.1.2.LTS\lib\</path>
         <kind>archive</kind>
         <file>rtsv7M4_T_le_v4SPD16_eabi.lib</file>
         <name>s_frexp.c.obj</name>
      </input_file>
      <input_file id="fl-f1">
         <path>C:\ti\ccsv8\tools\compiler\ti-cgt-arm_18.1.2.LTS\lib\</path>
         <kind>archive</kind>
         <file>rtsv7M4_T_le_v4SPD16_eabi.lib</file>
         <name>wcslen.c.obj</name>
      </input_file>
      <input_file id="fl-f2">
         <path>C:\ti\ccsv8\tools\compiler\ti-cgt-arm_18.1.2.LTS\lib\</path>
         <kind>archive</kind>
         <file>rtsv7M4_T_le_v4SPD16_eabi.lib</file>
         <name>ull_div_t2.asm.obj</name>
      </input_file>
      <input_file id="fl-f3">
         <path>C:\ti\ccsv8\tools\compiler\ti-cgt-arm_18.1.2.LTS\lib\</path>
         <kind>archive</kind>
         <file>rtsv7M4_T_le_v4SPD16_eabi.lib</file>
         <name>div0.asm.obj</name>
      </input_file>
      <input_file id="fl-f4">
         <path>C:\ti\TivaWare_C_Series-2.1.4.178\driverlib\ccs\Debug\</path>
         <kind>archive</kind>
         <file>driverlib.lib</file>
         <name>interrupt.obj</name>
      </input_file>
      <input_file id="fl-f5">
         <path>C:\ti\TivaWare_C_Series-2.1.4.178\driverlib\ccs\Debug\</path>
         <kind>archive</kind>
         <file>driverlib.lib</file>
         <name>cpu.obj</name>
      </input_file>
   </input_file_list>
   <object_component_list>
      <object_component id="oc-f">
         <name>.intvecs</name>
         <load_address>0x0</load_address>
         <run_address>0x0</run_address>
         <size>0x26c</size>
         <input_file_ref idref="fl-c"/>
      </object_component>
      <object_component id="oc-d9">
         <name>.text</name>
         <load_address>0x26c</load_address>
         <run_address>0x26c</run_address>
         <size>0xaa0</size>
         <input_file_ref idref="fl-8"/>
      </object_component>
      <object_component id="oc-1da">
         <name>.text:__TI_printfi</name>
         <load_address>0xd0c</load_address>
         <run_address>0xd0c</run_address>
         <size>0xa5e</size>
         <input_file_ref idref="fl-ea"/>
      </object_component>
      <object_component id="oc-25f">
         <name>.text:_nop</name>
         <load_address>0x176a</load_address>
         <run_address>0x176a</run_address>
         <size>0x2</size>
         <input_file_ref idref="fl-dd"/>
      </object_component>
      <object_component id="oc-2d6">
         <name>.text:__kernel_rem_pio2</name>
         <load_address>0x176c</load_address>
         <run_address>0x176c</run_address>
         <size>0x738</size>
         <input_file_ref idref="fl-e3"/>
      </object_component>
      <object_component id="oc-19f">
         <name>.text</name>
         <load_address>0x1ea4</load_address>
         <run_address>0x1ea4</run_address>
         <size>0x53c</size>
         <input_file_ref idref="fl-3"/>
      </object_component>
      <object_component id="oc-248">
         <name>.text:tan</name>
         <load_address>0x23e0</load_address>
         <run_address>0x23e0</run_address>
         <size>0x508</size>
         <input_file_ref idref="fl-cb"/>
      </object_component>
      <object_component id="oc-df">
         <name>.text</name>
         <load_address>0x28e8</load_address>
         <run_address>0x28e8</run_address>
         <size>0x3cc</size>
         <input_file_ref idref="fl-7"/>
      </object_component>
      <object_component id="oc-d3">
         <name>.text</name>
         <load_address>0x2cb4</load_address>
         <run_address>0x2cb4</run_address>
         <size>0x3a0</size>
         <input_file_ref idref="fl-5"/>
      </object_component>
      <object_component id="oc-2dc">
         <name>.text:__kernel_tan</name>
         <load_address>0x3054</load_address>
         <run_address>0x3054</run_address>
         <size>0x318</size>
         <input_file_ref idref="fl-e4"/>
      </object_component>
      <object_component id="oc-29c">
         <name>.text:_pconv_a</name>
         <load_address>0x336c</load_address>
         <run_address>0x336c</run_address>
         <size>0x270</size>
         <input_file_ref idref="fl-ea"/>
      </object_component>
      <object_component id="oc-28a">
         <name>.text:_pconv_g</name>
         <load_address>0x35dc</load_address>
         <run_address>0x35dc</run_address>
         <size>0x1d0</size>
         <input_file_ref idref="fl-ea"/>
      </object_component>
      <object_component id="oc-24e">
         <name>.text</name>
         <load_address>0x37ac</load_address>
         <run_address>0x37ac</run_address>
         <size>0x1d0</size>
         <input_file_ref idref="fl-a"/>
      </object_component>
      <object_component id="oc-190">
         <name>.text</name>
         <load_address>0x397c</load_address>
         <run_address>0x397c</run_address>
         <size>0x1b6</size>
         <input_file_ref idref="fl-cd"/>
      </object_component>
      <object_component id="oc-382">
         <name>.text</name>
         <load_address>0x3b32</load_address>
         <run_address>0x3b32</run_address>
         <size>0x2</size>
         <input_file_ref idref="fl-f3"/>
      </object_component>
      <object_component id="oc-1a5">
         <name>.text</name>
         <load_address>0x3b34</load_address>
         <run_address>0x3b34</run_address>
         <size>0x174</size>
         <input_file_ref idref="fl-d"/>
      </object_component>
      <object_component id="oc-127">
         <name>.text</name>
         <load_address>0x3ca8</load_address>
         <run_address>0x3ca8</run_address>
         <size>0x158</size>
         <input_file_ref idref="fl-b"/>
      </object_component>
      <object_component id="oc-296">
         <name>.text:_pconv_e</name>
         <load_address>0x3e00</load_address>
         <run_address>0x3e00</run_address>
         <size>0x13c</size>
         <input_file_ref idref="fl-ea"/>
      </object_component>
      <object_component id="oc-184">
         <name>.text</name>
         <load_address>0x3f3c</load_address>
         <run_address>0x3f3c</run_address>
         <size>0x136</size>
         <input_file_ref idref="fl-cf"/>
      </object_component>
      <object_component id="oc-323">
         <name>.text:fcvt</name>
         <load_address>0x4074</load_address>
         <run_address>0x4074</run_address>
         <size>0x120</size>
         <input_file_ref idref="fl-ea"/>
      </object_component>
      <object_component id="oc-337">
         <name>.text:scalbn</name>
         <load_address>0x4194</load_address>
         <run_address>0x4194</run_address>
         <size>0x110</size>
         <input_file_ref idref="fl-ca"/>
      </object_component>
      <object_component id="oc-17a">
         <name>.text</name>
         <load_address>0x42a4</load_address>
         <run_address>0x42a4</run_address>
         <size>0xfc</size>
         <input_file_ref idref="fl-d0"/>
      </object_component>
      <object_component id="oc-35e">
         <name>.text:floor</name>
         <load_address>0x43a0</load_address>
         <run_address>0x43a0</run_address>
         <size>0xf8</size>
         <input_file_ref idref="fl-e5"/>
      </object_component>
      <object_component id="oc-15c">
         <name>.text:free</name>
         <load_address>0x4498</load_address>
         <run_address>0x4498</run_address>
         <size>0xd8</size>
         <input_file_ref idref="fl-dc"/>
      </object_component>
      <object_component id="oc-284">
         <name>.text:_ltostr</name>
         <load_address>0x4570</load_address>
         <run_address>0x4570</run_address>
         <size>0xb1</size>
         <input_file_ref idref="fl-ea"/>
      </object_component>
      <object_component id="oc-3b">
         <name>.text</name>
         <load_address>0x4622</load_address>
         <run_address>0x4622</run_address>
         <size>0x9c</size>
         <input_file_ref idref="fl-d4"/>
      </object_component>
      <object_component id="oc-30a">
         <name>.text</name>
         <load_address>0x46be</load_address>
         <run_address>0x46be</run_address>
         <size>0x96</size>
         <input_file_ref idref="fl-f2"/>
      </object_component>
      <object_component id="oc-19a">
         <name>.text:__aeabi_cdcmple</name>
         <load_address>0x4754</load_address>
         <run_address>0x4754</run_address>
         <size>0x86</size>
         <input_file_ref idref="fl-ce"/>
      </object_component>
      <object_component id="oc-195">
         <name>.text:__aeabi_cdrcmple</name>
         <load_address>0x47da</load_address>
         <run_address>0x47da</run_address>
         <size>0x86</size>
         <input_file_ref idref="fl-ce"/>
      </object_component>
      <object_component id="oc-93">
         <name>.text</name>
         <load_address>0x4860</load_address>
         <run_address>0x4860</run_address>
         <size>0x7a</size>
         <input_file_ref idref="fl-e6"/>
      </object_component>
      <object_component id="oc-205">
         <name>.text:malloc</name>
         <load_address>0x48dc</load_address>
         <run_address>0x48dc</run_address>
         <size>0x78</size>
         <input_file_ref idref="fl-dc"/>
      </object_component>
      <object_component id="oc-31c">
         <name>.text:_mcpy</name>
         <load_address>0x4954</load_address>
         <run_address>0x4954</run_address>
         <size>0x6e</size>
         <input_file_ref idref="fl-ea"/>
      </object_component>
      <object_component id="oc-12">
         <name>.text:decompress:lzss:__TI_decompress_lzss</name>
         <load_address>0x49c2</load_address>
         <run_address>0x49c2</run_address>
         <size>0x68</size>
         <input_file_ref idref="fl-d8"/>
      </object_component>
      <object_component id="oc-331">
         <name>.text:frexp</name>
         <load_address>0x4a2c</load_address>
         <run_address>0x4a2c</run_address>
         <size>0x64</size>
         <input_file_ref idref="fl-f0"/>
      </object_component>
      <object_component id="oc-290">
         <name>.text:_pconv_f</name>
         <load_address>0x4a90</load_address>
         <run_address>0x4a90</run_address>
         <size>0x56</size>
         <input_file_ref idref="fl-ea"/>
      </object_component>
      <object_component id="oc-310">
         <name>.text:ltoa</name>
         <load_address>0x4ae6</load_address>
         <run_address>0x4ae6</run_address>
         <size>0x54</size>
         <input_file_ref idref="fl-ed"/>
      </object_component>
      <object_component id="oc-316">
         <name>.text:_ecpy</name>
         <load_address>0x4b3a</load_address>
         <run_address>0x4b3a</run_address>
         <size>0x52</size>
         <input_file_ref idref="fl-ea"/>
      </object_component>
      <object_component id="oc-27e">
         <name>.text:atoi</name>
         <load_address>0x4b8c</load_address>
         <run_address>0x4b8c</run_address>
         <size>0x4c</size>
         <input_file_ref idref="fl-eb"/>
      </object_component>
      <object_component id="oc-17f">
         <name>.text</name>
         <load_address>0x4bd8</load_address>
         <run_address>0x4bd8</run_address>
         <size>0x48</size>
         <input_file_ref idref="fl-d1"/>
      </object_component>
      <object_component id="oc-f3">
         <name>.text:__TI_auto_init_nobinit_nopinit:__TI_auto_init_nobinit_nopinit</name>
         <load_address>0x4c20</load_address>
         <run_address>0x4c20</run_address>
         <size>0x44</size>
         <input_file_ref idref="fl-e7"/>
      </object_component>
      <object_component id="oc-134">
         <name>.text:vsnprintf</name>
         <load_address>0x4c64</load_address>
         <run_address>0x4c64</run_address>
         <size>0x40</size>
         <input_file_ref idref="fl-e2"/>
      </object_component>
      <object_component id="oc-329">
         <name>.text:_fcpy</name>
         <load_address>0x4ca4</load_address>
         <run_address>0x4ca4</run_address>
         <size>0x3e</size>
         <input_file_ref idref="fl-ea"/>
      </object_component>
      <object_component id="oc-218">
         <name>.text:minsert</name>
         <load_address>0x4ce4</load_address>
         <run_address>0x4ce4</run_address>
         <size>0x3c</size>
         <input_file_ref idref="fl-dc"/>
      </object_component>
      <object_component id="oc-59">
         <name>.text:_c_int00_noargs:_c_int00_noargs</name>
         <load_address>0x4d20</load_address>
         <run_address>0x4d20</run_address>
         <size>0x38</size>
         <input_file_ref idref="fl-d9"/>
      </object_component>
      <object_component id="oc-20c">
         <name>.text:minit</name>
         <load_address>0x4d58</load_address>
         <run_address>0x4d58</run_address>
         <size>0x38</size>
         <input_file_ref idref="fl-dc"/>
      </object_component>
      <object_component id="oc-243">
         <name>.text</name>
         <load_address>0x4d90</load_address>
         <run_address>0x4d90</run_address>
         <size>0x38</size>
         <input_file_ref idref="fl-d2"/>
      </object_component>
      <object_component id="oc-169">
         <name>.text:IntRegister</name>
         <load_address>0x4dc8</load_address>
         <run_address>0x4dc8</run_address>
         <size>0x34</size>
         <input_file_ref idref="fl-f4"/>
      </object_component>
      <object_component id="oc-1e0">
         <name>.text:_outs</name>
         <load_address>0x4dfc</load_address>
         <run_address>0x4dfc</run_address>
         <size>0x30</size>
         <input_file_ref idref="fl-e2"/>
      </object_component>
      <object_component id="oc-175">
         <name>.text</name>
         <load_address>0x4e2c</load_address>
         <run_address>0x4e2c</run_address>
         <size>0x2e</size>
         <input_file_ref idref="fl-d3"/>
      </object_component>
      <object_component id="oc-156">
         <name>.text:calloc</name>
         <load_address>0x4e5a</load_address>
         <run_address>0x4e5a</run_address>
         <size>0x2a</size>
         <input_file_ref idref="fl-dc"/>
      </object_component>
      <object_component id="oc-212">
         <name>.text:mremove</name>
         <load_address>0x4e84</load_address>
         <run_address>0x4e84</run_address>
         <size>0x28</size>
         <input_file_ref idref="fl-dc"/>
      </object_component>
      <object_component id="oc-2a2">
         <name>.text:memccpy</name>
         <load_address>0x4eac</load_address>
         <run_address>0x4eac</run_address>
         <size>0x1c</size>
         <input_file_ref idref="fl-ee"/>
      </object_component>
      <object_component id="oc-9f">
         <name>.text</name>
         <load_address>0x4ec8</load_address>
         <run_address>0x4ec8</run_address>
         <size>0x1a</size>
         <input_file_ref idref="fl-6"/>
      </object_component>
      <object_component id="oc-1e6">
         <name>.text:_outc</name>
         <load_address>0x4ee2</load_address>
         <run_address>0x4ee2</run_address>
         <size>0x18</size>
         <input_file_ref idref="fl-e2"/>
      </object_component>
      <object_component id="oc-162">
         <name>.text:oi_parseInt</name>
         <load_address>0x4efa</load_address>
         <run_address>0x4efa</run_address>
         <size>0x18</size>
         <input_file_ref idref="fl-8"/>
      </object_component>
      <object_component id="oc-13a">
         <name>.text:strcmp</name>
         <load_address>0x4f12</load_address>
         <run_address>0x4f12</run_address>
         <size>0x18</size>
         <input_file_ref idref="fl-df"/>
      </object_component>
      <object_component id="oc-33d">
         <name>.text:strchr</name>
         <load_address>0x4f2a</load_address>
         <run_address>0x4f2a</run_address>
         <size>0x16</size>
         <input_file_ref idref="fl-ef"/>
      </object_component>
      <object_component id="oc-390">
         <name>.text:copysign</name>
         <load_address>0x4f40</load_address>
         <run_address>0x4f40</run_address>
         <size>0x14</size>
         <input_file_ref idref="fl-cc"/>
      </object_component>
      <object_component id="oc-140">
         <name>.text:strcpy</name>
         <load_address>0x4f54</load_address>
         <run_address>0x4f54</run_address>
         <size>0x14</size>
         <input_file_ref idref="fl-e0"/>
      </object_component>
      <object_component id="oc-146">
         <name>.text:strlen</name>
         <load_address>0x4f68</load_address>
         <run_address>0x4f68</run_address>
         <size>0x14</size>
         <input_file_ref idref="fl-e1"/>
      </object_component>
      <object_component id="oc-47">
         <name>.text:decompress:ZI:__TI_zero_init_nomemset:__TI_zero_init_nomemset</name>
         <load_address>0x4f7c</load_address>
         <run_address>0x4f7c</run_address>
         <size>0x12</size>
         <input_file_ref idref="fl-d6"/>
      </object_component>
      <object_component id="oc-2a8">
         <name>.text:wcslen</name>
         <load_address>0x4f8e</load_address>
         <run_address>0x4f8e</run_address>
         <size>0x12</size>
         <input_file_ref idref="fl-f1"/>
      </object_component>
      <object_component id="oc-16f">
         <name>.text:IntMasterEnable</name>
         <load_address>0x4fa0</load_address>
         <run_address>0x4fa0</run_address>
         <size>0x10</size>
         <input_file_ref idref="fl-f4"/>
      </object_component>
      <object_component id="oc-12d">
         <name>.text:lcd_clear</name>
         <load_address>0x4fb0</load_address>
         <run_address>0x4fb0</run_address>
         <size>0x10</size>
         <input_file_ref idref="fl-5"/>
      </object_component>
      <object_component id="oc-18">
         <name>.text:decompress:none:__TI_decompress_none</name>
         <load_address>0x4fc0</load_address>
         <run_address>0x4fc0</run_address>
         <size>0xe</size>
         <input_file_ref idref="fl-d7"/>
      </object_component>
      <object_component id="oc-22c">
         <name>.text:CPUcpsie</name>
         <load_address>0x4fce</load_address>
         <run_address>0x4fce</run_address>
         <size>0xc</size>
         <input_file_ref idref="fl-f5"/>
      </object_component>
      <object_component id="oc-27">
         <name>.text</name>
         <load_address>0x4fda</load_address>
         <run_address>0x4fda</run_address>
         <size>0xc</size>
         <input_file_ref idref="fl-c"/>
      </object_component>
      <object_component id="oc-2ae">
         <name>.text:__aeabi_errno_addr</name>
         <load_address>0x4fe8</load_address>
         <run_address>0x4fe8</run_address>
         <size>0x8</size>
         <input_file_ref idref="fl-da"/>
      </object_component>
      <object_component id="oc-99">
         <name>.text:_system_pre_init</name>
         <load_address>0x4ff0</load_address>
         <run_address>0x4ff0</run_address>
         <size>0x4</size>
         <input_file_ref idref="fl-e8"/>
      </object_component>
      <object_component id="oc-e7">
         <name>.text:abort:abort</name>
         <load_address>0x4ff4</load_address>
         <run_address>0x4ff4</run_address>
         <size>0x4</size>
         <input_file_ref idref="fl-db"/>
      </object_component>
      <object_component id="oc-364">
         <name>.const:$O1$$</name>
         <load_address>0x4ff8</load_address>
         <run_address>0x4ff8</run_address>
         <size>0x158</size>
         <input_file_ref idref="fl-e3"/>
      </object_component>
      <object_component id="oc-305">
         <name>.const:.string:_ctypes_</name>
         <load_address>0x5150</load_address>
         <run_address>0x5150</run_address>
         <size>0x101</size>
         <input_file_ref idref="fl-ec"/>
      </object_component>
      <object_component id="oc-14c">
         <name>.const:.string:lineAddress$1</name>
         <load_address>0x5251</load_address>
         <run_address>0x5251</run_address>
         <size>0x4</size>
         <input_file_ref idref="fl-5"/>
      </object_component>
      <object_component id="oc-36f">
         <name>.const:xxx</name>
         <load_address>0x5258</load_address>
         <run_address>0x5258</run_address>
         <size>0x80</size>
         <input_file_ref idref="fl-e4"/>
      </object_component>
      <object_component id="oc-18a">
         <name>.const:.string:$P$T0$3</name>
         <load_address>0x52d8</load_address>
         <run_address>0x52d8</run_address>
         <size>0xf</size>
         <input_file_ref idref="fl-8"/>
      </object_component>
      <object_component id="oc-14d">
         <name>.const:.string:lineAddresses$2</name>
         <load_address>0x52e7</load_address>
         <run_address>0x52e7</run_address>
         <size>0x4</size>
         <input_file_ref idref="fl-5"/>
      </object_component>
      <object_component id="oc-3f3">
         <name>.cinit..data.load</name>
         <load_address>0x52f0</load_address>
         <run_address>0x52f0</run_address>
         <size>0x1d</size>
      </object_component>
      <object_component id="oc-3f0">
         <name>__TI_handler_table</name>
         <load_address>0x5310</load_address>
         <run_address>0x5310</run_address>
         <size>0xc</size>
      </object_component>
      <object_component id="oc-3f4">
         <name>.cinit..bss.load</name>
         <load_address>0x5320</load_address>
         <run_address>0x5320</run_address>
         <size>0x8</size>
      </object_component>
      <object_component id="oc-3f2">
         <name>.cinit..vtable.load</name>
         <load_address>0x5328</load_address>
         <run_address>0x5328</run_address>
         <size>0x8</size>
      </object_component>
      <object_component id="oc-3f1">
         <name>__TI_cinit_table</name>
         <load_address>0x5330</load_address>
         <run_address>0x5330</run_address>
         <size>0x18</size>
      </object_component>
      <object_component id="oc-222">
         <name>.vtable</name>
         <uninitialized>true</uninitialized>
         <run_address>0x20000000</run_address>
         <size>0x26c</size>
         <input_file_ref idref="fl-f4"/>
      </object_component>
      <object_component id="oc-189">
         <name>.data</name>
         <load_address>0x200022dc</load_address>
         <run_address>0x200022dc</run_address>
         <size>0x10</size>
         <input_file_ref idref="fl-8"/>
      </object_component>
      <object_component id="oc-254">
         <name>.data</name>
         <load_address>0x20002300</load_address>
         <run_address>0x20002300</run_address>
         <size>0x8</size>
         <input_file_ref idref="fl-a"/>
      </object_component>
      <object_component id="oc-34d">
         <name>.data</name>
         <load_address>0x20002308</load_address>
         <run_address>0x20002308</run_address>
         <size>0x4</size>
         <input_file_ref idref="fl-da"/>
      </object_component>
      <object_component id="oc-21e">
         <name>.data:$O1$$</name>
         <load_address>0x200022ec</load_address>
         <run_address>0x200022ec</run_address>
         <size>0xc</size>
         <input_file_ref idref="fl-dc"/>
      </object_component>
      <object_component id="oc-1b8">
         <name>.data:$O1$$</name>
         <load_address>0x200022f8</load_address>
         <run_address>0x200022f8</run_address>
         <size>0x8</size>
         <input_file_ref idref="fl-dd"/>
      </object_component>
      <object_component id="oc-14e">
         <name>.bss:lastbuffer$3</name>
         <uninitialized>true</uninitialized>
         <run_address>0x20002270</run_address>
         <size>0x54</size>
         <input_file_ref idref="fl-5"/>
      </object_component>
      <object_component id="oc-18d">
         <name>.bss:firmware$2</name>
         <uninitialized>true</uninitialized>
         <run_address>0x200022c4</run_address>
         <size>0x18</size>
         <input_file_ref idref="fl-8"/>
      </object_component>
      <object_component id="oc-24">
         <name>.sysmem</name>
         <uninitialized>true</uninitialized>
         <run_address>0x20001270</run_address>
         <size>0x8</size>
         <input_file_ref idref="fl-dc"/>
      </object_component>
      <object_component id="oc-3f6">
         <name>.sysmem</name>
         <uninitialized>true</uninitialized>
         <run_address>0x20001270</run_address>
         <size>0x0</size>
      </object_component>
      <object_component id="oc-21">
         <name>.stack</name>
         <uninitialized>true</uninitialized>
         <run_address>0x20000270</run_address>
         <size>0x4</size>
         <input_file_ref idref="fl-d9"/>
      </object_component>
      <object_component id="oc-3f5">
         <name>.stack</name>
         <uninitialized>true</uninitialized>
         <run_address>0x20000270</run_address>
         <size>0x0</size>
      </object_component>
      <object_component id="oc-c2">
         <name>.debug_info</name>
         <load_address>0x0</load_address>
         <run_address>0x0</run_address>
         <size>0x261</size>
         <input_file_ref idref="fl-2"/>
      </object_component>
      <object_component id="oc-74">
         <name>.debug_info</name>
         <load_address>0x261</load_address>
         <run_address>0x261</run_address>
         <size>0x26b</size>
         <input_file_ref idref="fl-2"/>
      </object_component>
      <object_component id="oc-36">
         <name>.debug_info</name>
         <load_address>0x4cc</load_address>
         <run_address>0x4cc</run_address>
         <size>0x84</size>
         <input_file_ref idref="fl-2"/>
      </object_component>
      <object_component id="oc-bd">
         <name>.debug_info</name>
         <load_address>0x550</load_address>
         <run_address>0x550</run_address>
         <size>0x297</size>
         <input_file_ref idref="fl-2"/>
      </object_component>
      <object_component id="oc-79">
         <name>.debug_info</name>
         <load_address>0x7e7</load_address>
         <run_address>0x7e7</run_address>
         <size>0xbb</size>
         <input_file_ref idref="fl-2"/>
      </object_component>
      <object_component id="oc-258">
         <name>.debug_info</name>
         <load_address>0x8a2</load_address>
         <run_address>0x8a2</run_address>
         <size>0x318</size>
         <input_file_ref idref="fl-3"/>
      </object_component>
      <object_component id="oc-1a0">
         <name>.debug_info</name>
         <load_address>0xbba</load_address>
         <run_address>0xbba</run_address>
         <size>0x9f6</size>
         <input_file_ref idref="fl-3"/>
      </object_component>
      <object_component id="oc-200">
         <name>.debug_info</name>
         <load_address>0x15b0</load_address>
         <run_address>0x15b0</run_address>
         <size>0xcc</size>
         <input_file_ref idref="fl-3"/>
      </object_component>
      <object_component id="oc-151">
         <name>.debug_info</name>
         <load_address>0x167c</load_address>
         <run_address>0x167c</run_address>
         <size>0x2c</size>
         <input_file_ref idref="fl-3"/>
      </object_component>
      <object_component id="oc-2ef">
         <name>.debug_info</name>
         <load_address>0x16a8</load_address>
         <run_address>0x16a8</run_address>
         <size>0x9f</size>
         <input_file_ref idref="fl-3"/>
      </object_component>
      <object_component id="oc-150">
         <name>.debug_info</name>
         <load_address>0x1747</load_address>
         <run_address>0x1747</run_address>
         <size>0x3bc</size>
         <input_file_ref idref="fl-5"/>
      </object_component>
      <object_component id="oc-12f">
         <name>.debug_info</name>
         <load_address>0x1b03</load_address>
         <run_address>0x1b03</run_address>
         <size>0x127</size>
         <input_file_ref idref="fl-5"/>
      </object_component>
      <object_component id="oc-d6">
         <name>.debug_info</name>
         <load_address>0x1c2a</load_address>
         <run_address>0x1c2a</run_address>
         <size>0x980</size>
         <input_file_ref idref="fl-5"/>
      </object_component>
      <object_component id="oc-e6">
         <name>.debug_info</name>
         <load_address>0x25aa</load_address>
         <run_address>0x25aa</run_address>
         <size>0x312</size>
         <input_file_ref idref="fl-6"/>
      </object_component>
      <object_component id="oc-a1">
         <name>.debug_info</name>
         <load_address>0x28bc</load_address>
         <run_address>0x28bc</run_address>
         <size>0x14e</size>
         <input_file_ref idref="fl-6"/>
      </object_component>
      <object_component id="oc-1af">
         <name>.debug_info</name>
         <load_address>0x2a0a</load_address>
         <run_address>0x2a0a</run_address>
         <size>0x5aa</size>
         <input_file_ref idref="fl-6"/>
      </object_component>
      <object_component id="oc-1ac">
         <name>.debug_info</name>
         <load_address>0x2fb4</load_address>
         <run_address>0x2fb4</run_address>
         <size>0x33f</size>
         <input_file_ref idref="fl-7"/>
      </object_component>
      <object_component id="oc-e0">
         <name>.debug_info</name>
         <load_address>0x32f3</load_address>
         <run_address>0x32f3</run_address>
         <size>0x984</size>
         <input_file_ref idref="fl-7"/>
      </object_component>
      <object_component id="oc-1d5">
         <name>.debug_info</name>
         <load_address>0x3c77</load_address>
         <run_address>0x3c77</run_address>
         <size>0x2c</size>
         <input_file_ref idref="fl-7"/>
      </object_component>
      <object_component id="oc-18f">
         <name>.debug_info</name>
         <load_address>0x3ca3</load_address>
         <run_address>0x3ca3</run_address>
         <size>0x3e4</size>
         <input_file_ref idref="fl-8"/>
      </object_component>
      <object_component id="oc-18b">
         <name>.debug_info</name>
         <load_address>0x4087</load_address>
         <run_address>0x4087</run_address>
         <size>0xd9</size>
         <input_file_ref idref="fl-8"/>
      </object_component>
      <object_component id="oc-163">
         <name>.debug_info</name>
         <load_address>0x4160</load_address>
         <run_address>0x4160</run_address>
         <size>0x151</size>
         <input_file_ref idref="fl-8"/>
      </object_component>
      <object_component id="oc-da">
         <name>.debug_info</name>
         <load_address>0x42b1</load_address>
         <run_address>0x42b1</run_address>
         <size>0x14d8</size>
         <input_file_ref idref="fl-8"/>
      </object_component>
      <object_component id="oc-2ec">
         <name>.debug_info</name>
         <load_address>0x5789</load_address>
         <run_address>0x5789</run_address>
         <size>0x262</size>
         <input_file_ref idref="fl-a"/>
      </object_component>
      <object_component id="oc-255">
         <name>.debug_info</name>
         <load_address>0x59eb</load_address>
         <run_address>0x59eb</run_address>
         <size>0x113</size>
         <input_file_ref idref="fl-a"/>
      </object_component>
      <object_component id="oc-24f">
         <name>.debug_info</name>
         <load_address>0x5afe</load_address>
         <run_address>0x5afe</run_address>
         <size>0x1d1</size>
         <input_file_ref idref="fl-a"/>
      </object_component>
      <object_component id="oc-128">
         <name>.debug_info</name>
         <load_address>0x5ccf</load_address>
         <run_address>0x5ccf</run_address>
         <size>0x3f7</size>
         <input_file_ref idref="fl-b"/>
      </object_component>
      <object_component id="oc-2f">
         <name>.debug_info</name>
         <load_address>0x60c6</load_address>
         <run_address>0x60c6</run_address>
         <size>0x2ae</size>
         <input_file_ref idref="fl-c"/>
      </object_component>
      <object_component id="oc-10">
         <name>.debug_info</name>
         <load_address>0x6374</load_address>
         <run_address>0x6374</run_address>
         <size>0xed</size>
         <input_file_ref idref="fl-c"/>
      </object_component>
      <object_component id="oc-29">
         <name>.debug_info</name>
         <load_address>0x6461</load_address>
         <run_address>0x6461</run_address>
         <size>0x269</size>
         <input_file_ref idref="fl-c"/>
      </object_component>
      <object_component id="oc-25a">
         <name>.debug_info</name>
         <load_address>0x66ca</load_address>
         <run_address>0x66ca</run_address>
         <size>0x2f4</size>
         <input_file_ref idref="fl-d"/>
      </object_component>
      <object_component id="oc-1a6">
         <name>.debug_info</name>
         <load_address>0x69be</load_address>
         <run_address>0x69be</run_address>
         <size>0x2e4</size>
         <input_file_ref idref="fl-d"/>
      </object_component>
      <object_component id="oc-376">
         <name>.debug_info</name>
         <load_address>0x6ca2</load_address>
         <run_address>0x6ca2</run_address>
         <size>0x46</size>
         <input_file_ref idref="fl-c8"/>
      </object_component>
      <object_component id="oc-2e4">
         <name>.debug_info</name>
         <load_address>0x6ce8</load_address>
         <run_address>0x6ce8</run_address>
         <size>0x39</size>
         <input_file_ref idref="fl-c8"/>
      </object_component>
      <object_component id="oc-397">
         <name>.debug_info</name>
         <load_address>0x6d21</load_address>
         <run_address>0x6d21</run_address>
         <size>0x2f2</size>
         <input_file_ref idref="fl-ca"/>
      </object_component>
      <object_component id="oc-338">
         <name>.debug_info</name>
         <load_address>0x7013</load_address>
         <run_address>0x7013</run_address>
         <size>0x21a</size>
         <input_file_ref idref="fl-ca"/>
      </object_component>
      <object_component id="oc-3b2">
         <name>.debug_info</name>
         <load_address>0x722d</load_address>
         <run_address>0x722d</run_address>
         <size>0x39</size>
         <input_file_ref idref="fl-ca"/>
      </object_component>
      <object_component id="oc-36a">
         <name>.debug_info</name>
         <load_address>0x7266</load_address>
         <run_address>0x7266</run_address>
         <size>0x2c</size>
         <input_file_ref idref="fl-ca"/>
      </object_component>
      <object_component id="oc-2e3">
         <name>.debug_info</name>
         <load_address>0x7292</load_address>
         <run_address>0x7292</run_address>
         <size>0x3be</size>
         <input_file_ref idref="fl-cb"/>
      </object_component>
      <object_component id="oc-24c">
         <name>.debug_info</name>
         <load_address>0x7650</load_address>
         <run_address>0x7650</run_address>
         <size>0x5c9</size>
         <input_file_ref idref="fl-cb"/>
      </object_component>
      <object_component id="oc-392">
         <name>.debug_info</name>
         <load_address>0x7c19</load_address>
         <run_address>0x7c19</run_address>
         <size>0x156</size>
         <input_file_ref idref="fl-cc"/>
      </object_component>
      <object_component id="oc-191">
         <name>.debug_info</name>
         <load_address>0x7d6f</load_address>
         <run_address>0x7d6f</run_address>
         <size>0x144</size>
         <input_file_ref idref="fl-cd"/>
      </object_component>
      <object_component id="oc-19b">
         <name>.debug_info</name>
         <load_address>0x7eb3</load_address>
         <run_address>0x7eb3</run_address>
         <size>0x120</size>
         <input_file_ref idref="fl-ce"/>
      </object_component>
      <object_component id="oc-196">
         <name>.debug_info</name>
         <load_address>0x7fd3</load_address>
         <run_address>0x7fd3</run_address>
         <size>0x122</size>
         <input_file_ref idref="fl-ce"/>
      </object_component>
      <object_component id="oc-185">
         <name>.debug_info</name>
         <load_address>0x80f5</load_address>
         <run_address>0x80f5</run_address>
         <size>0x132</size>
         <input_file_ref idref="fl-cf"/>
      </object_component>
      <object_component id="oc-17b">
         <name>.debug_info</name>
         <load_address>0x8227</load_address>
         <run_address>0x8227</run_address>
         <size>0x132</size>
         <input_file_ref idref="fl-d0"/>
      </object_component>
      <object_component id="oc-181">
         <name>.debug_info</name>
         <load_address>0x8359</load_address>
         <run_address>0x8359</run_address>
         <size>0x126</size>
         <input_file_ref idref="fl-d1"/>
      </object_component>
      <object_component id="oc-246">
         <name>.debug_info</name>
         <load_address>0x847f</load_address>
         <run_address>0x847f</run_address>
         <size>0x124</size>
         <input_file_ref idref="fl-d2"/>
      </object_component>
      <object_component id="oc-177">
         <name>.debug_info</name>
         <load_address>0x85a3</load_address>
         <run_address>0x85a3</run_address>
         <size>0x124</size>
         <input_file_ref idref="fl-d3"/>
      </object_component>
      <object_component id="oc-3d">
         <name>.debug_info</name>
         <load_address>0x86c7</load_address>
         <run_address>0x86c7</run_address>
         <size>0x111</size>
         <input_file_ref idref="fl-d4"/>
      </object_component>
      <object_component id="oc-92">
         <name>.debug_info</name>
         <load_address>0x87d8</load_address>
         <run_address>0x87d8</run_address>
         <size>0x313</size>
         <input_file_ref idref="fl-d6"/>
      </object_component>
      <object_component id="oc-48">
         <name>.debug_info</name>
         <load_address>0x8aeb</load_address>
         <run_address>0x8aeb</run_address>
         <size>0x1b4</size>
         <input_file_ref idref="fl-d6"/>
      </object_component>
      <object_component id="oc-8d">
         <name>.debug_info</name>
         <load_address>0x8c9f</load_address>
         <run_address>0x8c9f</run_address>
         <size>0x46</size>
         <input_file_ref idref="fl-d6"/>
      </object_component>
      <object_component id="oc-ca">
         <name>.debug_info</name>
         <load_address>0x8ce5</load_address>
         <run_address>0x8ce5</run_address>
         <size>0x2c</size>
         <input_file_ref idref="fl-d6"/>
      </object_component>
      <object_component id="oc-46">
         <name>.debug_info</name>
         <load_address>0x8d11</load_address>
         <run_address>0x8d11</run_address>
         <size>0x29d</size>
         <input_file_ref idref="fl-d7"/>
      </object_component>
      <object_component id="oc-19">
         <name>.debug_info</name>
         <load_address>0x8fae</load_address>
         <run_address>0x8fae</run_address>
         <size>0x1df</size>
         <input_file_ref idref="fl-d7"/>
      </object_component>
      <object_component id="oc-41">
         <name>.debug_info</name>
         <load_address>0x918d</load_address>
         <run_address>0x918d</run_address>
         <size>0x46</size>
         <input_file_ref idref="fl-d7"/>
      </object_component>
      <object_component id="oc-85">
         <name>.debug_info</name>
         <load_address>0x91d3</load_address>
         <run_address>0x91d3</run_address>
         <size>0x2c</size>
         <input_file_ref idref="fl-d7"/>
      </object_component>
      <object_component id="oc-83">
         <name>.debug_info</name>
         <load_address>0x91ff</load_address>
         <run_address>0x91ff</run_address>
         <size>0x293</size>
         <input_file_ref idref="fl-d8"/>
      </object_component>
      <object_component id="oc-14">
         <name>.debug_info</name>
         <load_address>0x9492</load_address>
         <run_address>0x9492</run_address>
         <size>0x245</size>
         <input_file_ref idref="fl-d8"/>
      </object_component>
      <object_component id="oc-31">
         <name>.debug_info</name>
         <load_address>0x96d7</load_address>
         <run_address>0x96d7</run_address>
         <size>0x60</size>
         <input_file_ref idref="fl-d8"/>
      </object_component>
      <object_component id="oc-c3">
         <name>.debug_info</name>
         <load_address>0x9737</load_address>
         <run_address>0x9737</run_address>
         <size>0x46</size>
         <input_file_ref idref="fl-d8"/>
      </object_component>
      <object_component id="oc-7e">
         <name>.debug_info</name>
         <load_address>0x977d</load_address>
         <run_address>0x977d</run_address>
         <size>0x39</size>
         <input_file_ref idref="fl-d8"/>
      </object_component>
      <object_component id="oc-22">
         <name>.debug_info</name>
         <load_address>0x97b6</load_address>
         <run_address>0x97b6</run_address>
         <size>0x100</size>
         <input_file_ref idref="fl-d9"/>
      </object_component>
      <object_component id="oc-5a">
         <name>.debug_info</name>
         <load_address>0x98b6</load_address>
         <run_address>0x98b6</run_address>
         <size>0x1a4</size>
         <input_file_ref idref="fl-d9"/>
      </object_component>
      <object_component id="oc-351">
         <name>.debug_info</name>
         <load_address>0x9a5a</load_address>
         <run_address>0x9a5a</run_address>
         <size>0x27e</size>
         <input_file_ref idref="fl-da"/>
      </object_component>
      <object_component id="oc-34e">
         <name>.debug_info</name>
         <load_address>0x9cd8</load_address>
         <run_address>0x9cd8</run_address>
         <size>0x103</size>
         <input_file_ref idref="fl-da"/>
      </object_component>
      <object_component id="oc-2b0">
         <name>.debug_info</name>
         <load_address>0x9ddb</load_address>
         <run_address>0x9ddb</run_address>
         <size>0x143</size>
         <input_file_ref idref="fl-da"/>
      </object_component>
      <object_component id="oc-e9">
         <name>.debug_info</name>
         <load_address>0x9f1e</load_address>
         <run_address>0x9f1e</run_address>
         <size>0x117</size>
         <input_file_ref idref="fl-db"/>
      </object_component>
      <object_component id="oc-6f">
         <name>.debug_info</name>
         <load_address>0xa035</load_address>
         <run_address>0xa035</run_address>
         <size>0x3bb</size>
         <input_file_ref idref="fl-dc"/>
      </object_component>
      <object_component id="oc-25">
         <name>.debug_info</name>
         <load_address>0xa3f0</load_address>
         <run_address>0xa3f0</run_address>
         <size>0x101</size>
         <input_file_ref idref="fl-dc"/>
      </object_component>
      <object_component id="oc-21f">
         <name>.debug_info</name>
         <load_address>0xa4f1</load_address>
         <run_address>0xa4f1</run_address>
         <size>0x14c</size>
         <input_file_ref idref="fl-dc"/>
      </object_component>
      <object_component id="oc-20f">
         <name>.debug_info</name>
         <load_address>0xa63d</load_address>
         <run_address>0xa63d</run_address>
         <size>0x139</size>
         <input_file_ref idref="fl-dc"/>
      </object_component>
      <object_component id="oc-215">
         <name>.debug_info</name>
         <load_address>0xa776</load_address>
         <run_address>0xa776</run_address>
         <size>0x174</size>
         <input_file_ref idref="fl-dc"/>
      </object_component>
      <object_component id="oc-21b">
         <name>.debug_info</name>
         <load_address>0xa8ea</load_address>
         <run_address>0xa8ea</run_address>
         <size>0x172</size>
         <input_file_ref idref="fl-dc"/>
      </object_component>
      <object_component id="oc-208">
         <name>.debug_info</name>
         <load_address>0xaa5c</load_address>
         <run_address>0xaa5c</run_address>
         <size>0x1db</size>
         <input_file_ref idref="fl-dc"/>
      </object_component>
      <object_component id="oc-15f">
         <name>.debug_info</name>
         <load_address>0xac37</load_address>
         <run_address>0xac37</run_address>
         <size>0x1e6</size>
         <input_file_ref idref="fl-dc"/>
      </object_component>
      <object_component id="oc-15a">
         <name>.debug_info</name>
         <load_address>0xae1d</load_address>
         <run_address>0xae1d</run_address>
         <size>0x1b1</size>
         <input_file_ref idref="fl-dc"/>
      </object_component>
      <object_component id="oc-b3">
         <name>.debug_info</name>
         <load_address>0xafce</load_address>
         <run_address>0xafce</run_address>
         <size>0x2c</size>
         <input_file_ref idref="fl-dc"/>
      </object_component>
      <object_component id="oc-b8">
         <name>.debug_info</name>
         <load_address>0xaffa</load_address>
         <run_address>0xaffa</run_address>
         <size>0x62</size>
         <input_file_ref idref="fl-dc"/>
      </object_component>
      <object_component id="oc-267">
         <name>.debug_info</name>
         <load_address>0xb05c</load_address>
         <run_address>0xb05c</run_address>
         <size>0x2be</size>
         <input_file_ref idref="fl-dd"/>
      </object_component>
      <object_component id="oc-1b9">
         <name>.debug_info</name>
         <load_address>0xb31a</load_address>
         <run_address>0xb31a</run_address>
         <size>0x113</size>
         <input_file_ref idref="fl-dd"/>
      </object_component>
      <object_component id="oc-261">
         <name>.debug_info</name>
         <load_address>0xb42d</load_address>
         <run_address>0xb42d</run_address>
         <size>0x123</size>
         <input_file_ref idref="fl-dd"/>
      </object_component>
      <object_component id="oc-1f9">
         <name>.debug_info</name>
         <load_address>0xb550</load_address>
         <run_address>0xb550</run_address>
         <size>0x27f</size>
         <input_file_ref idref="fl-df"/>
      </object_component>
      <object_component id="oc-13b">
         <name>.debug_info</name>
         <load_address>0xb7cf</load_address>
         <run_address>0xb7cf</run_address>
         <size>0x258</size>
         <input_file_ref idref="fl-df"/>
      </object_component>
      <object_component id="oc-1fb">
         <name>.debug_info</name>
         <load_address>0xba27</load_address>
         <run_address>0xba27</run_address>
         <size>0x299</size>
         <input_file_ref idref="fl-e0"/>
      </object_component>
      <object_component id="oc-141">
         <name>.debug_info</name>
         <load_address>0xbcc0</load_address>
         <run_address>0xbcc0</run_address>
         <size>0x231</size>
         <input_file_ref idref="fl-e0"/>
      </object_component>
      <object_component id="oc-1fd">
         <name>.debug_info</name>
         <load_address>0xbef1</load_address>
         <run_address>0xbef1</run_address>
         <size>0x284</size>
         <input_file_ref idref="fl-e1"/>
      </object_component>
      <object_component id="oc-14a">
         <name>.debug_info</name>
         <load_address>0xc175</load_address>
         <run_address>0xc175</run_address>
         <size>0x22a</size>
         <input_file_ref idref="fl-e1"/>
      </object_component>
      <object_component id="oc-1ed">
         <name>.debug_info</name>
         <load_address>0xc39f</load_address>
         <run_address>0xc39f</run_address>
         <size>0x335</size>
         <input_file_ref idref="fl-e2"/>
      </object_component>
      <object_component id="oc-135">
         <name>.debug_info</name>
         <load_address>0xc6d4</load_address>
         <run_address>0xc6d4</run_address>
         <size>0x1fd</size>
         <input_file_ref idref="fl-e2"/>
      </object_component>
      <object_component id="oc-1e1">
         <name>.debug_info</name>
         <load_address>0xc8d1</load_address>
         <run_address>0xc8d1</run_address>
         <size>0x1bb</size>
         <input_file_ref idref="fl-e2"/>
      </object_component>
      <object_component id="oc-1e7">
         <name>.debug_info</name>
         <load_address>0xca8c</load_address>
         <run_address>0xca8c</run_address>
         <size>0x16e</size>
         <input_file_ref idref="fl-e2"/>
      </object_component>
      <object_component id="oc-1ee">
         <name>.debug_info</name>
         <load_address>0xcbfa</load_address>
         <run_address>0xcbfa</run_address>
         <size>0x2c</size>
         <input_file_ref idref="fl-e2"/>
      </object_component>
      <object_component id="oc-1f3">
         <name>.debug_info</name>
         <load_address>0xcc26</load_address>
         <run_address>0xcc26</run_address>
         <size>0x69</size>
         <input_file_ref idref="fl-e2"/>
      </object_component>
      <object_component id="oc-368">
         <name>.debug_info</name>
         <load_address>0xcc8f</load_address>
         <run_address>0xcc8f</run_address>
         <size>0x39f</size>
         <input_file_ref idref="fl-e3"/>
      </object_component>
      <object_component id="oc-365">
         <name>.debug_info</name>
         <load_address>0xd02e</load_address>
         <run_address>0xd02e</run_address>
         <size>0x12f</size>
         <input_file_ref idref="fl-e3"/>
      </object_component>
      <object_component id="oc-2d9">
         <name>.debug_info</name>
         <load_address>0xd15d</load_address>
         <run_address>0xd15d</run_address>
         <size>0x724</size>
         <input_file_ref idref="fl-e3"/>
      </object_component>
      <object_component id="oc-373">
         <name>.debug_info</name>
         <load_address>0xd881</load_address>
         <run_address>0xd881</run_address>
         <size>0x295</size>
         <input_file_ref idref="fl-e4"/>
      </object_component>
      <object_component id="oc-370">
         <name>.debug_info</name>
         <load_address>0xdb16</load_address>
         <run_address>0xdb16</run_address>
         <size>0xef</size>
         <input_file_ref idref="fl-e4"/>
      </object_component>
      <object_component id="oc-2de">
         <name>.debug_info</name>
         <load_address>0xdc05</load_address>
         <run_address>0xdc05</run_address>
         <size>0x5c4</size>
         <input_file_ref idref="fl-e4"/>
      </object_component>
      <object_component id="oc-3ad">
         <name>.debug_info</name>
         <load_address>0xe1c9</load_address>
         <run_address>0xe1c9</run_address>
         <size>0x284</size>
         <input_file_ref idref="fl-e5"/>
      </object_component>
      <object_component id="oc-35f">
         <name>.debug_info</name>
         <load_address>0xe44d</load_address>
         <run_address>0xe44d</run_address>
         <size>0x21f</size>
         <input_file_ref idref="fl-e5"/>
      </object_component>
      <object_component id="oc-96">
         <name>.debug_info</name>
         <load_address>0xe66c</load_address>
         <run_address>0xe66c</run_address>
         <size>0x13f</size>
         <input_file_ref idref="fl-e6"/>
      </object_component>
      <object_component id="oc-1bf">
         <name>.debug_info</name>
         <load_address>0xe7ab</load_address>
         <run_address>0xe7ab</run_address>
         <size>0x547</size>
         <input_file_ref idref="fl-e7"/>
      </object_component>
      <object_component id="oc-f4">
         <name>.debug_info</name>
         <load_address>0xecf2</load_address>
         <run_address>0xecf2</run_address>
         <size>0x19b</size>
         <input_file_ref idref="fl-e7"/>
      </object_component>
      <object_component id="oc-26d">
         <name>.debug_info</name>
         <load_address>0xee8d</load_address>
         <run_address>0xee8d</run_address>
         <size>0x39</size>
         <input_file_ref idref="fl-e7"/>
      </object_component>
      <object_component id="oc-2f9">
         <name>.debug_info</name>
         <load_address>0xeec6</load_address>
         <run_address>0xeec6</run_address>
         <size>0x39</size>
         <input_file_ref idref="fl-e7"/>
      </object_component>
      <object_component id="oc-272">
         <name>.debug_info</name>
         <load_address>0xeeff</load_address>
         <run_address>0xeeff</run_address>
         <size>0x39</size>
         <input_file_ref idref="fl-e7"/>
      </object_component>
      <object_component id="oc-277">
         <name>.debug_info</name>
         <load_address>0xef38</load_address>
         <run_address>0xef38</run_address>
         <size>0xcd</size>
         <input_file_ref idref="fl-e7"/>
      </object_component>
      <object_component id="oc-9a">
         <name>.debug_info</name>
         <load_address>0xf005</load_address>
         <run_address>0xf005</run_address>
         <size>0x148</size>
         <input_file_ref idref="fl-e8"/>
      </object_component>
      <object_component id="oc-2b5">
         <name>.debug_info</name>
         <load_address>0xf14d</load_address>
         <run_address>0xf14d</run_address>
         <size>0x8a6</size>
         <input_file_ref idref="fl-ea"/>
      </object_component>
      <object_component id="oc-288">
         <name>.debug_info</name>
         <load_address>0xf9f3</load_address>
         <run_address>0xf9f3</run_address>
         <size>0x213</size>
         <input_file_ref idref="fl-ea"/>
      </object_component>
      <object_component id="oc-31a">
         <name>.debug_info</name>
         <load_address>0xfc06</load_address>
         <run_address>0xfc06</run_address>
         <size>0x1a8</size>
         <input_file_ref idref="fl-ea"/>
      </object_component>
      <object_component id="oc-320">
         <name>.debug_info</name>
         <load_address>0xfdae</load_address>
         <run_address>0xfdae</run_address>
         <size>0x210</size>
         <input_file_ref idref="fl-ea"/>
      </object_component>
      <object_component id="oc-28e">
         <name>.debug_info</name>
         <load_address>0xffbe</load_address>
         <run_address>0xffbe</run_address>
         <size>0x3b0</size>
         <input_file_ref idref="fl-ea"/>
      </object_component>
      <object_component id="oc-327">
         <name>.debug_info</name>
         <load_address>0x1036e</load_address>
         <run_address>0x1036e</run_address>
         <size>0x2fa</size>
         <input_file_ref idref="fl-ea"/>
      </object_component>
      <object_component id="oc-32d">
         <name>.debug_info</name>
         <load_address>0x10668</load_address>
         <run_address>0x10668</run_address>
         <size>0x20a</size>
         <input_file_ref idref="fl-ea"/>
      </object_component>
      <object_component id="oc-294">
         <name>.debug_info</name>
         <load_address>0x10872</load_address>
         <run_address>0x10872</run_address>
         <size>0x20a</size>
         <input_file_ref idref="fl-ea"/>
      </object_component>
      <object_component id="oc-29a">
         <name>.debug_info</name>
         <load_address>0x10a7c</load_address>
         <run_address>0x10a7c</run_address>
         <size>0x2f9</size>
         <input_file_ref idref="fl-ea"/>
      </object_component>
      <object_component id="oc-2a0">
         <name>.debug_info</name>
         <load_address>0x10d75</load_address>
         <run_address>0x10d75</run_address>
         <size>0x4a5</size>
         <input_file_ref idref="fl-ea"/>
      </object_component>
      <object_component id="oc-1de">
         <name>.debug_info</name>
         <load_address>0x1121a</load_address>
         <run_address>0x1121a</run_address>
         <size>0x5cd</size>
         <input_file_ref idref="fl-ea"/>
      </object_component>
      <object_component id="oc-2b6">
         <name>.debug_info</name>
         <load_address>0x117e7</load_address>
         <run_address>0x117e7</run_address>
         <size>0x86</size>
         <input_file_ref idref="fl-ea"/>
      </object_component>
      <object_component id="oc-354">
         <name>.debug_info</name>
         <load_address>0x1186d</load_address>
         <run_address>0x1186d</run_address>
         <size>0x39</size>
         <input_file_ref idref="fl-ea"/>
      </object_component>
      <object_component id="oc-3a7">
         <name>.debug_info</name>
         <load_address>0x118a6</load_address>
         <run_address>0x118a6</run_address>
         <size>0xb6</size>
         <input_file_ref idref="fl-ea"/>
      </object_component>
      <object_component id="oc-359">
         <name>.debug_info</name>
         <load_address>0x1195c</load_address>
         <run_address>0x1195c</run_address>
         <size>0x46</size>
         <input_file_ref idref="fl-ea"/>
      </object_component>
      <object_component id="oc-2bb">
         <name>.debug_info</name>
         <load_address>0x119a2</load_address>
         <run_address>0x119a2</run_address>
         <size>0x46</size>
         <input_file_ref idref="fl-ea"/>
      </object_component>
      <object_component id="oc-309">
         <name>.debug_info</name>
         <load_address>0x119e8</load_address>
         <run_address>0x119e8</run_address>
         <size>0x2ae</size>
         <input_file_ref idref="fl-eb"/>
      </object_component>
      <object_component id="oc-27f">
         <name>.debug_info</name>
         <load_address>0x11c96</load_address>
         <run_address>0x11c96</run_address>
         <size>0x171</size>
         <input_file_ref idref="fl-eb"/>
      </object_component>
      <object_component id="oc-37f">
         <name>.debug_info</name>
         <load_address>0x11e07</load_address>
         <run_address>0x11e07</run_address>
         <size>0xee</size>
         <input_file_ref idref="fl-ec"/>
      </object_component>
      <object_component id="oc-306">
         <name>.debug_info</name>
         <load_address>0x11ef5</load_address>
         <run_address>0x11ef5</run_address>
         <size>0xfa</size>
         <input_file_ref idref="fl-ec"/>
      </object_component>
      <object_component id="oc-389">
         <name>.debug_info</name>
         <load_address>0x11fef</load_address>
         <run_address>0x11fef</run_address>
         <size>0x290</size>
         <input_file_ref idref="fl-ed"/>
      </object_component>
      <object_component id="oc-314">
         <name>.debug_info</name>
         <load_address>0x1227f</load_address>
         <run_address>0x1227f</run_address>
         <size>0x1c2</size>
         <input_file_ref idref="fl-ed"/>
      </object_component>
      <object_component id="oc-345">
         <name>.debug_info</name>
         <load_address>0x12441</load_address>
         <run_address>0x12441</run_address>
         <size>0x28b</size>
         <input_file_ref idref="fl-ee"/>
      </object_component>
      <object_component id="oc-2a4">
         <name>.debug_info</name>
         <load_address>0x126cc</load_address>
         <run_address>0x126cc</run_address>
         <size>0x1ab</size>
         <input_file_ref idref="fl-ee"/>
      </object_component>
      <object_component id="oc-399">
         <name>.debug_info</name>
         <load_address>0x12877</load_address>
         <run_address>0x12877</run_address>
         <size>0x28f</size>
         <input_file_ref idref="fl-ef"/>
      </object_component>
      <object_component id="oc-341">
         <name>.debug_info</name>
         <load_address>0x12b06</load_address>
         <run_address>0x12b06</run_address>
         <size>0x247</size>
         <input_file_ref idref="fl-ef"/>
      </object_component>
      <object_component id="oc-38f">
         <name>.debug_info</name>
         <load_address>0x12d4d</load_address>
         <run_address>0x12d4d</run_address>
         <size>0x28f</size>
         <input_file_ref idref="fl-f0"/>
      </object_component>
      <object_component id="oc-332">
         <name>.debug_info</name>
         <load_address>0x12fdc</load_address>
         <run_address>0x12fdc</run_address>
         <size>0x18a</size>
         <input_file_ref idref="fl-f0"/>
      </object_component>
      <object_component id="oc-34c">
         <name>.debug_info</name>
         <load_address>0x13166</load_address>
         <run_address>0x13166</run_address>
         <size>0x284</size>
         <input_file_ref idref="fl-f1"/>
      </object_component>
      <object_component id="oc-2ab">
         <name>.debug_info</name>
         <load_address>0x133ea</load_address>
         <run_address>0x133ea</run_address>
         <size>0x14f</size>
         <input_file_ref idref="fl-f1"/>
      </object_component>
      <object_component id="oc-39c">
         <name>.debug_info</name>
         <load_address>0x13539</load_address>
         <run_address>0x13539</run_address>
         <size>0x46</size>
         <input_file_ref idref="fl-f1"/>
      </object_component>
      <object_component id="oc-347">
         <name>.debug_info</name>
         <load_address>0x1357f</load_address>
         <run_address>0x1357f</run_address>
         <size>0x39</size>
         <input_file_ref idref="fl-f1"/>
      </object_component>
      <object_component id="oc-30c">
         <name>.debug_info</name>
         <load_address>0x135b8</load_address>
         <run_address>0x135b8</run_address>
         <size>0x12c</size>
         <input_file_ref idref="fl-f2"/>
      </object_component>
      <object_component id="oc-385">
         <name>.debug_info</name>
         <load_address>0x136e4</load_address>
         <run_address>0x136e4</run_address>
         <size>0x10d</size>
         <input_file_ref idref="fl-f3"/>
      </object_component>
      <object_component id="oc-22b">
         <name>.debug_info</name>
         <load_address>0x137f1</load_address>
         <run_address>0x137f1</run_address>
         <size>0x20e</size>
         <input_file_ref idref="fl-f4"/>
      </object_component>
      <object_component id="oc-223">
         <name>.debug_info</name>
         <load_address>0x139ff</load_address>
         <run_address>0x139ff</run_address>
         <size>0x157</size>
         <input_file_ref idref="fl-f4"/>
      </object_component>
      <object_component id="oc-16d">
         <name>.debug_info</name>
         <load_address>0x13b56</load_address>
         <run_address>0x13b56</run_address>
         <size>0x2c1</size>
         <input_file_ref idref="fl-f4"/>
      </object_component>
      <object_component id="oc-173">
         <name>.debug_info</name>
         <load_address>0x13e17</load_address>
         <run_address>0x13e17</run_address>
         <size>0x23e</size>
         <input_file_ref idref="fl-f4"/>
      </object_component>
      <object_component id="oc-233">
         <name>.debug_info</name>
         <load_address>0x14055</load_address>
         <run_address>0x14055</run_address>
         <size>0x8b</size>
         <input_file_ref idref="fl-f4"/>
      </object_component>
      <object_component id="oc-226">
         <name>.debug_info</name>
         <load_address>0x140e0</load_address>
         <run_address>0x140e0</run_address>
         <size>0x18b</size>
         <input_file_ref idref="fl-f4"/>
      </object_component>
      <object_component id="oc-22d">
         <name>.debug_info</name>
         <load_address>0x1426b</load_address>
         <run_address>0x1426b</run_address>
         <size>0x212</size>
         <input_file_ref idref="fl-f5"/>
      </object_component>
      <object_component id="oc-3f7">
         <name>.debug_info</name>
         <load_address>0x1447d</load_address>
         <run_address>0x1447d</run_address>
         <size>0xa3</size>
      </object_component>
      <object_component id="oc-126">
         <name>.debug_line</name>
         <load_address>0x0</load_address>
         <run_address>0x0</run_address>
         <size>0x20</size>
         <input_file_ref idref="fl-2"/>
      </object_component>
      <object_component id="oc-77">
         <name>.debug_line</name>
         <load_address>0x20</load_address>
         <run_address>0x20</run_address>
         <size>0x69</size>
         <input_file_ref idref="fl-2"/>
      </object_component>
      <object_component id="oc-39">
         <name>.debug_line</name>
         <load_address>0x89</load_address>
         <run_address>0x89</run_address>
         <size>0x20</size>
         <input_file_ref idref="fl-2"/>
      </object_component>
      <object_component id="oc-c0">
         <name>.debug_line</name>
         <load_address>0xa9</load_address>
         <run_address>0xa9</run_address>
         <size>0x6d</size>
         <input_file_ref idref="fl-2"/>
      </object_component>
      <object_component id="oc-7c">
         <name>.debug_line</name>
         <load_address>0x116</load_address>
         <run_address>0x116</run_address>
         <size>0x6a</size>
         <input_file_ref idref="fl-2"/>
      </object_component>
      <object_component id="oc-2ee">
         <name>.debug_line</name>
         <load_address>0x180</load_address>
         <run_address>0x180</run_address>
         <size>0x7d</size>
         <input_file_ref idref="fl-3"/>
      </object_component>
      <object_component id="oc-1a3">
         <name>.debug_line</name>
         <load_address>0x1fd</load_address>
         <run_address>0x1fd</run_address>
         <size>0x190</size>
         <input_file_ref idref="fl-3"/>
      </object_component>
      <object_component id="oc-203">
         <name>.debug_line</name>
         <load_address>0x38d</load_address>
         <run_address>0x38d</run_address>
         <size>0x64</size>
         <input_file_ref idref="fl-3"/>
      </object_component>
      <object_component id="oc-154">
         <name>.debug_line</name>
         <load_address>0x3f1</load_address>
         <run_address>0x3f1</run_address>
         <size>0x65</size>
         <input_file_ref idref="fl-3"/>
      </object_component>
      <object_component id="oc-2f2">
         <name>.debug_line</name>
         <load_address>0x456</load_address>
         <run_address>0x456</run_address>
         <size>0x31</size>
         <input_file_ref idref="fl-3"/>
      </object_component>
      <object_component id="oc-1ff">
         <name>.debug_line</name>
         <load_address>0x487</load_address>
         <run_address>0x487</run_address>
         <size>0xb7</size>
         <input_file_ref idref="fl-5"/>
      </object_component>
      <object_component id="oc-12e">
         <name>.debug_line</name>
         <load_address>0x53e</load_address>
         <run_address>0x53e</run_address>
         <size>0x45</size>
         <input_file_ref idref="fl-5"/>
      </object_component>
      <object_component id="oc-d5">
         <name>.debug_line</name>
         <load_address>0x583</load_address>
         <run_address>0x583</run_address>
         <size>0x1f3</size>
         <input_file_ref idref="fl-5"/>
      </object_component>
      <object_component id="oc-1ae">
         <name>.debug_line</name>
         <load_address>0x776</load_address>
         <run_address>0x776</run_address>
         <size>0x50</size>
         <input_file_ref idref="fl-6"/>
      </object_component>
      <object_component id="oc-a4">
         <name>.debug_line</name>
         <load_address>0x7c6</load_address>
         <run_address>0x7c6</run_address>
         <size>0x4e</size>
         <input_file_ref idref="fl-6"/>
      </object_component>
[...]
      <symbol id="sm-cc">
         <name>lcd_printf</name>
         <value>0x2eb3</value>
         <object_component_ref idref="oc-d3"/>
      </symbol>
      <symbol id="sm-cd">
         <name>lcd_setCursorPos</name>
         <value>0x2e75</value>
         <object_component_ref idref="oc-d3"/>
      </symbol>
      <symbol id="sm-ce">
         <name>lcd_init</name>
         <value>0x2cb5</value>
         <object_component_ref idref="oc-d3"/>
      </symbol>
      <symbol id="sm-cf">
         <name>lcd_puts</name>
         <value>0x2dad</value>
         <object_component_ref idref="oc-d3"/>
      </symbol>
      <symbol id="sm-d0">
         <name>lcd_putc</name>
         <value>0x2d75</value>
         <object_component_ref idref="oc-d3"/>
      </symbol>
      <symbol id="sm-d1">
         <name>lcd_gotoLine</name>
         <value>0x2e4d</value>
         <object_component_ref idref="oc-d3"/>
      </symbol>
      <symbol id="sm-e4">
         <name>main</name>
         <value>0x4ec9</value>
         <object_component_ref idref="oc-9f"/>
      </symbol>
      <symbol id="sm-121">
         <name>move_forward</name>
         <value>0x28e9</value>
         <object_component_ref idref="oc-df"/>
      </symbol>
      <symbol id="sm-122">
         <name>check_for_tape</name>
         <value>0x2b1d</value>
         <object_component_ref idref="oc-df"/>
      </symbol>
      <symbol id="sm-123">
         <name>move_backward</name>
         <value>0x292b</value>
         <object_component_ref idref="oc-df"/>
      </symbol>
      <symbol id="sm-124">
         <name>turn_right</name>
         <value>0x2969</value>
         <object_component_ref idref="oc-df"/>
      </symbol>
      <symbol id="sm-125">
         <name>turn_left</name>
         <value>0x29df</value>
         <object_component_ref idref="oc-df"/>
      </symbol>
      <symbol id="sm-126">
         <name>userMovement</name>
         <value>0x2a55</value>
         <object_component_ref idref="oc-df"/>
      </symbol>
      <symbol id="sm-127">
         <name>collision</name>
         <value>0x2b5d</value>
         <object_component_ref idref="oc-df"/>
      </symbol>
      <symbol id="sm-1d3">
         <name>go_charge</name>
         <value>0x92f</value>
         <object_component_ref idref="oc-d9"/>
      </symbol>
      <symbol id="sm-1d4">
         <name>GPIOF_Handler</name>
         <value>0xb73</value>
         <object_component_ref idref="oc-d9"/>
      </symbol>
      <symbol id="sm-1d5">
         <name>getDegrees</name>
         <value>0xb9d</value>
         <object_component_ref idref="oc-d9"/>
      </symbol>
      <symbol id="sm-1d6">
         <name>oi_free</name>
         <value>0x279</value>
         <object_component_ref idref="oc-d9"/>
      </symbol>
      <symbol id="sm-1d7">
         <name>oi_uartReceive</name>
         <value>0x9e1</value>
         <object_component_ref idref="oc-d9"/>
      </symbol>
      <symbol id="sm-1d8">
         <name>oi_setWheels</name>
         <value>0x883</value>
         <object_component_ref idref="oc-d9"/>
      </symbol>
      <symbol id="sm-1d9">
         <name>oi_shutoff_init</name>
         <value>0xb01</value>
         <object_component_ref idref="oc-d9"/>
      </symbol>
      <symbol id="sm-1da">
         <name>oi_parseInt</name>
         <value>0x4efb</value>
         <object_component_ref idref="oc-162"/>
      </symbol>
      <symbol id="sm-1db">
         <name>oi_uartSendStr</name>
         <value>0xa09</value>
         <object_component_ref idref="oc-d9"/>
      </symbol>
      <symbol id="sm-1dc">
         <name>oi_close</name>
         <value>0x2c3</value>
         <object_component_ref idref="oc-d9"/>
      </symbol>
      <symbol id="sm-1dd">
         <name>oi_uartSendBuff</name>
         <value>0xa27</value>
         <object_component_ref idref="oc-d9"/>
      </symbol>
      <symbol id="sm-1de">
         <name>oi_checkFirmware</name>
         <value>0xa59</value>
         <object_component_ref idref="oc-d9"/>
      </symbol>
      <symbol id="sm-1df">
         <name>oi_init_noupdate</name>
         <value>0x289</value>
         <object_component_ref idref="oc-d9"/>
      </symbol>
      <symbol id="sm-1e0">
         <name>oi_uartSendChar</name>
         <value>0x9c5</value>
         <object_component_ref idref="oc-d9"/>
      </symbol>
      <symbol id="sm-1e1">
         <name>oi_alloc</name>
         <value>0x26d</value>
         <object_component_ref idref="oc-d9"/>
      </symbol>
      <symbol id="sm-1e2">
         <name>oi_loadSong</name>
         <value>0x8c5</value>
         <object_component_ref idref="oc-d9"/>
      </symbol>
      <symbol id="sm-1e3">
         <name>oi_play_song</name>
         <value>0x91b</value>
         <object_component_ref idref="oc-d9"/>
      </symbol>
      <symbol id="sm-1e4">
         <name>oi_parsePacket</name>
         <value>0x327</value>
         <object_component_ref idref="oc-d9"/>
      </symbol>
      <symbol id="sm-1e5">
         <name>oi_setLeds</name>
         <value>0x83f</value>
         <object_component_ref idref="oc-d9"/>
      </symbol>
      <symbol id="sm-1e6">
         <name>oi_init</name>
         <value>0x2ad</value>
         <object_component_ref idref="oc-d9"/>
      </symbol>
      <symbol id="sm-1e7">
         <name>oi_update</name>
         <value>0x2d5</value>
         <object_component_ref idref="oc-d9"/>
      </symbol>
      <symbol id="sm-1e8">
         <name>oi_uartInit</name>
         <value>0x93d</value>
         <object_component_ref idref="oc-d9"/>
      </symbol>
      <symbol id="sm-218">
         <name>servo_move</name>
         <value>0x383f</value>
         <object_component_ref idref="oc-24e"/>
      </symbol>
      <symbol id="sm-219">
         <name>movement_direction</name>
         <value>0x20002304</value>
         <object_component_ref idref="oc-254"/>
      </symbol>
      <symbol id="sm-21a">
         <name>servo_init</name>
         <value>0x37ad</value>
         <object_component_ref idref="oc-24e"/>
      </symbol>
      <symbol id="sm-21b">
         <name>servo_position</name>
         <value>0x20002300</value>
         <object_component_ref idref="oc-254"/>
      </symbol>
      <symbol id="sm-23c">
         <name>timer_startClock</name>
         <value>0x3d6d</value>
         <object_component_ref idref="oc-127"/>
      </symbol>
      <symbol id="sm-23d">
         <name>timer_stopClock</name>
         <value>0x3dbf</value>
         <object_component_ref idref="oc-127"/>
      </symbol>
      <symbol id="sm-23e">
         <name>timer_getClock</name>
         <value>0x3db9</value>
         <object_component_ref idref="oc-127"/>
      </symbol>
      <symbol id="sm-23f">
         <name>timer_stopTimer</name>
         <value>0x3d57</value>
         <object_component_ref idref="oc-127"/>
      </symbol>
      <symbol id="sm-240">
         <name>timer_startTimer</name>
         <value>0x3d07</value>
         <object_component_ref idref="oc-127"/>
      </symbol>
      <symbol id="sm-241">
         <name>timer_waitMillis</name>
         <value>0x3ca9</value>
         <object_component_ref idref="oc-127"/>
      </symbol>
      <symbol id="sm-242">
         <name>timer_waitMicros</name>
         <value>0x3cdd</value>
         <object_component_ref idref="oc-127"/>
      </symbol>
      <symbol id="sm-25e">
         <name>ResetISR</name>
         <value>0x4fdb</value>
         <object_component_ref idref="oc-27"/>
      </symbol>
      <symbol id="sm-25f">
         <name>g_pfnVectors</name>
         <value>0x0</value>
         <object_component_ref idref="oc-f"/>
      </symbol>
      <symbol id="sm-287">
         <name>uart_sendChar</name>
         <value>0x3bf5</value>
         <object_component_ref idref="oc-1a5"/>
      </symbol>
      <symbol id="sm-288">
         <name>UART1_handler</name>
         <value>0x3bf3</value>
         <object_component_ref idref="oc-1a5"/>
      </symbol>
      <symbol id="sm-289">
         <name>uart_init</name>
         <value>0x3b35</value>
         <object_component_ref idref="oc-1a5"/>
      </symbol>
      <symbol id="sm-28a">
         <name>uart_receive</name>
         <value>0x3c39</value>
         <object_component_ref idref="oc-1a5"/>
      </symbol>
      <symbol id="sm-28b">
         <name>uart_sendString</name>
         <value>0x3c11</value>
         <object_component_ref idref="oc-1a5"/>
      </symbol>
      <symbol id="sm-2be">
         <name>scalbn</name>
         <value>0x4195</value>
         <object_component_ref idref="oc-337"/>
      </symbol>
      <symbol id="sm-2bf">
         <name>scalbnl</name>
         <value>0x4195</value>
         <object_component_ref idref="oc-337"/>
      </symbol>
      <symbol id="sm-2c0">
         <name>ldexpl</name>
         <value>0x4195</value>
         <object_component_ref idref="oc-337"/>
      </symbol>
      <symbol id="sm-2c1">
         <name>ldexp</name>
         <value>0x4195</value>
         <object_component_ref idref="oc-337"/>
      </symbol>
      <symbol id="sm-311">
         <name>tanl</name>
         <value>0x23e1</value>
         <object_component_ref idref="oc-248"/>
      </symbol>
      <symbol id="sm-312">
         <name>tan</name>
         <value>0x23e1</value>
         <object_component_ref idref="oc-248"/>
      </symbol>
      <symbol id="sm-31c">
         <name>copysign</name>
         <value>0x4f41</value>
         <object_component_ref idref="oc-390"/>
      </symbol>
      <symbol id="sm-31d">
         <name>copysignl</name>
         <value>0x4f41</value>
         <object_component_ref idref="oc-390"/>
      </symbol>
      <symbol id="sm-334">
         <name>__aeabi_dsub</name>
         <value>0x397d</value>
         <object_component_ref idref="oc-190"/>
      </symbol>
      <symbol id="sm-335">
         <name>__aeabi_dadd</name>
         <value>0x3987</value>
         <object_component_ref idref="oc-190"/>
      </symbol>
      <symbol id="sm-357">
         <name>__aeabi_cdcmpeq</name>
         <value>0x4755</value>
         <object_component_ref idref="oc-19a"/>
      </symbol>
      <symbol id="sm-358">
         <name>__aeabi_cdcmple</name>
         <value>0x4755</value>
         <object_component_ref idref="oc-19a"/>
      </symbol>
      <symbol id="sm-359">
         <name>__aeabi_cdrcmple</name>
         <value>0x47db</value>
         <object_component_ref idref="oc-195"/>
      </symbol>
      <symbol id="sm-36d">
         <name>__aeabi_ddiv</name>
         <value>0x3f3d</value>
         <object_component_ref idref="oc-184"/>
      </symbol>
      <symbol id="sm-378">
         <name>__aeabi_dmul</name>
         <value>0x42a5</value>
         <object_component_ref idref="oc-17a"/>
      </symbol>
      <symbol id="sm-382">
         <name>__aeabi_d2iz</name>
         <value>0x4bd9</value>
         <object_component_ref idref="oc-17f"/>
      </symbol>
      <symbol id="sm-38d">
         <name>__aeabi_f2d</name>
         <value>0x4d91</value>
         <object_component_ref idref="oc-243"/>
      </symbol>
      <symbol id="sm-397">
         <name>__aeabi_i2d</name>
         <value>0x4e2d</value>
         <object_component_ref idref="oc-175"/>
      </symbol>
      <symbol id="sm-3b2">
         <name>memcpy</name>
         <value>0x4623</value>
         <object_component_ref idref="oc-3b"/>
      </symbol>
      <symbol id="sm-3b3">
         <name>__aeabi_memcpy</name>
         <value>0x4623</value>
         <object_component_ref idref="oc-3b"/>
      </symbol>
      <symbol id="sm-3b4">
         <name>__aeabi_memcpy8</name>
         <value>0x4623</value>
         <object_component_ref idref="oc-3b"/>
      </symbol>
      <symbol id="sm-3b5">
         <name>__aeabi_memcpy4</name>
         <value>0x4623</value>
         <object_component_ref idref="oc-3b"/>
      </symbol>
      <symbol id="sm-3cf">
         <name>__TI_zero_init_nomemset</name>
         <value>0x4f7d</value>
         <object_component_ref idref="oc-47"/>
      </symbol>
      <symbol id="sm-3e6">
         <name>__TI_decompress_none</name>
         <value>0x4fc1</value>
         <object_component_ref idref="oc-18"/>
      </symbol>
      <symbol id="sm-409">
         <name>__TI_decompress_lzss</name>
         <value>0x49c3</value>
         <object_component_ref idref="oc-12"/>
      </symbol>
      <symbol id="sm-41c">
         <name>__stack</name>
         <value>0x20000270</value>
         <object_component_ref idref="oc-21"/>
      </symbol>
      <symbol id="sm-41d">
         <name>_c_int00_noargs</name>
         <value>0x4d21</value>
         <object_component_ref idref="oc-59"/>
      </symbol>
      <symbol id="sm-433">
         <name>__aeabi_errno_addr</name>
         <value>0x4fe9</value>
         <object_component_ref idref="oc-2ae"/>
      </symbol>
      <symbol id="sm-434">
         <name>errno</name>
         <value>0x20002308</value>
         <object_component_ref idref="oc-34d"/>
      </symbol>
      <symbol id="sm-43f">
         <name>C$$EXIT</name>
         <value>0x4ff5</value>
         <object_component_ref idref="oc-e7"/>
      </symbol>
      <symbol id="sm-440">
         <name>abort</name>
         <value>0x4ff5</value>
         <object_component_ref idref="oc-e7"/>
      </symbol>
      <symbol id="sm-4c6">
         <name>_sys_memory</name>
         <value>0x20001270</value>
         <object_component_ref idref="oc-24"/>
      </symbol>
      <symbol id="sm-4c7">
         <name>free</name>
         <value>0x4499</value>
         <object_component_ref idref="oc-15c"/>
      </symbol>
      <symbol id="sm-4c8">
         <name>calloc</name>
         <value>0x4e5b</value>
         <object_component_ref idref="oc-156"/>
      </symbol>
      <symbol id="sm-4c9">
         <name>malloc</name>
         <value>0x48dd</value>
         <object_component_ref idref="oc-205"/>
      </symbol>
      <symbol id="sm-4ca">
         <name>minit</name>
         <value>0x4d59</value>
         <object_component_ref idref="oc-20c"/>
      </symbol>
      <symbol id="sm-4df">
         <name>_nop</name>
         <value>0x176b</value>
         <object_component_ref idref="oc-25f"/>
      </symbol>
      <symbol id="sm-4e0">
         <name>_lock</name>
         <value>0x200022f8</value>
         <object_component_ref idref="oc-1b8"/>
      </symbol>
      <symbol id="sm-4e1">
         <name>_unlock</name>
         <value>0x200022fc</value>
         <object_component_ref idref="oc-1b8"/>
      </symbol>
      <symbol id="sm-4f1">
         <name>strcmp</name>
         <value>0x4f13</value>
         <object_component_ref idref="oc-13a"/>
      </symbol>
      <symbol id="sm-4ff">
         <name>strcpy</name>
         <value>0x4f55</value>
         <object_component_ref idref="oc-140"/>
      </symbol>
      <symbol id="sm-50d">
         <name>strlen</name>
         <value>0x4f69</value>
         <object_component_ref idref="oc-146"/>
      </symbol>
      <symbol id="sm-53c">
         <name>vsnprintf</name>
         <value>0x4c65</value>
         <object_component_ref idref="oc-134"/>
      </symbol>
      <symbol id="sm-5a3">
         <name>__kernel_rem_pio2</name>
         <value>0x176d</value>
         <object_component_ref idref="oc-2d6"/>
      </symbol>
      <symbol id="sm-5c1">
         <name>__kernel_tan</name>
         <value>0x3055</value>
         <object_component_ref idref="oc-2dc"/>
      </symbol>
      <symbol id="sm-5de">
         <name>floorl</name>
         <value>0x43a1</value>
         <object_component_ref idref="oc-35e"/>
      </symbol>
      <symbol id="sm-5df">
         <name>floor</name>
         <value>0x43a1</value>
         <object_component_ref idref="oc-35e"/>
      </symbol>
      <symbol id="sm-5ee">
         <name>__aeabi_memset</name>
         <value>0x4863</value>
         <object_component_ref idref="oc-93"/>
      </symbol>
      <symbol id="sm-5ef">
         <name>memset</name>
         <value>0x4869</value>
         <object_component_ref idref="oc-93"/>
      </symbol>
      <symbol id="sm-5f0">
         <name>__aeabi_memset8</name>
         <value>0x4863</value>
         <object_component_ref idref="oc-93"/>
      </symbol>
      <symbol id="sm-5f1">
         <name>__aeabi_memset4</name>
         <value>0x4863</value>
         <object_component_ref idref="oc-93"/>
      </symbol>
      <symbol id="sm-5f2">
         <name>__aeabi_memclr8</name>
         <value>0x4861</value>
         <object_component_ref idref="oc-93"/>
      </symbol>
      <symbol id="sm-5f3">
         <name>__aeabi_memclr4</name>
         <value>0x4861</value>
         <object_component_ref idref="oc-93"/>
      </symbol>
      <symbol id="sm-5f4">
         <name>__aeabi_memclr</name>
         <value>0x4861</value>
         <object_component_ref idref="oc-93"/>
      </symbol>
      <symbol id="sm-61c">
         <name>__TI_auto_init_nobinit_nopinit</name>
         <value>0x4c21</value>
         <object_component_ref idref="oc-f3"/>
      </symbol>
      <symbol id="sm-626">
         <name>_system_pre_init</name>
         <value>0x4ff1</value>
         <object_component_ref idref="oc-99"/>
      </symbol>
      <symbol id="sm-78c">
         <name>__TI_printfi</name>
         <value>0xd0d</value>
         <object_component_ref idref="oc-1da"/>
      </symbol>
      <symbol id="sm-7a2">
         <name>atoi</name>
         <value>0x4b8d</value>
         <object_component_ref idref="oc-27e"/>
      </symbol>
      <symbol id="sm-7ad">
         <name>_ctypes_</name>
         <value>0x5150</value>
         <object_component_ref idref="oc-305"/>
      </symbol>
      <symbol id="sm-7bc">
         <name>ltoa</name>
         <value>0x4ae7</value>
         <object_component_ref idref="oc-310"/>
      </symbol>
      <symbol id="sm-7cc">
         <name>memccpy</name>
         <value>0x4ead</value>
         <object_component_ref idref="oc-2a2"/>
      </symbol>
      <symbol id="sm-7dc">
         <name>strchr</name>
         <value>0x4f2b</value>
         <object_component_ref idref="oc-33d"/>
      </symbol>
      <symbol id="sm-7f2">
         <name>frexpl</name>
         <value>0x4a2d</value>
         <object_component_ref idref="oc-331"/>
      </symbol>
      <symbol id="sm-7f3">
         <name>frexp</name>
         <value>0x4a2d</value>
         <object_component_ref idref="oc-331"/>
      </symbol>
      <symbol id="sm-80c">
         <name>wcslen</name>
         <value>0x4f8f</value>
         <object_component_ref idref="oc-2a8"/>
      </symbol>
      <symbol id="sm-819">
         <name>__aeabi_uldivmod</name>
         <value>0x46bf</value>
         <object_component_ref idref="oc-30a"/>
      </symbol>
      <symbol id="sm-823">
         <name>__aeabi_idiv0</name>
         <value>0x3b33</value>
         <object_component_ref idref="oc-382"/>
      </symbol>
      <symbol id="sm-824">
         <name>__aeabi_ldiv0</name>
         <value>0x3b33</value>
         <object_component_ref idref="oc-382"/>
      </symbol>
      <symbol id="sm-84e">
         <name>IntRegister</name>
         <value>0x4dc9</value>
         <object_component_ref idref="oc-169"/>
      </symbol>
      <symbol id="sm-84f">
         <name>g_pfnRAMVectors</name>
         <value>0x20000000</value>
         <object_component_ref idref="oc-222"/>
      </symbol>
      <symbol id="sm-850">
         <name>IntMasterEnable</name>
         <value>0x4fa1</value>
         <object_component_ref idref="oc-16f"/>
      </symbol>
      <symbol id="sm-85a">
         <name>CPUcpsie</name>
         <value>0x4fcf</value>
         <object_component_ref idref="oc-22c"/>
      </symbol>
      <symbol id="sm-85b">
         <name>__TI_static_base__</name>
         <value>0x0</value>
      </symbol>
      <symbol id="sm-85e">
         <name>__mpu_init</name>
         <value>0x0</value>
      </symbol>
      <symbol id="sm-85f">
         <name>_system_post_cinit</name>
         <value>0x0</value>
      </symbol>
   </symbol_table>
   <title>Link successful</title>
</link_info>
