<?xml version="1.0" encoding="ISO-8859-1" ?>
<link_info>
   <banner>TI ARM Linker PC v18.1.2.LTS</banner>
   <copyright>Copyright (c) 1996-2017 Texas Instruments Incorporated</copyright>
   <link_time>0x5cc5d92a</link_time>
   <link_errors>0x0</link_errors>
   <output_file>Project.out</output_file>
   <entry_point>
      <name>_c_int00_noargs</name>
      <address>0x78a9</address>
   </entry_point>
   <input_file_list>
      <input_file id="fl-2">
         <path>.\</path>
         <kind>object</kind>
         <file>adc.obj</file>
         <name>adc.obj</name>
      </input_file>
      <input_file id="fl-3">
         <path>.\</path>
         <kind>object</kind>
         <file>analysis.obj</file>
         <name>analysis.obj</name>
      </input_file>
      <input_file id="fl-4">
         <path>.\</path>
         <kind>object</kind>
         <file>button.obj</file>
         <name>button.obj</name>
      </input_file>
      <input_file id="fl-5">
         <path>.\</path>
         <kind>object</kind>
         <file>lcd.obj</file>
         <name>lcd.obj</name>
      </input_file>
      <input_file id="fl-6">
         <path>.\</path>
         <kind>object</kind>
         <file>main.obj</file>
         <name>main.obj</name>
      </input_file>
      <input_file id="fl-7">
         <path>.\</path>
         <kind>object</kind>
         <file>movement.obj</file>
         <name>movement.obj</name>
      </input_file>
      <input_file id="fl-8">
         <path>.\</path>
         <kind>object</kind>
         <file>music.obj</file>
         <name>music.obj</name>
      </input_file>
      <input_file id="fl-9">
         <path>.\</path>
         <kind>object</kind>
         <file>open_interface.obj</file>
         <name>open_interface.obj</name>
      </input_file>
      <input_file id="fl-a">
         <path>.\</path>
         <kind>object</kind>
         <file>ping.obj</file>
         <name>ping.obj</name>
      </input_file>
      <input_file id="fl-b">
         <path>.\</path>
         <kind>object</kind>
         <file>servo.obj</file>
         <name>servo.obj</name>
      </input_file>
      <input_file id="fl-c">
         <path>.\</path>
         <kind>object</kind>
         <file>timer.obj</file>
         <name>timer.obj</name>
      </input_file>
      <input_file id="fl-d">
         <path>.\</path>
         <kind>object</kind>
         <file>tm4c123gh6pm_startup_ccs.obj</file>
         <name>tm4c123gh6pm_startup_ccs.obj</name>
      </input_file>
      <input_file id="fl-e">
         <path>.\</path>
         <kind>object</kind>
         <file>uart.obj</file>
         <name>uart.obj</name>
      </input_file>
      <input_file id="fl-13">
         <kind>object</kind>
         <file>&lt;internal&gt;</file>
         <name>&lt;internal&gt;</name>
      </input_file>
      <input_file id="fl-c9">
         <path>C:\ti\ccsv8\tools\compiler\ti-cgt-arm_18.1.2.LTS\lib\</path>
         <kind>archive</kind>
         <file>rtsv7M4_T_le_v4SPD16_eabi.lib</file>
         <name>e_pow.c.obj</name>
      </input_file>
      <input_file id="fl-ca">
         <path>C:\ti\ccsv8\tools\compiler\ti-cgt-arm_18.1.2.LTS\lib\</path>
         <kind>archive</kind>
         <file>rtsv7M4_T_le_v4SPD16_eabi.lib</file>
         <name>e_sqrt.c.obj</name>
      </input_file>
      <input_file id="fl-cb">
         <path>C:\ti\ccsv8\tools\compiler\ti-cgt-arm_18.1.2.LTS\lib\</path>
         <kind>archive</kind>
         <file>rtsv7M4_T_le_v4SPD16_eabi.lib</file>
         <name>s_scalbn.c.obj</name>
      </input_file>
      <input_file id="fl-cc">
         <path>C:\ti\ccsv8\tools\compiler\ti-cgt-arm_18.1.2.LTS\lib\</path>
         <kind>archive</kind>
         <file>rtsv7M4_T_le_v4SPD16_eabi.lib</file>
         <name>s_tan.c.obj</name>
      </input_file>
      <input_file id="fl-cd">
         <path>C:\ti\ccsv8\tools\compiler\ti-cgt-arm_18.1.2.LTS\lib\</path>
         <kind>archive</kind>
         <file>rtsv7M4_T_le_v4SPD16_eabi.lib</file>
         <name>s_copysign.c.obj</name>
      </input_file>
      <input_file id="fl-ce">
         <path>C:\ti\ccsv8\tools\compiler\ti-cgt-arm_18.1.2.LTS\lib\</path>
         <kind>archive</kind>
         <file>rtsv7M4_T_le_v4SPD16_eabi.lib</file>
         <name>memset_t2.asm.obj</name>
      </input_file>
      <input_file id="fl-cf">
         <path>C:\ti\ccsv8\tools\compiler\ti-cgt-arm_18.1.2.LTS\lib\</path>
         <kind>archive</kind>
         <file>rtsv7M4_T_le_v4SPD16_eabi.lib</file>
         <name>fd_add_t2.asm.obj</name>
      </input_file>
      <input_file id="fl-d0">
         <path>C:\ti\ccsv8\tools\compiler\ti-cgt-arm_18.1.2.LTS\lib\</path>
         <kind>archive</kind>
         <file>rtsv7M4_T_le_v4SPD16_eabi.lib</file>
         <name>fd_cmp_t2.asm.obj</name>
      </input_file>
      <input_file id="fl-d1">
         <path>C:\ti\ccsv8\tools\compiler\ti-cgt-arm_18.1.2.LTS\lib\</path>
         <kind>archive</kind>
         <file>rtsv7M4_T_le_v4SPD16_eabi.lib</file>
         <name>fd_div_t2.asm.obj</name>
      </input_file>
      <input_file id="fl-d2">
         <path>C:\ti\ccsv8\tools\compiler\ti-cgt-arm_18.1.2.LTS\lib\</path>
         <kind>archive</kind>
         <file>rtsv7M4_T_le_v4SPD16_eabi.lib</file>
         <name>fd_mul_t2.asm.obj</name>
      </input_file>
      <input_file id="fl-d3">
         <path>C:\ti\ccsv8\tools\compiler\ti-cgt-arm_18.1.2.LTS\lib\</path>
         <kind>archive</kind>
         <file>rtsv7M4_T_le_v4SPD16_eabi.lib</file>
         <name>fd_toi_t2.asm.obj</name>
      </input_file>
      <input_file id="fl-d4">
         <path>C:\ti\ccsv8\tools\compiler\ti-cgt-arm_18.1.2.LTS\lib\</path>
         <kind>archive</kind>
         <file>rtsv7M4_T_le_v4SPD16_eabi.lib</file>
         <name>fd_tos_t2.asm.obj</name>
      </input_file>
      <input_file id="fl-d5">
         <path>C:\ti\ccsv8\tools\compiler\ti-cgt-arm_18.1.2.LTS\lib\</path>
         <kind>archive</kind>
         <file>rtsv7M4_T_le_v4SPD16_eabi.lib</file>
         <name>fs_tod_t2.asm.obj</name>
      </input_file>
      <input_file id="fl-d6">
         <path>C:\ti\ccsv8\tools\compiler\ti-cgt-arm_18.1.2.LTS\lib\</path>
         <kind>archive</kind>
         <file>rtsv7M4_T_le_v4SPD16_eabi.lib</file>
         <name>i_tofd_t2.asm.obj</name>
      </input_file>
      <input_file id="fl-d7">
         <path>C:\ti\ccsv8\tools\compiler\ti-cgt-arm_18.1.2.LTS\lib\</path>
         <kind>archive</kind>
         <file>rtsv7M4_T_le_v4SPD16_eabi.lib</file>
         <name>memcpy_t2.asm.obj</name>
      </input_file>
      <input_file id="fl-d8">
         <path>C:\ti\ccsv8\tools\compiler\ti-cgt-arm_18.1.2.LTS\lib\</path>
         <kind>archive</kind>
         <file>rtsv7M4_T_le_v4SPD16_eabi.lib</file>
         <name>u_tofd_t2.asm.obj</name>
      </input_file>
      <input_file id="fl-d9">
         <path>C:\ti\ccsv8\tools\compiler\ti-cgt-arm_18.1.2.LTS\lib\</path>
         <kind>archive</kind>
         <file>rtsv7M4_T_le_v4SPD16_eabi.lib</file>
         <name>copy_zero_init.c.obj</name>
      </input_file>
      <input_file id="fl-da">
         <path>C:\ti\ccsv8\tools\compiler\ti-cgt-arm_18.1.2.LTS\lib\</path>
         <kind>archive</kind>
         <file>rtsv7M4_T_le_v4SPD16_eabi.lib</file>
         <name>copy_decompress_none.c.obj</name>
      </input_file>
      <input_file id="fl-db">
         <path>C:\ti\ccsv8\tools\compiler\ti-cgt-arm_18.1.2.LTS\lib\</path>
         <kind>archive</kind>
         <file>rtsv7M4_T_le_v4SPD16_eabi.lib</file>
         <name>copy_decompress_lzss.c.obj</name>
      </input_file>
      <input_file id="fl-dc">
         <path>C:\ti\ccsv8\tools\compiler\ti-cgt-arm_18.1.2.LTS\lib\</path>
         <kind>archive</kind>
         <file>rtsv7M4_T_le_v4SPD16_eabi.lib</file>
         <name>boot_cortex_m.c.obj</name>
      </input_file>
      <input_file id="fl-dd">
         <path>C:\ti\ccsv8\tools\compiler\ti-cgt-arm_18.1.2.LTS\lib\</path>
         <kind>archive</kind>
         <file>rtsv7M4_T_le_v4SPD16_eabi.lib</file>
         <name>errno.c.obj</name>
      </input_file>
      <input_file id="fl-de">
         <path>C:\ti\ccsv8\tools\compiler\ti-cgt-arm_18.1.2.LTS\lib\</path>
         <kind>archive</kind>
         <file>rtsv7M4_T_le_v4SPD16_eabi.lib</file>
         <name>exit.c.obj</name>
      </input_file>
      <input_file id="fl-df">
         <path>C:\ti\ccsv8\tools\compiler\ti-cgt-arm_18.1.2.LTS\lib\</path>
         <kind>archive</kind>
         <file>rtsv7M4_T_le_v4SPD16_eabi.lib</file>
         <name>memory.c.obj</name>
      </input_file>
      <input_file id="fl-e0">
         <path>C:\ti\ccsv8\tools\compiler\ti-cgt-arm_18.1.2.LTS\lib\</path>
         <kind>archive</kind>
         <file>rtsv7M4_T_le_v4SPD16_eabi.lib</file>
         <name>_lock.c.obj</name>
      </input_file>
      <input_file id="fl-e1">
         <path>C:\ti\ccsv8\tools\compiler\ti-cgt-arm_18.1.2.LTS\lib\</path>
         <kind>archive</kind>
         <file>rtsv7M4_T_le_v4SPD16_eabi.lib</file>
         <name>args_main.c.obj</name>
      </input_file>
      <input_file id="fl-e2">
         <path>C:\ti\ccsv8\tools\compiler\ti-cgt-arm_18.1.2.LTS\lib\</path>
         <kind>archive</kind>
         <file>rtsv7M4_T_le_v4SPD16_eabi.lib</file>
         <name>atoi.c.obj</name>
      </input_file>
      <input_file id="fl-e3">
         <path>C:\ti\ccsv8\tools\compiler\ti-cgt-arm_18.1.2.LTS\lib\</path>
         <kind>archive</kind>
         <file>rtsv7M4_T_le_v4SPD16_eabi.lib</file>
         <name>ctype.c.obj</name>
      </input_file>
      <input_file id="fl-e4">
         <path>C:\ti\ccsv8\tools\compiler\ti-cgt-arm_18.1.2.LTS\lib\</path>
         <kind>archive</kind>
         <file>rtsv7M4_T_le_v4SPD16_eabi.lib</file>
         <name>sprintf.c.obj</name>
      </input_file>
      <input_file id="fl-e5">
         <path>C:\ti\ccsv8\tools\compiler\ti-cgt-arm_18.1.2.LTS\lib\</path>
         <kind>archive</kind>
         <file>rtsv7M4_T_le_v4SPD16_eabi.lib</file>
         <name>sscanf.c.obj</name>
      </input_file>
      <input_file id="fl-e6">
         <path>C:\ti\ccsv8\tools\compiler\ti-cgt-arm_18.1.2.LTS\lib\</path>
         <kind>archive</kind>
         <file>rtsv7M4_T_le_v4SPD16_eabi.lib</file>
         <name>strcmp.c.obj</name>
      </input_file>
      <input_file id="fl-e7">
         <path>C:\ti\ccsv8\tools\compiler\ti-cgt-arm_18.1.2.LTS\lib\</path>
         <kind>archive</kind>
         <file>rtsv7M4_T_le_v4SPD16_eabi.lib</file>
         <name>strcpy.c.obj</name>
      </input_file>
      <input_file id="fl-e8">
         <path>C:\ti\ccsv8\tools\compiler\ti-cgt-arm_18.1.2.LTS\lib\</path>
         <kind>archive</kind>
         <file>rtsv7M4_T_le_v4SPD16_eabi.lib</file>
         <name>strlen.c.obj</name>
      </input_file>
      <input_file id="fl-e9">
         <path>C:\ti\ccsv8\tools\compiler\ti-cgt-arm_18.1.2.LTS\lib\</path>
         <kind>archive</kind>
         <file>rtsv7M4_T_le_v4SPD16_eabi.lib</file>
         <name>vsnprintf.c.obj</name>
      </input_file>
      <input_file id="fl-ea">
         <path>C:\ti\ccsv8\tools\compiler\ti-cgt-arm_18.1.2.LTS\lib\</path>
         <kind>archive</kind>
         <file>rtsv7M4_T_le_v4SPD16_eabi.lib</file>
         <name>k_rem_pio2.c.obj</name>
      </input_file>
      <input_file id="fl-eb">
         <path>C:\ti\ccsv8\tools\compiler\ti-cgt-arm_18.1.2.LTS\lib\</path>
         <kind>archive</kind>
         <file>rtsv7M4_T_le_v4SPD16_eabi.lib</file>
         <name>k_tan.c.obj</name>
      </input_file>
      <input_file id="fl-ec">
         <path>C:\ti\ccsv8\tools\compiler\ti-cgt-arm_18.1.2.LTS\lib\</path>
         <kind>archive</kind>
         <file>rtsv7M4_T_le_v4SPD16_eabi.lib</file>
         <name>s_floor.c.obj</name>
      </input_file>
      <input_file id="fl-ed">
         <path>C:\ti\ccsv8\tools\compiler\ti-cgt-arm_18.1.2.LTS\lib\</path>
         <kind>archive</kind>
         <file>rtsv7M4_T_le_v4SPD16_eabi.lib</file>
         <name>autoinit.c.obj</name>
      </input_file>
      <input_file id="fl-ee">
         <path>C:\ti\ccsv8\tools\compiler\ti-cgt-arm_18.1.2.LTS\lib\</path>
         <kind>archive</kind>
         <file>rtsv7M4_T_le_v4SPD16_eabi.lib</file>
         <name>pre_init.c.obj</name>
      </input_file>
      <input_file id="fl-ef">
         <path>C:\ti\ccsv8\tools\compiler\ti-cgt-arm_18.1.2.LTS\lib\</path>
         <kind>archive</kind>
         <file>rtsv7M4_T_le_v4SPD16_eabi.lib</file>
         <name>cpy_tbl.c.obj</name>
      </input_file>
      <input_file id="fl-f0">
         <path>C:\ti\ccsv8\tools\compiler\ti-cgt-arm_18.1.2.LTS\lib\</path>
         <kind>archive</kind>
         <file>rtsv7M4_T_le_v4SPD16_eabi.lib</file>
         <name>_printfi.c.obj</name>
      </input_file>
      <input_file id="fl-f1">
         <path>C:\ti\ccsv8\tools\compiler\ti-cgt-arm_18.1.2.LTS\lib\</path>
         <kind>archive</kind>
         <file>rtsv7M4_T_le_v4SPD16_eabi.lib</file>
         <name>_scanfi.c.obj</name>
      </input_file>
      <input_file id="fl-f2">
         <path>C:\ti\ccsv8\tools\compiler\ti-cgt-arm_18.1.2.LTS\lib\</path>
         <kind>archive</kind>
         <file>rtsv7M4_T_le_v4SPD16_eabi.lib</file>
         <name>ltoa.c.obj</name>
      </input_file>
      <input_file id="fl-f3">
         <path>C:\ti\ccsv8\tools\compiler\ti-cgt-arm_18.1.2.LTS\lib\</path>
         <kind>archive</kind>
         <file>rtsv7M4_T_le_v4SPD16_eabi.lib</file>
         <name>memccpy.c.obj</name>
      </input_file>
      <input_file id="fl-f4">
         <path>C:\ti\ccsv8\tools\compiler\ti-cgt-arm_18.1.2.LTS\lib\</path>
         <kind>archive</kind>
         <file>rtsv7M4_T_le_v4SPD16_eabi.lib</file>
         <name>strchr.c.obj</name>
      </input_file>
      <input_file id="fl-f5">
         <path>C:\ti\ccsv8\tools\compiler\ti-cgt-arm_18.1.2.LTS\lib\</path>
         <kind>archive</kind>
         <file>rtsv7M4_T_le_v4SPD16_eabi.lib</file>
         <name>strrchr.c.obj</name>
      </input_file>
      <input_file id="fl-f6">
         <path>C:\ti\ccsv8\tools\compiler\ti-cgt-arm_18.1.2.LTS\lib\</path>
         <kind>archive</kind>
         <file>rtsv7M4_T_le_v4SPD16_eabi.lib</file>
         <name>strtod.c.obj</name>
      </input_file>
      <input_file id="fl-f7">
         <path>C:\ti\ccsv8\tools\compiler\ti-cgt-arm_18.1.2.LTS\lib\</path>
         <kind>archive</kind>
         <file>rtsv7M4_T_le_v4SPD16_eabi.lib</file>
         <name>strtol.c.obj</name>
      </input_file>
      <input_file id="fl-f8">
         <path>C:\ti\ccsv8\tools\compiler\ti-cgt-arm_18.1.2.LTS\lib\</path>
         <kind>archive</kind>
         <file>rtsv7M4_T_le_v4SPD16_eabi.lib</file>
         <name>strtoll.c.obj</name>
      </input_file>
      <input_file id="fl-f9">
         <path>C:\ti\ccsv8\tools\compiler\ti-cgt-arm_18.1.2.LTS\lib\</path>
         <kind>archive</kind>
         <file>rtsv7M4_T_le_v4SPD16_eabi.lib</file>
         <name>strtoul.c.obj</name>
      </input_file>
      <input_file id="fl-fa">
         <path>C:\ti\ccsv8\tools\compiler\ti-cgt-arm_18.1.2.LTS\lib\</path>
         <kind>archive</kind>
         <file>rtsv7M4_T_le_v4SPD16_eabi.lib</file>
         <name>strtoull.c.obj</name>
      </input_file>
      <input_file id="fl-fb">
         <path>C:\ti\ccsv8\tools\compiler\ti-cgt-arm_18.1.2.LTS\lib\</path>
         <kind>archive</kind>
         <file>rtsv7M4_T_le_v4SPD16_eabi.lib</file>
         <name>s_frexp.c.obj</name>
      </input_file>
      <input_file id="fl-fc">
         <path>C:\ti\ccsv8\tools\compiler\ti-cgt-arm_18.1.2.LTS\lib\</path>
         <kind>archive</kind>
         <file>rtsv7M4_T_le_v4SPD16_eabi.lib</file>
         <name>wcslen.c.obj</name>
      </input_file>
      <input_file id="fl-fd">
         <path>C:\ti\ccsv8\tools\compiler\ti-cgt-arm_18.1.2.LTS\lib\</path>
         <kind>archive</kind>
         <file>rtsv7M4_T_le_v4SPD16_eabi.lib</file>
         <name>ll_mul_t2.asm.obj</name>
      </input_file>
      <input_file id="fl-fe">
         <path>C:\ti\ccsv8\tools\compiler\ti-cgt-arm_18.1.2.LTS\lib\</path>
         <kind>archive</kind>
         <file>rtsv7M4_T_le_v4SPD16_eabi.lib</file>
         <name>ull_div_t2.asm.obj</name>
      </input_file>
      <input_file id="fl-ff">
         <path>C:\ti\ccsv8\tools\compiler\ti-cgt-arm_18.1.2.LTS\lib\</path>
         <kind>archive</kind>
         <file>rtsv7M4_T_le_v4SPD16_eabi.lib</file>
         <name>div0.asm.obj</name>
      </input_file>
      <input_file id="fl-100">
         <path>C:\ti\TivaWare_C_Series-2.1.4.178\driverlib\ccs\Debug\</path>
         <kind>archive</kind>
         <file>driverlib.lib</file>
         <name>interrupt.obj</name>
      </input_file>
      <input_file id="fl-101">
         <path>C:\ti\TivaWare_C_Series-2.1.4.178\driverlib\ccs\Debug\</path>
         <kind>archive</kind>
         <file>driverlib.lib</file>
         <name>cpu.obj</name>
      </input_file>
   </input_file_list>
   <object_component_list>
      <object_component id="oc-f">
         <name>.intvecs</name>
         <load_address>0x0</load_address>
         <run_address>0x0</run_address>
         <size>0x26c</size>
         <input_file_ref idref="fl-d"/>
      </object_component>
      <object_component id="oc-1ee">
         <name>.text:__TI_scanfi</name>
         <load_address>0x26c</load_address>
         <run_address>0x26c</run_address>
         <size>0xaf0</size>
         <input_file_ref idref="fl-f1"/>
      </object_component>
      <object_component id="oc-f1">
         <name>.text</name>
         <load_address>0xd5c</load_address>
         <run_address>0xd5c</run_address>
         <size>0xaa0</size>
         <input_file_ref idref="fl-9"/>
      </object_component>
      <object_component id="oc-216">
         <name>.text:__TI_printfi</name>
         <load_address>0x17fc</load_address>
         <run_address>0x17fc</run_address>
         <size>0xa5e</size>
         <input_file_ref idref="fl-f0"/>
      </object_component>
      <object_component id="oc-399">
         <name>.text:_nop</name>
         <load_address>0x225a</load_address>
         <run_address>0x225a</run_address>
         <size>0x2</size>
         <input_file_ref idref="fl-e0"/>
      </object_component>
      <object_component id="oc-1b4">
         <name>.text:pow</name>
         <load_address>0x225c</load_address>
         <run_address>0x225c</run_address>
         <size>0x9c0</size>
         <input_file_ref idref="fl-c9"/>
      </object_component>
      <object_component id="oc-37c">
         <name>.text:__kernel_rem_pio2</name>
         <load_address>0x2c1c</load_address>
         <run_address>0x2c1c</run_address>
         <size>0x738</size>
         <input_file_ref idref="fl-ea"/>
      </object_component>
      <object_component id="oc-11a">
         <name>.text</name>
         <load_address>0x3354</load_address>
         <run_address>0x3354</run_address>
         <size>0x5d8</size>
         <input_file_ref idref="fl-3"/>
      </object_component>
      <object_component id="oc-230">
         <name>.text:tan</name>
         <load_address>0x392c</load_address>
         <run_address>0x392c</run_address>
         <size>0x508</size>
         <input_file_ref idref="fl-cc"/>
      </object_component>
      <object_component id="oc-109">
         <name>.text</name>
         <load_address>0x3e34</load_address>
         <run_address>0x3e34</run_address>
         <size>0x470</size>
         <input_file_ref idref="fl-7"/>
      </object_component>
      <object_component id="oc-30f">
         <name>.text:strtod</name>
         <load_address>0x42a4</load_address>
         <run_address>0x42a4</run_address>
         <size>0x460</size>
         <input_file_ref idref="fl-f6"/>
      </object_component>
      <object_component id="oc-d9">
         <name>.text</name>
         <load_address>0x4704</load_address>
         <run_address>0x4704</run_address>
         <size>0x45c</size>
         <input_file_ref idref="fl-e"/>
      </object_component>
      <object_component id="oc-d3">
         <name>.text</name>
         <load_address>0x4b60</load_address>
         <run_address>0x4b60</run_address>
         <size>0x3a0</size>
         <input_file_ref idref="fl-5"/>
      </object_component>
      <object_component id="oc-382">
         <name>.text:__kernel_tan</name>
         <load_address>0x4f00</load_address>
         <run_address>0x4f00</run_address>
         <size>0x318</size>
         <input_file_ref idref="fl-eb"/>
      </object_component>
      <object_component id="oc-eb">
         <name>.text</name>
         <load_address>0x5218</load_address>
         <run_address>0x5218</run_address>
         <size>0x2b0</size>
         <input_file_ref idref="fl-a"/>
      </object_component>
      <object_component id="oc-359">
         <name>.text:_pconv_a</name>
         <load_address>0x54c8</load_address>
         <run_address>0x54c8</run_address>
         <size>0x270</size>
         <input_file_ref idref="fl-f0"/>
      </object_component>
      <object_component id="oc-9f">
         <name>.text</name>
         <load_address>0x5738</load_address>
         <run_address>0x5738</run_address>
         <size>0x250</size>
         <input_file_ref idref="fl-6"/>
      </object_component>
      <object_component id="oc-31b">
         <name>.text:strtoll</name>
         <load_address>0x5988</load_address>
         <run_address>0x5988</run_address>
         <size>0x1dc</size>
         <input_file_ref idref="fl-f8"/>
      </object_component>
      <object_component id="oc-347">
         <name>.text:_pconv_g</name>
         <load_address>0x5b64</load_address>
         <run_address>0x5b64</run_address>
         <size>0x1d0</size>
         <input_file_ref idref="fl-f0"/>
      </object_component>
      <object_component id="oc-df">
         <name>.text</name>
         <load_address>0x5d34</load_address>
         <run_address>0x5d34</run_address>
         <size>0x1d0</size>
         <input_file_ref idref="fl-b"/>
      </object_component>
      <object_component id="oc-1ba">
         <name>.text</name>
         <load_address>0x5f04</load_address>
         <run_address>0x5f04</run_address>
         <size>0x1b6</size>
         <input_file_ref idref="fl-cf"/>
      </object_component>
      <object_component id="oc-47e">
         <name>.text</name>
         <load_address>0x60ba</load_address>
         <run_address>0x60ba</run_address>
         <size>0x2</size>
         <input_file_ref idref="fl-ff"/>
      </object_component>
      <object_component id="oc-303">
         <name>.text:strtoull</name>
         <load_address>0x60bc</load_address>
         <run_address>0x60bc</run_address>
         <size>0x15c</size>
         <input_file_ref idref="fl-fa"/>
      </object_component>
      <object_component id="oc-2bc">
         <name>.text:sqrt</name>
         <load_address>0x6218</load_address>
         <run_address>0x6218</run_address>
         <size>0x158</size>
         <input_file_ref idref="fl-ca"/>
      </object_component>
      <object_component id="oc-126">
         <name>.text</name>
         <load_address>0x6370</load_address>
         <run_address>0x6370</run_address>
         <size>0x158</size>
         <input_file_ref idref="fl-c"/>
      </object_component>
      <object_component id="oc-353">
         <name>.text:_pconv_e</name>
         <load_address>0x64c8</load_address>
         <run_address>0x64c8</run_address>
         <size>0x13c</size>
         <input_file_ref idref="fl-f0"/>
      </object_component>
      <object_component id="oc-1c9">
         <name>.text</name>
         <load_address>0x6604</load_address>
         <run_address>0x6604</run_address>
         <size>0x136</size>
         <input_file_ref idref="fl-d1"/>
      </object_component>
      <object_component id="oc-315">
         <name>.text:strtol</name>
         <load_address>0x673c</load_address>
         <run_address>0x673c</run_address>
         <size>0x130</size>
         <input_file_ref idref="fl-f7"/>
      </object_component>
      <object_component id="oc-426">
         <name>.text:fcvt</name>
         <load_address>0x686c</load_address>
         <run_address>0x686c</run_address>
         <size>0x120</size>
         <input_file_ref idref="fl-f0"/>
      </object_component>
      <object_component id="oc-2cb">
         <name>.text:scalbn</name>
         <load_address>0x698c</load_address>
         <run_address>0x698c</run_address>
         <size>0x110</size>
         <input_file_ref idref="fl-cb"/>
      </object_component>
      <object_component id="oc-309">
         <name>.text:strtoul</name>
         <load_address>0x6a9c</load_address>
         <run_address>0x6a9c</run_address>
         <size>0x110</size>
         <input_file_ref idref="fl-f9"/>
      </object_component>
      <object_component id="oc-1c4">
         <name>.text</name>
         <load_address>0x6bac</load_address>
         <run_address>0x6bac</run_address>
         <size>0xfc</size>
         <input_file_ref idref="fl-d2"/>
      </object_component>
      <object_component id="oc-44b">
         <name>.text:floor</name>
         <load_address>0x6ca8</load_address>
         <run_address>0x6ca8</run_address>
         <size>0xf8</size>
         <input_file_ref idref="fl-ec"/>
      </object_component>
      <object_component id="oc-e5">
         <name>.text</name>
         <load_address>0x6da0</load_address>
         <run_address>0x6da0</run_address>
         <size>0xec</size>
         <input_file_ref idref="fl-2"/>
      </object_component>
      <object_component id="oc-1d8">
         <name>.text:free</name>
         <load_address>0x6e8c</load_address>
         <run_address>0x6e8c</run_address>
         <size>0xd8</size>
         <input_file_ref idref="fl-df"/>
      </object_component>
      <object_component id="oc-341">
         <name>.text:_ltostr</name>
         <load_address>0x6f64</load_address>
         <run_address>0x6f64</run_address>
         <size>0xb1</size>
         <input_file_ref idref="fl-f0"/>
      </object_component>
      <object_component id="oc-3b">
         <name>.text</name>
         <load_address>0x7016</load_address>
         <run_address>0x7016</run_address>
         <size>0x9c</size>
         <input_file_ref idref="fl-d7"/>
      </object_component>
      <object_component id="oc-3f4">
         <name>.text</name>
         <load_address>0x70b2</load_address>
         <run_address>0x70b2</run_address>
         <size>0x96</size>
         <input_file_ref idref="fl-fe"/>
      </object_component>
      <object_component id="oc-20f">
         <name>.text:__aeabi_cdcmple</name>
         <load_address>0x7148</load_address>
         <run_address>0x7148</run_address>
         <size>0x86</size>
         <input_file_ref idref="fl-d0"/>
      </object_component>
      <object_component id="oc-20a">
         <name>.text:__aeabi_cdrcmple</name>
         <load_address>0x71ce</load_address>
         <run_address>0x71ce</run_address>
         <size>0x86</size>
         <input_file_ref idref="fl-d0"/>
      </object_component>
      <object_component id="oc-120">
         <name>.text</name>
         <load_address>0x7254</load_address>
         <run_address>0x7254</run_address>
         <size>0x80</size>
         <input_file_ref idref="fl-8"/>
      </object_component>
      <object_component id="oc-93">
         <name>.text</name>
         <load_address>0x72d4</load_address>
         <run_address>0x72d4</run_address>
         <size>0x7a</size>
         <input_file_ref idref="fl-ce"/>
      </object_component>
      <object_component id="oc-2e0">
         <name>.text:malloc</name>
         <load_address>0x7350</load_address>
         <run_address>0x7350</run_address>
         <size>0x78</size>
         <input_file_ref idref="fl-df"/>
      </object_component>
      <object_component id="oc-41f">
         <name>.text:_mcpy</name>
         <load_address>0x73c8</load_address>
         <run_address>0x73c8</run_address>
         <size>0x6e</size>
         <input_file_ref idref="fl-f0"/>
      </object_component>
      <object_component id="oc-236">
         <name>.text</name>
         <load_address>0x7436</load_address>
         <run_address>0x7436</run_address>
         <size>0x6e</size>
         <input_file_ref idref="fl-d4"/>
      </object_component>
      <object_component id="oc-200">
         <name>.text:_chkmbc</name>
         <load_address>0x74a4</load_address>
         <run_address>0x74a4</run_address>
         <size>0x68</size>
         <input_file_ref idref="fl-e5"/>
      </object_component>
      <object_component id="oc-12">
         <name>.text:decompress:lzss:__TI_decompress_lzss</name>
         <load_address>0x750c</load_address>
         <run_address>0x750c</run_address>
         <size>0x68</size>
         <input_file_ref idref="fl-db"/>
      </object_component>
      <object_component id="oc-434">
         <name>.text:frexp</name>
         <load_address>0x7574</load_address>
         <run_address>0x7574</run_address>
         <size>0x64</size>
         <input_file_ref idref="fl-fb"/>
      </object_component>
      <object_component id="oc-34d">
         <name>.text:_pconv_f</name>
         <load_address>0x75d8</load_address>
         <run_address>0x75d8</run_address>
         <size>0x56</size>
         <input_file_ref idref="fl-f0"/>
      </object_component>
      <object_component id="oc-413">
         <name>.text:ltoa</name>
         <load_address>0x762e</load_address>
         <run_address>0x762e</run_address>
         <size>0x54</size>
         <input_file_ref idref="fl-f2"/>
      </object_component>
      <object_component id="oc-419">
         <name>.text:_ecpy</name>
         <load_address>0x7682</load_address>
         <run_address>0x7682</run_address>
         <size>0x52</size>
         <input_file_ref idref="fl-f0"/>
      </object_component>
      <object_component id="oc-18b">
         <name>.text:atoi</name>
         <load_address>0x76d4</load_address>
         <run_address>0x76d4</run_address>
         <size>0x4c</size>
         <input_file_ref idref="fl-e2"/>
      </object_component>
      <object_component id="oc-1bf">
         <name>.text</name>
         <load_address>0x7720</load_address>
         <run_address>0x7720</run_address>
         <size>0x48</size>
         <input_file_ref idref="fl-d3"/>
      </object_component>
      <object_component id="oc-13a">
         <name>.text:__TI_auto_init_nobinit_nopinit:__TI_auto_init_nobinit_nopinit</name>
         <load_address>0x7768</load_address>
         <run_address>0x7768</run_address>
         <size>0x44</size>
         <input_file_ref idref="fl-ed"/>
      </object_component>
      <object_component id="oc-10f">
         <name>.text:sprintf</name>
         <load_address>0x77ac</load_address>
         <run_address>0x77ac</run_address>
         <size>0x40</size>
         <input_file_ref idref="fl-e4"/>
      </object_component>
      <object_component id="oc-175">
         <name>.text:vsnprintf</name>
         <load_address>0x77ec</load_address>
         <run_address>0x77ec</run_address>
         <size>0x40</size>
         <input_file_ref idref="fl-e9"/>
      </object_component>
      <object_component id="oc-42c">
         <name>.text:_fcpy</name>
         <load_address>0x782c</load_address>
         <run_address>0x782c</run_address>
         <size>0x3e</size>
         <input_file_ref idref="fl-f0"/>
      </object_component>
      <object_component id="oc-2f3">
         <name>.text:minsert</name>
         <load_address>0x786c</load_address>
         <run_address>0x786c</run_address>
         <size>0x3c</size>
         <input_file_ref idref="fl-df"/>
      </object_component>
      <object_component id="oc-59">
         <name>.text:_c_int00_noargs:_c_int00_noargs</name>
         <load_address>0x78a8</load_address>
         <run_address>0x78a8</run_address>
         <size>0x38</size>
         <input_file_ref idref="fl-dc"/>
      </object_component>
      <object_component id="oc-2e7">
         <name>.text:minit</name>
         <load_address>0x78e0</load_address>
         <run_address>0x78e0</run_address>
         <size>0x38</size>
         <input_file_ref idref="fl-df"/>
      </object_component>
      <object_component id="oc-22b">
         <name>.text</name>
         <load_address>0x7918</load_address>
         <run_address>0x7918</run_address>
         <size>0x38</size>
         <input_file_ref idref="fl-d5"/>
      </object_component>
      <object_component id="oc-fd">
         <name>.text:sscanf</name>
         <load_address>0x7950</load_address>
         <run_address>0x7950</run_address>
         <size>0x38</size>
         <input_file_ref idref="fl-e5"/>
      </object_component>
      <object_component id="oc-197">
         <name>.text:IntRegister</name>
         <load_address>0x7988</load_address>
         <run_address>0x7988</run_address>
         <size>0x34</size>
         <input_file_ref idref="fl-100"/>
      </object_component>
      <object_component id="oc-27d">
         <name>.text:_outs</name>
         <load_address>0x79bc</load_address>
         <run_address>0x79bc</run_address>
         <size>0x30</size>
         <input_file_ref idref="fl-e9"/>
      </object_component>
      <object_component id="oc-115">
         <name>.text</name>
         <load_address>0x79ec</load_address>
         <run_address>0x79ec</run_address>
         <size>0x2e</size>
         <input_file_ref idref="fl-d6"/>
      </object_component>
      <object_component id="oc-1d2">
         <name>.text:calloc</name>
         <load_address>0x7a1a</load_address>
         <run_address>0x7a1a</run_address>
         <size>0x2a</size>
         <input_file_ref idref="fl-df"/>
      </object_component>
      <object_component id="oc-2ed">
         <name>.text:mremove</name>
         <load_address>0x7a44</load_address>
         <run_address>0x7a44</run_address>
         <size>0x28</size>
         <input_file_ref idref="fl-df"/>
      </object_component>
      <object_component id="oc-1ae">
         <name>.text</name>
         <load_address>0x7a6c</load_address>
         <run_address>0x7a6c</run_address>
         <size>0x20</size>
         <input_file_ref idref="fl-d8"/>
      </object_component>
      <object_component id="oc-35f">
         <name>.text:memccpy</name>
         <load_address>0x7a8c</load_address>
         <run_address>0x7a8c</run_address>
         <size>0x1c</size>
         <input_file_ref idref="fl-f3"/>
      </object_component>
      <object_component id="oc-283">
         <name>.text:_outc</name>
         <load_address>0x7aa8</load_address>
         <run_address>0x7aa8</run_address>
         <size>0x18</size>
         <input_file_ref idref="fl-e9"/>
      </object_component>
      <object_component id="oc-21c">
         <name>.text:_outs</name>
         <load_address>0x7ac0</load_address>
         <run_address>0x7ac0</run_address>
         <size>0x18</size>
         <input_file_ref idref="fl-e4"/>
      </object_component>
      <object_component id="oc-1de">
         <name>.text:oi_parseInt</name>
         <load_address>0x7ad8</load_address>
         <run_address>0x7ad8</run_address>
         <size>0x18</size>
         <input_file_ref idref="fl-9"/>
      </object_component>
      <object_component id="oc-3ef">
         <name>.text</name>
         <load_address>0x7af0</load_address>
         <run_address>0x7af0</run_address>
         <size>0x18</size>
         <input_file_ref idref="fl-fd"/>
      </object_component>
      <object_component id="oc-103">
         <name>.text:strcmp</name>
         <load_address>0x7b08</load_address>
         <run_address>0x7b08</run_address>
         <size>0x18</size>
         <input_file_ref idref="fl-e6"/>
      </object_component>
      <object_component id="oc-321">
         <name>.text:strrchr</name>
         <load_address>0x7b20</load_address>
         <run_address>0x7b20</run_address>
         <size>0x18</size>
         <input_file_ref idref="fl-f5"/>
      </object_component>
      <object_component id="oc-327">
         <name>.text:strchr</name>
         <load_address>0x7b38</load_address>
         <run_address>0x7b38</run_address>
         <size>0x16</size>
         <input_file_ref idref="fl-f4"/>
      </object_component>
      <object_component id="oc-3d3">
         <name>.text:copysign</name>
         <load_address>0x7b4e</load_address>
         <run_address>0x7b4e</run_address>
         <size>0x14</size>
         <input_file_ref idref="fl-cd"/>
      </object_component>
      <object_component id="oc-f7">
         <name>.text:strcpy</name>
         <load_address>0x7b62</load_address>
         <run_address>0x7b62</run_address>
         <size>0x14</size>
         <input_file_ref idref="fl-e7"/>
      </object_component>
      <object_component id="oc-17b">
         <name>.text:strlen</name>
         <load_address>0x7b76</load_address>
         <run_address>0x7b76</run_address>
         <size>0x14</size>
         <input_file_ref idref="fl-e8"/>
      </object_component>
      <object_component id="oc-1f4">
         <name>.text:_inpchar</name>
         <load_address>0x7b8a</load_address>
         <run_address>0x7b8a</run_address>
         <size>0x12</size>
         <input_file_ref idref="fl-e5"/>
      </object_component>
      <object_component id="oc-47">
         <name>.text:decompress:ZI:__TI_zero_init_nomemset:__TI_zero_init_nomemset</name>
         <load_address>0x7b9c</load_address>
         <run_address>0x7b9c</run_address>
         <size>0x12</size>
         <input_file_ref idref="fl-d9"/>
      </object_component>
      <object_component id="oc-365">
         <name>.text:wcslen</name>
         <load_address>0x7bae</load_address>
         <run_address>0x7bae</run_address>
         <size>0x12</size>
         <input_file_ref idref="fl-fc"/>
      </object_component>
      <object_component id="oc-19d">
         <name>.text:IntMasterEnable</name>
         <load_address>0x7bc0</load_address>
         <run_address>0x7bc0</run_address>
         <size>0x10</size>
         <input_file_ref idref="fl-100"/>
      </object_component>
      <object_component id="oc-16e">
         <name>.text:lcd_clear</name>
         <load_address>0x7bd0</load_address>
         <run_address>0x7bd0</run_address>
         <size>0x10</size>
         <input_file_ref idref="fl-5"/>
      </object_component>
      <object_component id="oc-18">
         <name>.text:decompress:none:__TI_decompress_none</name>
         <load_address>0x7be0</load_address>
         <run_address>0x7be0</run_address>
         <size>0xe</size>
         <input_file_ref idref="fl-da"/>
      </object_component>
      <object_component id="oc-2b1">
         <name>.text:CPUcpsie</name>
         <load_address>0x7bee</load_address>
         <run_address>0x7bee</run_address>
         <size>0xc</size>
         <input_file_ref idref="fl-101"/>
      </object_component>
      <object_component id="oc-27">
         <name>.text</name>
         <load_address>0x7bfa</load_address>
         <run_address>0x7bfa</run_address>
         <size>0xc</size>
         <input_file_ref idref="fl-d"/>
      </object_component>
      <object_component id="oc-222">
         <name>.text:_outc</name>
         <load_address>0x7c06</load_address>
         <run_address>0x7c06</run_address>
         <size>0xa</size>
         <input_file_ref idref="fl-e4"/>
      </object_component>
      <object_component id="oc-2c2">
         <name>.text:__aeabi_errno_addr</name>
         <load_address>0x7c10</load_address>
         <run_address>0x7c10</run_address>
         <size>0x8</size>
         <input_file_ref idref="fl-dd"/>
      </object_component>
      <object_component id="oc-1fa">
         <name>.text:_uninpchar</name>
         <load_address>0x7c18</load_address>
         <run_address>0x7c18</run_address>
         <size>0x8</size>
         <input_file_ref idref="fl-e5"/>
      </object_component>
      <object_component id="oc-99">
         <name>.text:_system_pre_init</name>
         <load_address>0x7c20</load_address>
         <run_address>0x7c20</run_address>
         <size>0x4</size>
         <input_file_ref idref="fl-ee"/>
      </object_component>
      <object_component id="oc-12e">
         <name>.text:abort:abort</name>
         <load_address>0x7c24</load_address>
         <run_address>0x7c24</run_address>
         <size>0x4</size>
         <input_file_ref idref="fl-de"/>
      </object_component>
      <object_component id="oc-451">
         <name>.const:$O1$$</name>
         <load_address>0x7c28</load_address>
         <run_address>0x7c28</run_address>
         <size>0x158</size>
         <input_file_ref idref="fl-ea"/>
      </object_component>
      <object_component id="oc-29e">
         <name>.const:.string:_ctypes_</name>
         <load_address>0x7d80</load_address>
         <run_address>0x7d80</run_address>
         <size>0x101</size>
         <input_file_ref idref="fl-e3"/>
      </object_component>
      <object_component id="oc-181">
         <name>.const:.string:lineAddress$1</name>
         <load_address>0x7e81</load_address>
         <run_address>0x7e81</run_address>
         <size>0x4</size>
         <input_file_ref idref="fl-5"/>
      </object_component>
      <object_component id="oc-3fd">
         <name>.const:$O1$$</name>
         <load_address>0x7e88</load_address>
         <run_address>0x7e88</run_address>
         <size>0xc8</size>
         <input_file_ref idref="fl-f6"/>
      </object_component>
      <object_component id="oc-457">
         <name>.const:xxx</name>
         <load_address>0x7f50</load_address>
         <run_address>0x7f50</run_address>
         <size>0x80</size>
         <input_file_ref idref="fl-eb"/>
      </object_component>
      <object_component id="oc-2c8">
         <name>.const:$O1$$</name>
         <load_address>0x7fd0</load_address>
         <run_address>0x7fd0</run_address>
         <size>0x30</size>
         <input_file_ref idref="fl-c9"/>
      </object_component>
      <object_component id="oc-32d">
         <name>.const:$O1$$</name>
         <load_address>0x8000</load_address>
         <run_address>0x8000</run_address>
         <size>0x10</size>
         <input_file_ref idref="fl-f1"/>
      </object_component>
      <object_component id="oc-1e6">
         <name>.const:.string:$P$T0$3</name>
         <load_address>0x8010</load_address>
         <run_address>0x8010</run_address>
         <size>0xf</size>
         <input_file_ref idref="fl-9"/>
      </object_component>
      <object_component id="oc-23d">
         <name>.const:.string:$P$T0$1</name>
         <load_address>0x801f</load_address>
         <run_address>0x801f</run_address>
         <size>0xd</size>
         <input_file_ref idref="fl-8"/>
      </object_component>
      <object_component id="oc-240">
         <name>.const:.string:$P$T1$2</name>
         <load_address>0x802c</load_address>
         <run_address>0x802c</run_address>
         <size>0xd</size>
         <input_file_ref idref="fl-8"/>
      </object_component>
      <object_component id="oc-243">
         <name>.const:.string:$P$T2$3</name>
         <load_address>0x8039</load_address>
         <run_address>0x8039</run_address>
         <size>0xd</size>
         <input_file_ref idref="fl-8"/>
      </object_component>
      <object_component id="oc-246">
         <name>.const:.string:$P$T3$4</name>
         <load_address>0x8046</load_address>
         <run_address>0x8046</run_address>
         <size>0xd</size>
         <input_file_ref idref="fl-8"/>
      </object_component>
      <object_component id="oc-182">
         <name>.const:.string:lineAddresses$2</name>
         <load_address>0x8053</load_address>
         <run_address>0x8053</run_address>
         <size>0x4</size>
         <input_file_ref idref="fl-5"/>
      </object_component>
      <object_component id="oc-4e5">
         <name>.cinit..data.load</name>
         <load_address>0x8058</load_address>
         <run_address>0x8058</run_address>
         <size>0x1e</size>
      </object_component>
      <object_component id="oc-4e2">
         <name>__TI_handler_table</name>
         <load_address>0x8078</load_address>
         <run_address>0x8078</run_address>
         <size>0xc</size>
      </object_component>
      <object_component id="oc-4e6">
         <name>.cinit..bss.load</name>
         <load_address>0x8088</load_address>
         <run_address>0x8088</run_address>
         <size>0x8</size>
      </object_component>
      <object_component id="oc-4e4">
         <name>.cinit..vtable.load</name>
         <load_address>0x8090</load_address>
         <run_address>0x8090</run_address>
         <size>0x8</size>
      </object_component>
      <object_component id="oc-4e3">
         <name>__TI_cinit_table</name>
         <load_address>0x8098</load_address>
         <run_address>0x8098</run_address>
         <size>0x18</size>
      </object_component>
      <object_component id="oc-2a7">
         <name>.vtable</name>
         <uninitialized>true</uninitialized>
         <run_address>0x20000000</run_address>
         <size>0x26c</size>
         <input_file_ref idref="fl-100"/>
      </object_component>
      <object_component id="oc-1e5">
         <name>.data</name>
         <load_address>0x2000230c</load_address>
         <run_address>0x2000230c</run_address>
         <size>0x10</size>
         <input_file_ref idref="fl-9"/>
      </object_component>
      <object_component id="oc-1ce">
         <name>.data</name>
         <load_address>0x200022f8</load_address>
         <run_address>0x200022f8</run_address>
         <size>0x14</size>
         <input_file_ref idref="fl-a"/>
      </object_component>
      <object_component id="oc-1aa">
         <name>.data</name>
         <load_address>0x20002330</load_address>
         <run_address>0x20002330</run_address>
         <size>0x8</size>
         <input_file_ref idref="fl-b"/>
      </object_component>
      <object_component id="oc-191">
         <name>.data</name>
         <load_address>0x20002338</load_address>
         <run_address>0x20002338</run_address>
         <size>0x8</size>
         <input_file_ref idref="fl-e"/>
      </object_component>
      <object_component id="oc-3cc">
         <name>.data</name>
         <load_address>0x20002340</load_address>
         <run_address>0x20002340</run_address>
         <size>0x4</size>
         <input_file_ref idref="fl-dd"/>
      </object_component>
      <object_component id="oc-2f9">
         <name>.data:$O1$$</name>
         <load_address>0x2000231c</load_address>
         <run_address>0x2000231c</run_address>
         <size>0xc</size>
         <input_file_ref idref="fl-df"/>
      </object_component>
      <object_component id="oc-261">
         <name>.data:$O1$$</name>
         <load_address>0x20002328</load_address>
         <run_address>0x20002328</run_address>
         <size>0x8</size>
         <input_file_ref idref="fl-e0"/>
      </object_component>
      <object_component id="oc-183">
         <name>.bss:lastbuffer$3</name>
         <uninitialized>true</uninitialized>
         <run_address>0x20002270</run_address>
         <size>0x54</size>
         <input_file_ref idref="fl-5"/>
      </object_component>
      <object_component id="oc-1e9">
         <name>.bss:firmware$2</name>
         <uninitialized>true</uninitialized>
         <run_address>0x200022c4</run_address>
         <size>0x18</size>
         <input_file_ref idref="fl-9"/>
      </object_component>
      <object_component id="oc-1a3">
         <name>.common:arr</name>
         <uninitialized>true</uninitialized>
         <run_address>0x200022dc</run_address>
         <size>0x18</size>
      </object_component>
      <object_component id="oc-194">
         <name>.common:sensor_data</name>
         <uninitialized>true</uninitialized>
         <run_address>0x200022f4</run_address>
         <size>0x4</size>
      </object_component>
      <object_component id="oc-24">
         <name>.sysmem</name>
         <uninitialized>true</uninitialized>
         <run_address>0x20001270</run_address>
         <size>0x8</size>
         <input_file_ref idref="fl-df"/>
      </object_component>
      <object_component id="oc-4e8">
         <name>.sysmem</name>
         <uninitialized>true</uninitialized>
         <run_address>0x20001270</run_address>
         <size>0x0</size>
      </object_component>
      <object_component id="oc-21">
         <name>.stack</name>
         <uninitialized>true</uninitialized>
         <run_address>0x20000270</run_address>
         <size>0x4</size>
         <input_file_ref idref="fl-dc"/>
      </object_component>
      <object_component id="oc-4e7">
         <name>.stack</name>
         <uninitialized>true</uninitialized>
         <run_address>0x20000270</run_address>
         <size>0x0</size>
      </object_component>
      <object_component id="oc-c2">
         <name>.debug_info</name>
         <load_address>0x0</load_address>
         <run_address>0x0</run_address>
         <size>0x26c</size>
         <input_file_ref idref="fl-2"/>
      </object_component>
      <object_component id="oc-e6">
         <name>.debug_info</name>
         <load_address>0x26c</load_address>
         <run_address>0x26c</run_address>
         <size>0x18a</size>
         <input_file_ref idref="fl-2"/>
      </object_component>
      <object_component id="oc-74">
         <name>.debug_info</name>
         <load_address>0x3f6</load_address>
         <run_address>0x3f6</run_address>
         <size>0x26b</size>
         <input_file_ref idref="fl-2"/>
      </object_component>
      <object_component id="oc-36">
         <name>.debug_info</name>
         <load_address>0x661</load_address>
         <run_address>0x661</run_address>
         <size>0x84</size>
         <input_file_ref idref="fl-2"/>
      </object_component>
      <object_component id="oc-bd">
         <name>.debug_info</name>
         <load_address>0x6e5</load_address>
         <run_address>0x6e5</run_address>
         <size>0x297</size>
         <input_file_ref idref="fl-2"/>
      </object_component>
      <object_component id="oc-79">
         <name>.debug_info</name>
         <load_address>0x97c</load_address>
         <run_address>0x97c</run_address>
         <size>0xbb</size>
         <input_file_ref idref="fl-2"/>
      </object_component>
      <object_component id="oc-23c">
         <name>.debug_info</name>
         <load_address>0xa37</load_address>
         <run_address>0xa37</run_address>
         <size>0x496</size>
         <input_file_ref idref="fl-3"/>
      </object_component>
      <object_component id="oc-11b">
         <name>.debug_info</name>
         <load_address>0xecd</load_address>
         <run_address>0xecd</run_address>
         <size>0xb75</size>
         <input_file_ref idref="fl-3"/>
      </object_component>
      <object_component id="oc-299">
         <name>.debug_info</name>
         <load_address>0x1a42</load_address>
         <run_address>0x1a42</run_address>
         <size>0xcc</size>
         <input_file_ref idref="fl-3"/>
      </object_component>
      <object_component id="oc-186">
         <name>.debug_info</name>
         <load_address>0x1b0e</load_address>
         <run_address>0x1b0e</run_address>
         <size>0x2c</size>
         <input_file_ref idref="fl-3"/>
      </object_component>
      <object_component id="oc-258">
         <name>.debug_info</name>
         <load_address>0x1b3a</load_address>
         <run_address>0x1b3a</run_address>
         <size>0x9f</size>
         <input_file_ref idref="fl-3"/>
      </object_component>
      <object_component id="oc-185">
         <name>.debug_info</name>
         <load_address>0x1bd9</load_address>
         <run_address>0x1bd9</run_address>
         <size>0x3c7</size>
         <input_file_ref idref="fl-5"/>
      </object_component>
      <object_component id="oc-16f">
         <name>.debug_info</name>
         <load_address>0x1fa0</load_address>
         <run_address>0x1fa0</run_address>
         <size>0x132</size>
         <input_file_ref idref="fl-5"/>
      </object_component>
      <object_component id="oc-d5">
         <name>.debug_info</name>
         <load_address>0x20d2</load_address>
         <run_address>0x20d2</run_address>
         <size>0x98b</size>
         <input_file_ref idref="fl-5"/>
      </object_component>
      <object_component id="oc-12d">
         <name>.debug_info</name>
         <load_address>0x2a5d</load_address>
         <run_address>0x2a5d</run_address>
         <size>0x6cb</size>
         <input_file_ref idref="fl-6"/>
      </object_component>
      <object_component id="oc-a0">
         <name>.debug_info</name>
         <load_address>0x3128</load_address>
         <run_address>0x3128</run_address>
         <size>0x560</size>
         <input_file_ref idref="fl-6"/>
      </object_component>
      <object_component id="oc-253">
         <name>.debug_info</name>
         <load_address>0x3688</load_address>
         <run_address>0x3688</run_address>
         <size>0x5aa</size>
         <input_file_ref idref="fl-6"/>
      </object_component>
      <object_component id="oc-215">
         <name>.debug_info</name>
         <load_address>0x3c32</load_address>
         <run_address>0x3c32</run_address>
         <size>0x381</size>
         <input_file_ref idref="fl-7"/>
      </object_component>
      <object_component id="oc-10a">
         <name>.debug_info</name>
         <load_address>0x3fb3</load_address>
         <run_address>0x3fb3</run_address>
         <size>0x99d</size>
         <input_file_ref idref="fl-7"/>
      </object_component>
      <object_component id="oc-24c">
         <name>.debug_info</name>
         <load_address>0x4950</load_address>
         <run_address>0x4950</run_address>
         <size>0x2c</size>
         <input_file_ref idref="fl-7"/>
      </object_component>
      <object_component id="oc-24a">
         <name>.debug_info</name>
         <load_address>0x497c</load_address>
         <run_address>0x497c</run_address>
         <size>0x31e</size>
         <input_file_ref idref="fl-8"/>
      </object_component>
      <object_component id="oc-23e">
         <name>.debug_info</name>
         <load_address>0x4c9a</load_address>
         <run_address>0x4c9a</run_address>
         <size>0xda</size>
         <input_file_ref idref="fl-8"/>
      </object_component>
      <object_component id="oc-241">
         <name>.debug_info</name>
         <load_address>0x4d74</load_address>
         <run_address>0x4d74</run_address>
         <size>0xda</size>
         <input_file_ref idref="fl-8"/>
      </object_component>
      <object_component id="oc-244">
         <name>.debug_info</name>
         <load_address>0x4e4e</load_address>
         <run_address>0x4e4e</run_address>
         <size>0xda</size>
         <input_file_ref idref="fl-8"/>
      </object_component>
      <object_component id="oc-247">
         <name>.debug_info</name>
         <load_address>0x4f28</load_address>
         <run_address>0x4f28</run_address>
         <size>0xda</size>
         <input_file_ref idref="fl-8"/>
      </object_component>
      <object_component id="oc-122">
         <name>.debug_info</name>
         <load_address>0x5002</load_address>
         <run_address>0x5002</run_address>
         <size>0x2d9</size>
         <input_file_ref idref="fl-8"/>
      </object_component>
      <object_component id="oc-1eb">
         <name>.debug_info</name>
         <load_address>0x52db</load_address>
         <run_address>0x52db</run_address>
         <size>0x3ef</size>
         <input_file_ref idref="fl-9"/>
      </object_component>
      <object_component id="oc-1e7">
         <name>.debug_info</name>
         <load_address>0x56ca</load_address>
         <run_address>0x56ca</run_address>
         <size>0xe4</size>
         <input_file_ref idref="fl-9"/>
      </object_component>
      <object_component id="oc-1df">
         <name>.debug_info</name>
         <load_address>0x57ae</load_address>
         <run_address>0x57ae</run_address>
         <size>0x15c</size>
         <input_file_ref idref="fl-9"/>
      </object_component>
      <object_component id="oc-f2">
         <name>.debug_info</name>
         <load_address>0x590a</load_address>
         <run_address>0x590a</run_address>
         <size>0x14e3</size>
         <input_file_ref idref="fl-9"/>
      </object_component>
      <object_component id="oc-2df">
         <name>.debug_info</name>
         <load_address>0x6ded</load_address>
         <run_address>0x6ded</run_address>
         <size>0x325</size>
         <input_file_ref idref="fl-a"/>
      </object_component>
      <object_component id="oc-1cf">
         <name>.debug_info</name>
         <load_address>0x7112</load_address>
         <run_address>0x7112</run_address>
         <size>0x182</size>
         <input_file_ref idref="fl-a"/>
      </object_component>
      <object_component id="oc-ec">
         <name>.debug_info</name>
         <load_address>0x7294</load_address>
         <run_address>0x7294</run_address>
         <size>0x3cd</size>
         <input_file_ref idref="fl-a"/>
      </object_component>
      <object_component id="oc-1a5">
         <name>.debug_info</name>
         <load_address>0x7661</load_address>
         <run_address>0x7661</run_address>
         <size>0x8b</size>
         <input_file_ref idref="fl-a"/>
      </object_component>
      <object_component id="oc-2ba">
         <name>.debug_info</name>
         <load_address>0x76ec</load_address>
         <run_address>0x76ec</run_address>
         <size>0x26d</size>
         <input_file_ref idref="fl-b"/>
      </object_component>
      <object_component id="oc-1ab">
         <name>.debug_info</name>
         <load_address>0x7959</load_address>
         <run_address>0x7959</run_address>
         <size>0x11e</size>
         <input_file_ref idref="fl-b"/>
      </object_component>
      <object_component id="oc-e0">
         <name>.debug_info</name>
         <load_address>0x7a77</load_address>
         <run_address>0x7a77</run_address>
         <size>0x1dc</size>
         <input_file_ref idref="fl-b"/>
      </object_component>
      <object_component id="oc-128">
         <name>.debug_info</name>
         <load_address>0x7c53</load_address>
         <run_address>0x7c53</run_address>
         <size>0x402</size>
         <input_file_ref idref="fl-c"/>
      </object_component>
      <object_component id="oc-2f">
         <name>.debug_info</name>
         <load_address>0x8055</load_address>
         <run_address>0x8055</run_address>
         <size>0x2b9</size>
         <input_file_ref idref="fl-d"/>
      </object_component>
      <object_component id="oc-10">
         <name>.debug_info</name>
         <load_address>0x830e</load_address>
         <run_address>0x830e</run_address>
         <size>0xf8</size>
         <input_file_ref idref="fl-d"/>
      </object_component>
      <object_component id="oc-28">
         <name>.debug_info</name>
         <load_address>0x8406</load_address>
         <run_address>0x8406</run_address>
         <size>0x274</size>
         <input_file_ref idref="fl-d"/>
      </object_component>
      <object_component id="oc-195">
         <name>.debug_info</name>
         <load_address>0x867a</load_address>
         <run_address>0x867a</run_address>
         <size>0x638</size>
         <input_file_ref idref="fl-e"/>
      </object_component>
      <object_component id="oc-192">
         <name>.debug_info</name>
         <load_address>0x8cb2</load_address>
         <run_address>0x8cb2</run_address>
         <size>0xfd</size>
         <input_file_ref idref="fl-e"/>
      </object_component>
      <object_component id="oc-da">
         <name>.debug_info</name>
         <load_address>0x8daf</load_address>
         <run_address>0x8daf</run_address>
         <size>0x786</size>
         <input_file_ref idref="fl-e"/>
      </object_component>
      <object_component id="oc-2d7">
         <name>.debug_info</name>
         <load_address>0x9535</load_address>
         <run_address>0x9535</run_address>
         <size>0x358</size>
         <input_file_ref idref="fl-c9"/>
      </object_component>
      <object_component id="oc-2c9">
         <name>.debug_info</name>
         <load_address>0x988d</load_address>
         <run_address>0x988d</run_address>
         <size>0x11d</size>
         <input_file_ref idref="fl-c9"/>
      </object_component>
      <object_component id="oc-1b5">
         <name>.debug_info</name>
         <load_address>0x99aa</load_address>
         <run_address>0x99aa</run_address>
         <size>0xbd9</size>
         <input_file_ref idref="fl-c9"/>
      </object_component>
      <object_component id="oc-3e0">
         <name>.debug_info</name>
         <load_address>0xa583</load_address>
         <run_address>0xa583</run_address>
         <size>0x46</size>
         <input_file_ref idref="fl-c9"/>
      </object_component>
      <object_component id="oc-2d2">
         <name>.debug_info</name>
         <load_address>0xa5c9</load_address>
         <run_address>0xa5c9</run_address>
         <size>0x39</size>
         <input_file_ref idref="fl-c9"/>
      </object_component>
      <object_component id="oc-3cb">
         <name>.debug_info</name>
         <load_address>0xa602</load_address>
         <run_address>0xa602</run_address>
         <size>0x2bf</size>
         <input_file_ref idref="fl-ca"/>
      </object_component>
      <object_component id="oc-2be">
         <name>.debug_info</name>
         <load_address>0xa8c1</load_address>
         <run_address>0xa8c1</run_address>
         <size>0x242</size>
         <input_file_ref idref="fl-ca"/>
      </object_component>
      <object_component id="oc-3da">
         <name>.debug_info</name>
         <load_address>0xab03</load_address>
         <run_address>0xab03</run_address>
         <size>0x2f2</size>
         <input_file_ref idref="fl-cb"/>
      </object_component>
      <object_component id="oc-2cd">
         <name>.debug_info</name>
         <load_address>0xadf5</load_address>
         <run_address>0xadf5</run_address>
         <size>0x21a</size>
         <input_file_ref idref="fl-cb"/>
      </object_component>
      <object_component id="oc-478">
         <name>.debug_info</name>
         <load_address>0xb00f</load_address>
         <run_address>0xb00f</run_address>
         <size>0x39</size>
         <input_file_ref idref="fl-cb"/>
      </object_component>
      <object_component id="oc-3db">
         <name>.debug_info</name>
         <load_address>0xb048</load_address>
         <run_address>0xb048</run_address>
         <size>0x2c</size>
         <input_file_ref idref="fl-cb"/>
      </object_component>
      <object_component id="oc-389">
         <name>.debug_info</name>
         <load_address>0xb074</load_address>
         <run_address>0xb074</run_address>
         <size>0x3be</size>
         <input_file_ref idref="fl-cc"/>
      </object_component>
      <object_component id="oc-234">
         <name>.debug_info</name>
         <load_address>0xb432</load_address>
         <run_address>0xb432</run_address>
         <size>0x5c9</size>
         <input_file_ref idref="fl-cc"/>
      </object_component>
      <object_component id="oc-3d4">
         <name>.debug_info</name>
         <load_address>0xb9fb</load_address>
         <run_address>0xb9fb</run_address>
         <size>0x156</size>
         <input_file_ref idref="fl-cd"/>
      </object_component>
      <object_component id="oc-95">
         <name>.debug_info</name>
         <load_address>0xbb51</load_address>
         <run_address>0xbb51</run_address>
         <size>0x13f</size>
         <input_file_ref idref="fl-ce"/>
      </object_component>
      <object_component id="oc-1bb">
         <name>.debug_info</name>
         <load_address>0xbc90</load_address>
         <run_address>0xbc90</run_address>
         <size>0x144</size>
         <input_file_ref idref="fl-cf"/>
      </object_component>
      <object_component id="oc-211">
         <name>.debug_info</name>
         <load_address>0xbdd4</load_address>
         <run_address>0xbdd4</run_address>
         <size>0x120</size>
         <input_file_ref idref="fl-d0"/>
      </object_component>
      <object_component id="oc-20d">
         <name>.debug_info</name>
         <load_address>0xbef4</load_address>
         <run_address>0xbef4</run_address>
         <size>0x122</size>
         <input_file_ref idref="fl-d0"/>
      </object_component>
      <object_component id="oc-1cc">
         <name>.debug_info</name>
         <load_address>0xc016</load_address>
         <run_address>0xc016</run_address>
         <size>0x132</size>
         <input_file_ref idref="fl-d1"/>
      </object_component>
      <object_component id="oc-1c5">
         <name>.debug_info</name>
         <load_address>0xc148</load_address>
         <run_address>0xc148</run_address>
         <size>0x132</size>
         <input_file_ref idref="fl-d2"/>
      </object_component>
      <object_component id="oc-1c0">
         <name>.debug_info</name>
         <load_address>0xc27a</load_address>
         <run_address>0xc27a</run_address>
         <size>0x126</size>
         <input_file_ref idref="fl-d3"/>
      </object_component>
      <object_component id="oc-237">
         <name>.debug_info</name>
         <load_address>0xc3a0</load_address>
         <run_address>0xc3a0</run_address>
         <size>0x136</size>
         <input_file_ref idref="fl-d4"/>
      </object_component>
      <object_component id="oc-22c">
         <name>.debug_info</name>
         <load_address>0xc4d6</load_address>
         <run_address>0xc4d6</run_address>
         <size>0x124</size>
         <input_file_ref idref="fl-d5"/>
      </object_component>
      <object_component id="oc-118">
         <name>.debug_info</name>
         <load_address>0xc5fa</load_address>
         <run_address>0xc5fa</run_address>
         <size>0x124</size>
         <input_file_ref idref="fl-d6"/>
      </object_component>
      <object_component id="oc-3e">
         <name>.debug_info</name>
         <load_address>0xc71e</load_address>
         <run_address>0xc71e</run_address>
         <size>0x111</size>
         <input_file_ref idref="fl-d7"/>
      </object_component>
      <object_component id="oc-1af">
         <name>.debug_info</name>
         <load_address>0xc82f</load_address>
         <run_address>0xc82f</run_address>
         <size>0x126</size>
         <input_file_ref idref="fl-d8"/>
      </object_component>
      <object_component id="oc-92">
         <name>.debug_info</name>
         <load_address>0xc955</load_address>
         <run_address>0xc955</run_address>
         <size>0x313</size>
         <input_file_ref idref="fl-d9"/>
      </object_component>
      <object_component id="oc-4a">
         <name>.debug_info</name>
         <load_address>0xcc68</load_address>
         <run_address>0xcc68</run_address>
         <size>0x1b4</size>
         <input_file_ref idref="fl-d9"/>
      </object_component>
      <object_component id="oc-8d">
         <name>.debug_info</name>
         <load_address>0xce1c</load_address>
         <run_address>0xce1c</run_address>
         <size>0x46</size>
         <input_file_ref idref="fl-d9"/>
      </object_component>
      <object_component id="oc-ca">
         <name>.debug_info</name>
         <load_address>0xce62</load_address>
         <run_address>0xce62</run_address>
         <size>0x2c</size>
         <input_file_ref idref="fl-d9"/>
      </object_component>
      <object_component id="oc-46">
         <name>.debug_info</name>
         <load_address>0xce8e</load_address>
         <run_address>0xce8e</run_address>
         <size>0x29d</size>
         <input_file_ref idref="fl-da"/>
      </object_component>
      <object_component id="oc-1a">
         <name>.debug_info</name>
         <load_address>0xd12b</load_address>
         <run_address>0xd12b</run_address>
         <size>0x1df</size>
         <input_file_ref idref="fl-da"/>
      </object_component>
      <object_component id="oc-41">
         <name>.debug_info</name>
         <load_address>0xd30a</load_address>
         <run_address>0xd30a</run_address>
         <size>0x46</size>
         <input_file_ref idref="fl-da"/>
      </object_component>
      <object_component id="oc-85">
         <name>.debug_info</name>
         <load_address>0xd350</load_address>
         <run_address>0xd350</run_address>
         <size>0x2c</size>
         <input_file_ref idref="fl-da"/>
      </object_component>
      <object_component id="oc-83">
         <name>.debug_info</name>
         <load_address>0xd37c</load_address>
         <run_address>0xd37c</run_address>
         <size>0x293</size>
         <input_file_ref idref="fl-db"/>
      </object_component>
      <object_component id="oc-13">
         <name>.debug_info</name>
         <load_address>0xd60f</load_address>
         <run_address>0xd60f</run_address>
         <size>0x245</size>
         <input_file_ref idref="fl-db"/>
      </object_component>
      <object_component id="oc-31">
         <name>.debug_info</name>
         <load_address>0xd854</load_address>
         <run_address>0xd854</run_address>
         <size>0x60</size>
         <input_file_ref idref="fl-db"/>
      </object_component>
      <object_component id="oc-c3">
         <name>.debug_info</name>
         <load_address>0xd8b4</load_address>
         <run_address>0xd8b4</run_address>
         <size>0x46</size>
         <input_file_ref idref="fl-db"/>
      </object_component>
      <object_component id="oc-7e">
         <name>.debug_info</name>
         <load_address>0xd8fa</load_address>
         <run_address>0xd8fa</run_address>
         <size>0x39</size>
         <input_file_ref idref="fl-db"/>
      </object_component>
      <object_component id="oc-22">
         <name>.debug_info</name>
         <load_address>0xd933</load_address>
         <run_address>0xd933</run_address>
         <size>0x100</size>
         <input_file_ref idref="fl-dc"/>
      </object_component>
      <object_component id="oc-5b">
         <name>.debug_info</name>
         <load_address>0xda33</load_address>
         <run_address>0xda33</run_address>
         <size>0x1a4</size>
         <input_file_ref idref="fl-dc"/>
      </object_component>
      <object_component id="oc-3d0">
         <name>.debug_info</name>
         <load_address>0xdbd7</load_address>
         <run_address>0xdbd7</run_address>
         <size>0x27e</size>
         <input_file_ref idref="fl-dd"/>
      </object_component>
      <object_component id="oc-3cd">
         <name>.debug_info</name>
         <load_address>0xde55</load_address>
         <run_address>0xde55</run_address>
         <size>0x103</size>
         <input_file_ref idref="fl-dd"/>
      </object_component>
      <object_component id="oc-2c4">
         <name>.debug_info</name>
         <load_address>0xdf58</load_address>
         <run_address>0xdf58</run_address>
         <size>0x143</size>
         <input_file_ref idref="fl-dd"/>
      </object_component>
      <object_component id="oc-12f">
         <name>.debug_info</name>
         <load_address>0xe09b</load_address>
         <run_address>0xe09b</run_address>
         <size>0x117</size>
         <input_file_ref idref="fl-de"/>
      </object_component>
      <object_component id="oc-6f">
         <name>.debug_info</name>
         <load_address>0xe1b2</load_address>
         <run_address>0xe1b2</run_address>
         <size>0x3bb</size>
         <input_file_ref idref="fl-df"/>
      </object_component>
      <object_component id="oc-25">
         <name>.debug_info</name>
         <load_address>0xe56d</load_address>
         <run_address>0xe56d</run_address>
         <size>0x101</size>
         <input_file_ref idref="fl-df"/>
      </object_component>
      <object_component id="oc-2fa">
         <name>.debug_info</name>
         <load_address>0xe66e</load_address>
         <run_address>0xe66e</run_address>
         <size>0x14c</size>
         <input_file_ref idref="fl-df"/>
      </object_component>
      <object_component id="oc-2ea">
         <name>.debug_info</name>
         <load_address>0xe7ba</load_address>
         <run_address>0xe7ba</run_address>
         <size>0x139</size>
         <input_file_ref idref="fl-df"/>
      </object_component>
      <object_component id="oc-2f1">
         <name>.debug_info</name>
         <load_address>0xe8f3</load_address>
         <run_address>0xe8f3</run_address>
         <size>0x174</size>
         <input_file_ref idref="fl-df"/>
      </object_component>
      <object_component id="oc-2f7">
         <name>.debug_info</name>
         <load_address>0xea67</load_address>
         <run_address>0xea67</run_address>
         <size>0x172</size>
         <input_file_ref idref="fl-df"/>
      </object_component>
      <object_component id="oc-2e4">
         <name>.debug_info</name>
         <load_address>0xebd9</load_address>
         <run_address>0xebd9</run_address>
         <size>0x1db</size>
         <input_file_ref idref="fl-df"/>
      </object_component>
      <object_component id="oc-1dc">
         <name>.debug_info</name>
         <load_address>0xedb4</load_address>
         <run_address>0xedb4</run_address>
         <size>0x1e6</size>
         <input_file_ref idref="fl-df"/>
      </object_component>
      <object_component id="oc-1d6">
         <name>.debug_info</name>
         <load_address>0xef9a</load_address>
         <run_address>0xef9a</run_address>
         <size>0x1b1</size>
         <input_file_ref idref="fl-df"/>
      </object_component>
      <object_component id="oc-b3">
         <name>.debug_info</name>
         <load_address>0xf14b</load_address>
         <run_address>0xf14b</run_address>
         <size>0x2c</size>
         <input_file_ref idref="fl-df"/>
      </object_component>
      <object_component id="oc-b8">
         <name>.debug_info</name>
         <load_address>0xf177</load_address>
         <run_address>0xf177</run_address>
         <size>0x62</size>
         <input_file_ref idref="fl-df"/>
      </object_component>
      <object_component id="oc-3a1">
         <name>.debug_info</name>
         <load_address>0xf1d9</load_address>
         <run_address>0xf1d9</run_address>
         <size>0x2be</size>
         <input_file_ref idref="fl-e0"/>
      </object_component>
      <object_component id="oc-262">
         <name>.debug_info</name>
         <load_address>0xf497</load_address>
         <run_address>0xf497</run_address>
         <size>0x113</size>
         <input_file_ref idref="fl-e0"/>
      </object_component>
      <object_component id="oc-39b">
         <name>.debug_info</name>
         <load_address>0xf5aa</load_address>
         <run_address>0xf5aa</run_address>
         <size>0x123</size>
         <input_file_ref idref="fl-e0"/>
      </object_component>
      <object_component id="oc-2a2">
         <name>.debug_info</name>
         <load_address>0xf6cd</load_address>
         <run_address>0xf6cd</run_address>
         <size>0x2ae</size>
         <input_file_ref idref="fl-e2"/>
      </object_component>
      <object_component id="oc-18c">
         <name>.debug_info</name>
         <load_address>0xf97b</load_address>
         <run_address>0xf97b</run_address>
         <size>0x171</size>
         <input_file_ref idref="fl-e2"/>
      </object_component>
      <object_component id="oc-3c0">
         <name>.debug_info</name>
         <load_address>0xfaec</load_address>
         <run_address>0xfaec</run_address>
         <size>0xee</size>
         <input_file_ref idref="fl-e3"/>
      </object_component>
      <object_component id="oc-29f">
         <name>.debug_info</name>
         <load_address>0xfbda</load_address>
         <run_address>0xfbda</run_address>
         <size>0xfa</size>
         <input_file_ref idref="fl-e3"/>
      </object_component>
      <object_component id="oc-229">
         <name>.debug_info</name>
         <load_address>0xfcd4</load_address>
         <run_address>0xfcd4</run_address>
         <size>0x328</size>
         <input_file_ref idref="fl-e4"/>
      </object_component>
      <object_component id="oc-111">
         <name>.debug_info</name>
         <load_address>0xfffc</load_address>
         <run_address>0xfffc</run_address>
         <size>0x1c6</size>
         <input_file_ref idref="fl-e4"/>
      </object_component>
      <object_component id="oc-21e">
         <name>.debug_info</name>
         <load_address>0x101c2</load_address>
         <run_address>0x101c2</run_address>
         <size>0x182</size>
         <input_file_ref idref="fl-e4"/>
      </object_component>
      <object_component id="oc-224">
         <name>.debug_info</name>
         <load_address>0x10344</load_address>
         <run_address>0x10344</run_address>
         <size>0x162</size>
         <input_file_ref idref="fl-e4"/>
      </object_component>
      <object_component id="oc-28b">
         <name>.debug_info</name>
         <load_address>0x104a6</load_address>
         <run_address>0x104a6</run_address>
         <size>0x2c</size>
         <input_file_ref idref="fl-e4"/>
      </object_component>
      <object_component id="oc-207">
         <name>.debug_info</name>
         <load_address>0x104d2</load_address>
         <run_address>0x104d2</run_address>
         <size>0x393</size>
         <input_file_ref idref="fl-e5"/>
      </object_component>
      <object_component id="oc-fe">
         <name>.debug_info</name>
         <load_address>0x10865</load_address>
         <run_address>0x10865</run_address>
         <size>0x173</size>
         <input_file_ref idref="fl-e5"/>
      </object_component>
      <object_component id="oc-1fb">
         <name>.debug_info</name>
         <load_address>0x109d8</load_address>
         <run_address>0x109d8</run_address>
         <size>0x166</size>
         <input_file_ref idref="fl-e5"/>
      </object_component>
      <object_component id="oc-1f5">
         <name>.debug_info</name>
         <load_address>0x10b3e</load_address>
         <run_address>0x10b3e</run_address>
         <size>0x173</size>
         <input_file_ref idref="fl-e5"/>
      </object_component>
      <object_component id="oc-202">
         <name>.debug_info</name>
         <load_address>0x10cb1</load_address>
         <run_address>0x10cb1</run_address>
         <size>0x1d3</size>
         <input_file_ref idref="fl-e5"/>
      </object_component>
      <object_component id="oc-209">
         <name>.debug_info</name>
         <load_address>0x10e84</load_address>
         <run_address>0x10e84</run_address>
         <size>0x27f</size>
         <input_file_ref idref="fl-e6"/>
      </object_component>
      <object_component id="oc-104">
         <name>.debug_info</name>
         <load_address>0x11103</load_address>
         <run_address>0x11103</run_address>
         <size>0x258</size>
         <input_file_ref idref="fl-e6"/>
      </object_component>
      <object_component id="oc-1ed">
         <name>.debug_info</name>
         <load_address>0x1135b</load_address>
         <run_address>0x1135b</run_address>
         <size>0x299</size>
         <input_file_ref idref="fl-e7"/>
      </object_component>
      <object_component id="oc-fb">
         <name>.debug_info</name>
         <load_address>0x115f4</load_address>
         <run_address>0x115f4</run_address>
         <size>0x231</size>
         <input_file_ref idref="fl-e7"/>
      </object_component>
      <object_component id="oc-296">
         <name>.debug_info</name>
         <load_address>0x11825</load_address>
         <run_address>0x11825</run_address>
         <size>0x284</size>
         <input_file_ref idref="fl-e8"/>
      </object_component>
      <object_component id="oc-17c">
         <name>.debug_info</name>
         <load_address>0x11aa9</load_address>
         <run_address>0x11aa9</run_address>
         <size>0x22a</size>
         <input_file_ref idref="fl-e8"/>
      </object_component>
      <object_component id="oc-28a">
         <name>.debug_info</name>
         <load_address>0x11cd3</load_address>
         <run_address>0x11cd3</run_address>
         <size>0x335</size>
[...]
         <object_component_ref idref="oc-f1"/>
      </symbol>
      <symbol id="sm-25e">
         <name>oi_init</name>
         <value>0xd9d</value>
         <object_component_ref idref="oc-f1"/>
      </symbol>
      <symbol id="sm-25f">
         <name>oi_update</name>
         <value>0xdc5</value>
         <object_component_ref idref="oc-f1"/>
      </symbol>
      <symbol id="sm-260">
         <name>oi_uartInit</name>
         <value>0x142d</value>
         <object_component_ref idref="oc-f1"/>
      </symbol>
      <symbol id="sm-2a5">
         <name>ping_read</name>
         <value>0x52fb</value>
         <object_component_ref idref="oc-eb"/>
      </symbol>
      <symbol id="sm-2a6">
         <name>function_state</name>
         <value>0x200022f8</value>
         <object_component_ref idref="oc-1ce"/>
      </symbol>
      <symbol id="sm-2a7">
         <name>time_last</name>
         <value>0x20002304</value>
         <object_component_ref idref="oc-1ce"/>
      </symbol>
      <symbol id="sm-2a8">
         <name>time_first</name>
         <value>0x20002300</value>
         <object_component_ref idref="oc-1ce"/>
      </symbol>
      <symbol id="sm-2a9">
         <name>switch_function</name>
         <value>0x53c5</value>
         <object_component_ref idref="oc-eb"/>
      </symbol>
      <symbol id="sm-2aa">
         <name>edge_state</name>
         <value>0x200022fc</value>
         <object_component_ref idref="oc-1ce"/>
      </symbol>
      <symbol id="sm-2ab">
         <name>TIMER3B_Handler</name>
         <value>0x52c3</value>
         <object_component_ref idref="oc-eb"/>
      </symbol>
      <symbol id="sm-2ac">
         <name>overflow_count</name>
         <value>0x20002308</value>
         <object_component_ref idref="oc-1ce"/>
      </symbol>
      <symbol id="sm-2ad">
         <name>ping_init</name>
         <value>0x5219</value>
         <object_component_ref idref="oc-eb"/>
      </symbol>
      <symbol id="sm-2ae">
         <name>ping_send</name>
         <value>0x541f</value>
         <object_component_ref idref="oc-eb"/>
      </symbol>
      <symbol id="sm-2dd">
         <name>servo_move</name>
         <value>0x5dc7</value>
         <object_component_ref idref="oc-df"/>
      </symbol>
      <symbol id="sm-2de">
         <name>movement_direction</name>
         <value>0x20002334</value>
         <object_component_ref idref="oc-1aa"/>
      </symbol>
      <symbol id="sm-2df">
         <name>servo_init</name>
         <value>0x5d35</value>
         <object_component_ref idref="oc-df"/>
      </symbol>
      <symbol id="sm-2e0">
         <name>servo_position</name>
         <value>0x20002330</value>
         <object_component_ref idref="oc-1aa"/>
      </symbol>
      <symbol id="sm-301">
         <name>timer_startClock</name>
         <value>0x6435</value>
         <object_component_ref idref="oc-126"/>
      </symbol>
      <symbol id="sm-302">
         <name>timer_stopClock</name>
         <value>0x6487</value>
         <object_component_ref idref="oc-126"/>
      </symbol>
      <symbol id="sm-303">
         <name>timer_getClock</name>
         <value>0x6481</value>
         <object_component_ref idref="oc-126"/>
      </symbol>
      <symbol id="sm-304">
         <name>timer_stopTimer</name>
         <value>0x641f</value>
         <object_component_ref idref="oc-126"/>
      </symbol>
      <symbol id="sm-305">
         <name>timer_startTimer</name>
         <value>0x63cf</value>
         <object_component_ref idref="oc-126"/>
      </symbol>
      <symbol id="sm-306">
         <name>timer_waitMillis</name>
         <value>0x6371</value>
         <object_component_ref idref="oc-126"/>
      </symbol>
      <symbol id="sm-307">
         <name>timer_waitMicros</name>
         <value>0x63a5</value>
         <object_component_ref idref="oc-126"/>
      </symbol>
      <symbol id="sm-323">
         <name>ResetISR</name>
         <value>0x7bfb</value>
         <object_component_ref idref="oc-27"/>
      </symbol>
      <symbol id="sm-324">
         <name>g_pfnVectors</name>
         <value>0x0</value>
         <object_component_ref idref="oc-f"/>
      </symbol>
      <symbol id="sm-37a">
         <name>arr</name>
         <value>0x200022dc</value>
      </symbol>
      <symbol id="sm-37b">
         <name>sensor_data</name>
         <value>0x200022f4</value>
      </symbol>
      <symbol id="sm-37c">
         <name>moveWithWords</name>
         <value>0x47f1</value>
         <object_component_ref idref="oc-d9"/>
      </symbol>
      <symbol id="sm-37d">
         <name>uart_sendChar</name>
         <value>0x4779</value>
         <object_component_ref idref="oc-d9"/>
      </symbol>
      <symbol id="sm-37e">
         <name>uart_interrupt_init</name>
         <value>0x4a89</value>
         <object_component_ref idref="oc-d9"/>
      </symbol>
      <symbol id="sm-37f">
         <name>initialized</name>
         <value>0x2000233c</value>
         <object_component_ref idref="oc-191"/>
      </symbol>
      <symbol id="sm-380">
         <name>uart_handler</name>
         <value>0x49fd</value>
         <object_component_ref idref="oc-d9"/>
      </symbol>
      <symbol id="sm-381">
         <name>uart_init</name>
         <value>0x4705</value>
         <object_component_ref idref="oc-d9"/>
      </symbol>
      <symbol id="sm-382">
         <name>uart_receive</name>
         <value>0x4795</value>
         <object_component_ref idref="oc-d9"/>
      </symbol>
      <symbol id="sm-383">
         <name>count</name>
         <value>0x20002338</value>
         <object_component_ref idref="oc-191"/>
      </symbol>
      <symbol id="sm-384">
         <name>uart_sendString</name>
         <value>0x47bb</value>
         <object_component_ref idref="oc-d9"/>
      </symbol>
      <symbol id="sm-419">
         <name>pow</name>
         <value>0x225d</value>
         <object_component_ref idref="oc-1b4"/>
      </symbol>
      <symbol id="sm-41a">
         <name>powl</name>
         <value>0x225d</value>
         <object_component_ref idref="oc-1b4"/>
      </symbol>
      <symbol id="sm-43c">
         <name>sqrtl</name>
         <value>0x6219</value>
         <object_component_ref idref="oc-2bc"/>
      </symbol>
      <symbol id="sm-43d">
         <name>sqrt</name>
         <value>0x6219</value>
         <object_component_ref idref="oc-2bc"/>
      </symbol>
      <symbol id="sm-464">
         <name>scalbn</name>
         <value>0x698d</value>
         <object_component_ref idref="oc-2cb"/>
      </symbol>
      <symbol id="sm-465">
         <name>scalbnl</name>
         <value>0x698d</value>
         <object_component_ref idref="oc-2cb"/>
      </symbol>
      <symbol id="sm-466">
         <name>ldexpl</name>
         <value>0x698d</value>
         <object_component_ref idref="oc-2cb"/>
      </symbol>
      <symbol id="sm-467">
         <name>ldexp</name>
         <value>0x698d</value>
         <object_component_ref idref="oc-2cb"/>
      </symbol>
      <symbol id="sm-4b7">
         <name>tanl</name>
         <value>0x392d</value>
         <object_component_ref idref="oc-230"/>
      </symbol>
      <symbol id="sm-4b8">
         <name>tan</name>
         <value>0x392d</value>
         <object_component_ref idref="oc-230"/>
      </symbol>
      <symbol id="sm-4c2">
         <name>copysign</name>
         <value>0x7b4f</value>
         <object_component_ref idref="oc-3d3"/>
      </symbol>
      <symbol id="sm-4c3">
         <name>copysignl</name>
         <value>0x7b4f</value>
         <object_component_ref idref="oc-3d3"/>
      </symbol>
      <symbol id="sm-4d2">
         <name>__aeabi_memset</name>
         <value>0x72d7</value>
         <object_component_ref idref="oc-93"/>
      </symbol>
      <symbol id="sm-4d3">
         <name>memset</name>
         <value>0x72dd</value>
         <object_component_ref idref="oc-93"/>
      </symbol>
      <symbol id="sm-4d4">
         <name>__aeabi_memset8</name>
         <value>0x72d7</value>
         <object_component_ref idref="oc-93"/>
      </symbol>
      <symbol id="sm-4d5">
         <name>__aeabi_memset4</name>
         <value>0x72d7</value>
         <object_component_ref idref="oc-93"/>
      </symbol>
      <symbol id="sm-4d6">
         <name>__aeabi_memclr8</name>
         <value>0x72d5</value>
         <object_component_ref idref="oc-93"/>
      </symbol>
      <symbol id="sm-4d7">
         <name>__aeabi_memclr4</name>
         <value>0x72d5</value>
         <object_component_ref idref="oc-93"/>
      </symbol>
      <symbol id="sm-4d8">
         <name>__aeabi_memclr</name>
         <value>0x72d5</value>
         <object_component_ref idref="oc-93"/>
      </symbol>
      <symbol id="sm-4ef">
         <name>__aeabi_dsub</name>
         <value>0x5f05</value>
         <object_component_ref idref="oc-1ba"/>
      </symbol>
      <symbol id="sm-4f0">
         <name>__aeabi_dadd</name>
         <value>0x5f0f</value>
         <object_component_ref idref="oc-1ba"/>
      </symbol>
      <symbol id="sm-512">
         <name>__aeabi_cdcmpeq</name>
         <value>0x7149</value>
         <object_component_ref idref="oc-20f"/>
      </symbol>
      <symbol id="sm-513">
         <name>__aeabi_cdcmple</name>
         <value>0x7149</value>
         <object_component_ref idref="oc-20f"/>
      </symbol>
      <symbol id="sm-514">
         <name>__aeabi_cdrcmple</name>
         <value>0x71cf</value>
         <object_component_ref idref="oc-20a"/>
      </symbol>
      <symbol id="sm-528">
         <name>__aeabi_ddiv</name>
         <value>0x6605</value>
         <object_component_ref idref="oc-1c9"/>
      </symbol>
      <symbol id="sm-533">
         <name>__aeabi_dmul</name>
         <value>0x6bad</value>
         <object_component_ref idref="oc-1c4"/>
      </symbol>
      <symbol id="sm-53d">
         <name>__aeabi_d2iz</name>
         <value>0x7721</value>
         <object_component_ref idref="oc-1bf"/>
      </symbol>
      <symbol id="sm-549">
         <name>__aeabi_d2f</name>
         <value>0x7437</value>
         <object_component_ref idref="oc-236"/>
      </symbol>
      <symbol id="sm-554">
         <name>__aeabi_f2d</name>
         <value>0x7919</value>
         <object_component_ref idref="oc-22b"/>
      </symbol>
      <symbol id="sm-55e">
         <name>__aeabi_i2d</name>
         <value>0x79ed</value>
         <object_component_ref idref="oc-115"/>
      </symbol>
      <symbol id="sm-579">
         <name>memcpy</name>
         <value>0x7017</value>
         <object_component_ref idref="oc-3b"/>
      </symbol>
      <symbol id="sm-57a">
         <name>__aeabi_memcpy</name>
         <value>0x7017</value>
         <object_component_ref idref="oc-3b"/>
      </symbol>
      <symbol id="sm-57b">
         <name>__aeabi_memcpy8</name>
         <value>0x7017</value>
         <object_component_ref idref="oc-3b"/>
      </symbol>
      <symbol id="sm-57c">
         <name>__aeabi_memcpy4</name>
         <value>0x7017</value>
         <object_component_ref idref="oc-3b"/>
      </symbol>
      <symbol id="sm-586">
         <name>__aeabi_ui2d</name>
         <value>0x7a6d</value>
         <object_component_ref idref="oc-1ae"/>
      </symbol>
      <symbol id="sm-59f">
         <name>__TI_zero_init_nomemset</name>
         <value>0x7b9d</value>
         <object_component_ref idref="oc-47"/>
      </symbol>
      <symbol id="sm-5b6">
         <name>__TI_decompress_none</name>
         <value>0x7be1</value>
         <object_component_ref idref="oc-18"/>
      </symbol>
      <symbol id="sm-5d9">
         <name>__TI_decompress_lzss</name>
         <value>0x750d</value>
         <object_component_ref idref="oc-12"/>
      </symbol>
      <symbol id="sm-5ec">
         <name>__stack</name>
         <value>0x20000270</value>
         <object_component_ref idref="oc-21"/>
      </symbol>
      <symbol id="sm-5ed">
         <name>_c_int00_noargs</name>
         <value>0x78a9</value>
         <object_component_ref idref="oc-59"/>
      </symbol>
      <symbol id="sm-603">
         <name>__aeabi_errno_addr</name>
         <value>0x7c11</value>
         <object_component_ref idref="oc-2c2"/>
      </symbol>
      <symbol id="sm-604">
         <name>errno</name>
         <value>0x20002340</value>
         <object_component_ref idref="oc-3cc"/>
      </symbol>
      <symbol id="sm-60f">
         <name>C$$EXIT</name>
         <value>0x7c25</value>
         <object_component_ref idref="oc-12e"/>
      </symbol>
      <symbol id="sm-610">
         <name>abort</name>
         <value>0x7c25</value>
         <object_component_ref idref="oc-12e"/>
      </symbol>
      <symbol id="sm-696">
         <name>_sys_memory</name>
         <value>0x20001270</value>
         <object_component_ref idref="oc-24"/>
      </symbol>
      <symbol id="sm-697">
         <name>free</name>
         <value>0x6e8d</value>
         <object_component_ref idref="oc-1d8"/>
      </symbol>
      <symbol id="sm-698">
         <name>calloc</name>
         <value>0x7a1b</value>
         <object_component_ref idref="oc-1d2"/>
      </symbol>
      <symbol id="sm-699">
         <name>malloc</name>
         <value>0x7351</value>
         <object_component_ref idref="oc-2e0"/>
      </symbol>
      <symbol id="sm-69a">
         <name>minit</name>
         <value>0x78e1</value>
         <object_component_ref idref="oc-2e7"/>
      </symbol>
      <symbol id="sm-6af">
         <name>_nop</name>
         <value>0x225b</value>
         <object_component_ref idref="oc-399"/>
      </symbol>
      <symbol id="sm-6b0">
         <name>_lock</name>
         <value>0x20002328</value>
         <object_component_ref idref="oc-261"/>
      </symbol>
      <symbol id="sm-6b1">
         <name>_unlock</name>
         <value>0x2000232c</value>
         <object_component_ref idref="oc-261"/>
      </symbol>
      <symbol id="sm-6c8">
         <name>atoi</name>
         <value>0x76d5</value>
         <object_component_ref idref="oc-18b"/>
      </symbol>
      <symbol id="sm-6d3">
         <name>_ctypes_</name>
         <value>0x7d80</value>
         <object_component_ref idref="oc-29e"/>
      </symbol>
      <symbol id="sm-6fa">
         <name>sprintf</name>
         <value>0x77ad</value>
         <object_component_ref idref="oc-10f"/>
      </symbol>
      <symbol id="sm-731">
         <name>sscanf</name>
         <value>0x7951</value>
         <object_component_ref idref="oc-fd"/>
      </symbol>
      <symbol id="sm-740">
         <name>strcmp</name>
         <value>0x7b09</value>
         <object_component_ref idref="oc-103"/>
      </symbol>
      <symbol id="sm-74e">
         <name>strcpy</name>
         <value>0x7b63</value>
         <object_component_ref idref="oc-f7"/>
      </symbol>
      <symbol id="sm-75c">
         <name>strlen</name>
         <value>0x7b77</value>
         <object_component_ref idref="oc-17b"/>
      </symbol>
      <symbol id="sm-786">
         <name>vsnprintf</name>
         <value>0x77ed</value>
         <object_component_ref idref="oc-175"/>
      </symbol>
      <symbol id="sm-7ed">
         <name>__kernel_rem_pio2</name>
         <value>0x2c1d</value>
         <object_component_ref idref="oc-37c"/>
      </symbol>
      <symbol id="sm-80b">
         <name>__kernel_tan</name>
         <value>0x4f01</value>
         <object_component_ref idref="oc-382"/>
      </symbol>
      <symbol id="sm-828">
         <name>floorl</name>
         <value>0x6ca9</value>
         <object_component_ref idref="oc-44b"/>
      </symbol>
      <symbol id="sm-829">
         <name>floor</name>
         <value>0x6ca9</value>
         <object_component_ref idref="oc-44b"/>
      </symbol>
      <symbol id="sm-851">
         <name>__TI_auto_init_nobinit_nopinit</name>
         <value>0x7769</value>
         <object_component_ref idref="oc-13a"/>
      </symbol>
      <symbol id="sm-85b">
         <name>_system_pre_init</name>
         <value>0x7c21</value>
         <object_component_ref idref="oc-99"/>
      </symbol>
      <symbol id="sm-9c1">
         <name>__TI_printfi</name>
         <value>0x17fd</value>
         <object_component_ref idref="oc-216"/>
      </symbol>
      <symbol id="sm-a72">
         <name>__TI_scanfi</name>
         <value>0x26d</value>
         <object_component_ref idref="oc-1ee"/>
      </symbol>
      <symbol id="sm-a81">
         <name>ltoa</name>
         <value>0x762f</value>
         <object_component_ref idref="oc-413"/>
      </symbol>
      <symbol id="sm-a91">
         <name>memccpy</name>
         <value>0x7a8d</value>
         <object_component_ref idref="oc-35f"/>
      </symbol>
      <symbol id="sm-aa1">
         <name>strchr</name>
         <value>0x7b39</value>
         <object_component_ref idref="oc-327"/>
      </symbol>
      <symbol id="sm-ab0">
         <name>strrchr</name>
         <value>0x7b21</value>
         <object_component_ref idref="oc-321"/>
      </symbol>
      <symbol id="sm-b10">
         <name>strtold</name>
         <value>0x42a5</value>
         <object_component_ref idref="oc-30f"/>
      </symbol>
      <symbol id="sm-b11">
         <name>strtod</name>
         <value>0x42a5</value>
         <object_component_ref idref="oc-30f"/>
      </symbol>
      <symbol id="sm-b35">
         <name>strtol</name>
         <value>0x673d</value>
         <object_component_ref idref="oc-315"/>
      </symbol>
      <symbol id="sm-b5b">
         <name>strtoll</name>
         <value>0x5989</value>
         <object_component_ref idref="oc-31b"/>
      </symbol>
      <symbol id="sm-b7b">
         <name>strtoul</name>
         <value>0x6a9d</value>
         <object_component_ref idref="oc-309"/>
      </symbol>
      <symbol id="sm-b9e">
         <name>strtoull</name>
         <value>0x60bd</value>
         <object_component_ref idref="oc-303"/>
      </symbol>
      <symbol id="sm-bb4">
         <name>frexpl</name>
         <value>0x7575</value>
         <object_component_ref idref="oc-434"/>
      </symbol>
      <symbol id="sm-bb5">
         <name>frexp</name>
         <value>0x7575</value>
         <object_component_ref idref="oc-434"/>
      </symbol>
      <symbol id="sm-bce">
         <name>wcslen</name>
         <value>0x7baf</value>
         <object_component_ref idref="oc-365"/>
      </symbol>
      <symbol id="sm-bd7">
         <name>__aeabi_lmul</name>
         <value>0x7af1</value>
         <object_component_ref idref="oc-3ef"/>
      </symbol>
      <symbol id="sm-be4">
         <name>__aeabi_uldivmod</name>
         <value>0x70b3</value>
         <object_component_ref idref="oc-3f4"/>
      </symbol>
      <symbol id="sm-bee">
         <name>__aeabi_idiv0</name>
         <value>0x60bb</value>
         <object_component_ref idref="oc-47e"/>
      </symbol>
      <symbol id="sm-bef">
         <name>__aeabi_ldiv0</name>
         <value>0x60bb</value>
         <object_component_ref idref="oc-47e"/>
      </symbol>
      <symbol id="sm-c14">
         <name>IntRegister</name>
         <value>0x7989</value>
         <object_component_ref idref="oc-197"/>
      </symbol>
      <symbol id="sm-c15">
         <name>g_pfnRAMVectors</name>
         <value>0x20000000</value>
         <object_component_ref idref="oc-2a7"/>
      </symbol>
      <symbol id="sm-c16">
         <name>IntMasterEnable</name>
         <value>0x7bc1</value>
         <object_component_ref idref="oc-19d"/>
      </symbol>
      <symbol id="sm-c20">
         <name>CPUcpsie</name>
         <value>0x7bef</value>
         <object_component_ref idref="oc-2b1"/>
      </symbol>
      <symbol id="sm-c21">
         <name>__TI_static_base__</name>
         <value>0x0</value>
      </symbol>
      <symbol id="sm-c24">
         <name>__mpu_init</name>
         <value>0x0</value>
      </symbol>
      <symbol id="sm-c25">
         <name>_system_post_cinit</name>
         <value>0x0</value>
      </symbol>
   </symbol_table>
   <title>Link successful</title>
</link_info>
