******************************************************************************
                  TI ARM Linker PC v18.1.2                     
******************************************************************************
>> Linked Mon Apr 22 22:49:44 2019

OUTPUT FILE NAME:   <Project.out>
ENTRY POINT SYMBOL: "_c_int00_noargs"  address: 00004d21


MEMORY CONFIGURATION

         name            origin    length      used     unused   attr    fill
----------------------  --------  ---------  --------  --------  ----  --------
  FLASH                 00000000   00040000  00005343  0003acbd  R  X
  SRAM                  20000000   00008000  00002308  00005cf8  RW X


SEGMENT ALLOCATION MAP

run origin  load origin   length   init length attrs members
----------  ----------- ---------- ----------- ----- -------
00000000    00000000    00005348   00005348    r-x
  00000000    00000000    0000026c   0000026c    r-- .intvecs
  0000026c    0000026c    00004d8c   00004d8c    r-x .text
  00004ff8    00004ff8    000002f3   000002f3    r-- .const
  000052f0    000052f0    00000058   00000058    r-- .cinit
20000000    20000000    0000230c   00000000    rw-
  20000000    20000000    0000026c   00000000    rw- .vtable
  20000270    20000270    00001000   00000000    rw- .stack
  20001270    20001270    00001000   00000000    rw- .sysmem
  20002270    20002270    0000006c   00000000    rw- .bss
  200022dc    200022dc    00000030   00000000    rw- .data


SECTION ALLOCATION MAP

 output                                  attributes/
section   page    origin      length       input sections
--------  ----  ----------  ----------   ----------------
.intvecs   0    00000000    0000026c     
                  00000000    0000026c     tm4c123gh6pm_startup_ccs.obj (.intvecs)

.text      0    0000026c    00004d8c     
                  0000026c    00000aa0     open_interface.obj (.text)
                  00000d0c    00000a5e     rtsv7M4_T_le_v4SPD16_eabi.lib : _printfi.c.obj (.text:__TI_printfi)
                  0000176a    00000002                                   : _lock.c.obj (.text:_nop)
                  0000176c    00000738                                   : k_rem_pio2.c.obj (.text:__kernel_rem_pio2)
                  00001ea4    0000053c     analysis.obj (.text)
                  000023e0    00000508     rtsv7M4_T_le_v4SPD16_eabi.lib : s_tan.c.obj (.text:tan)
                  000028e8    000003cc     movement.obj (.text)
                  00002cb4    000003a0     lcd.obj (.text)
                  00003054    00000318     rtsv7M4_T_le_v4SPD16_eabi.lib : k_tan.c.obj (.text:__kernel_tan)
                  0000336c    00000270                                   : _printfi.c.obj (.text:_pconv_a)
                  000035dc    000001d0                                   : _printfi.c.obj (.text:_pconv_g)
                  000037ac    000001d0     servo.obj (.text)
                  0000397c    000001b6     rtsv7M4_T_le_v4SPD16_eabi.lib : fd_add_t2.asm.obj (.text)
                  00003b32    00000002                                   : div0.asm.obj (.text)
                  00003b34    00000174     uart.obj (.text)
                  00003ca8    00000158     timer.obj (.text)
                  00003e00    0000013c     rtsv7M4_T_le_v4SPD16_eabi.lib : _printfi.c.obj (.text:_pconv_e)
                  00003f3c    00000136                                   : fd_div_t2.asm.obj (.text)
                  00004072    00000002     --HOLE-- [fill = 0]
                  00004074    00000120                                   : _printfi.c.obj (.text:fcvt)
                  00004194    00000110                                   : s_scalbn.c.obj (.text:scalbn)
                  000042a4    000000fc                                   : fd_mul_t2.asm.obj (.text)
                  000043a0    000000f8                                   : s_floor.c.obj (.text:floor)
                  00004498    000000d8                                   : memory.c.obj (.text:free)
                  00004570    000000b1                                   : _printfi.c.obj (.text:_ltostr)
                  00004621    00000001     --HOLE-- [fill = 0]
                  00004622    0000009c                                   : memcpy_t2.asm.obj (.text)
                  000046be    00000096                                   : ull_div_t2.asm.obj (.text)
                  00004754    00000086                                   : fd_cmp_t2.asm.obj (.text:__aeabi_cdcmple)
                  000047da    00000086                                   : fd_cmp_t2.asm.obj (.text:__aeabi_cdrcmple)
                  00004860    0000007a                                   : memset_t2.asm.obj (.text)
                  000048da    00000002     --HOLE-- [fill = 0]
                  000048dc    00000078                                   : memory.c.obj (.text:malloc)
                  00004954    0000006e                                   : _printfi.c.obj (.text:_mcpy)
                  000049c2    00000068                                   : copy_decompress_lzss.c.obj (.text:decompress:lzss:__TI_decompress_lzss)
                  00004a2a    00000002     --HOLE-- [fill = 0]
                  00004a2c    00000064                                   : s_frexp.c.obj (.text:frexp)
                  00004a90    00000056                                   : _printfi.c.obj (.text:_pconv_f)
                  00004ae6    00000054                                   : ltoa.c.obj (.text:ltoa)
                  00004b3a    00000052                                   : _printfi.c.obj (.text:_ecpy)
                  00004b8c    0000004c                                   : atoi.c.obj (.text:atoi)
                  00004bd8    00000048                                   : fd_toi_t2.asm.obj (.text)
                  00004c20    00000044                                   : autoinit.c.obj (.text:__TI_auto_init_nobinit_nopinit:__TI_auto_init_nobinit_nopinit)
                  00004c64    00000040                                   : vsnprintf.c.obj (.text:vsnprintf)
                  00004ca4    0000003e                                   : _printfi.c.obj (.text:_fcpy)
                  00004ce2    00000002     --HOLE-- [fill = 0]
                  00004ce4    0000003c                                   : memory.c.obj (.text:minsert)
                  00004d20    00000038                                   : boot_cortex_m.c.obj (.text:_c_int00_noargs:_c_int00_noargs)
                  00004d58    00000038                                   : memory.c.obj (.text:minit)
                  00004d90    00000038                                   : fs_tod_t2.asm.obj (.text)
                  00004dc8    00000034     driverlib.lib : interrupt.obj (.text:IntRegister)
                  00004dfc    00000030     rtsv7M4_T_le_v4SPD16_eabi.lib : vsnprintf.c.obj (.text:_outs)
                  00004e2c    0000002e                                   : i_tofd_t2.asm.obj (.text)
                  00004e5a    0000002a                                   : memory.c.obj (.text:calloc)
                  00004e84    00000028                                   : memory.c.obj (.text:mremove)
                  00004eac    0000001c                                   : memccpy.c.obj (.text:memccpy)
                  00004ec8    0000001a     main.obj (.text)
                  00004ee2    00000018     rtsv7M4_T_le_v4SPD16_eabi.lib : vsnprintf.c.obj (.text:_outc)
                  00004efa    00000018     open_interface.obj (.text:oi_parseInt)
                  00004f12    00000018     rtsv7M4_T_le_v4SPD16_eabi.lib : strcmp.c.obj (.text:strcmp)
                  00004f2a    00000016                                   : strchr.c.obj (.text:strchr)
                  00004f40    00000014                                   : s_copysign.c.obj (.text:copysign)
                  00004f54    00000014                                   : strcpy.c.obj (.text:strcpy)
                  00004f68    00000014                                   : strlen.c.obj (.text:strlen)
                  00004f7c    00000012                                   : copy_zero_init.c.obj (.text:decompress:ZI:__TI_zero_init_nomemset:__TI_zero_init_nomemset)
                  00004f8e    00000012                                   : wcslen.c.obj (.text:wcslen)
                  00004fa0    00000010     driverlib.lib : interrupt.obj (.text:IntMasterEnable)
                  00004fb0    00000010     lcd.obj (.text:lcd_clear)
                  00004fc0    0000000e     rtsv7M4_T_le_v4SPD16_eabi.lib : copy_decompress_none.c.obj (.text:decompress:none:__TI_decompress_none)
                  00004fce    0000000c     driverlib.lib : cpu.obj (.text:CPUcpsie)
                  00004fda    0000000c     tm4c123gh6pm_startup_ccs.obj (.text)
                  00004fe6    00000002     --HOLE-- [fill = 0]
                  00004fe8    00000008     rtsv7M4_T_le_v4SPD16_eabi.lib : errno.c.obj (.text:__aeabi_errno_addr)
                  00004ff0    00000004                                   : pre_init.c.obj (.text:_system_pre_init)
                  00004ff4    00000004                                   : exit.c.obj (.text:abort:abort)

.const     0    00004ff8    000002f3     
                  00004ff8    00000158     rtsv7M4_T_le_v4SPD16_eabi.lib : k_rem_pio2.c.obj (.const:$O1$$)
                  00005150    00000101                                   : ctype.c.obj (.const:.string:_ctypes_)
                  00005251    00000004     lcd.obj (.const:.string:lineAddress$1)
                  00005255    00000003     --HOLE-- [fill = 0]
                  00005258    00000080     rtsv7M4_T_le_v4SPD16_eabi.lib : k_tan.c.obj (.const:xxx)
                  000052d8    0000000f     open_interface.obj (.const:.string:$P$T0$3)
                  000052e7    00000004     lcd.obj (.const:.string:lineAddresses$2)

.cinit     0    000052f0    00000058     
                  000052f0    0000001d     (.cinit..data.load) [load image, compression = lzss]
                  0000530d    00000003     --HOLE-- [fill = 0]
                  00005310    0000000c     (__TI_handler_table)
                  0000531c    00000004     --HOLE-- [fill = 0]
                  00005320    00000008     (.cinit..bss.load) [load image, compression = zero_init]
                  00005328    00000008     (.cinit..vtable.load) [load image, compression = zero_init]
                  00005330    00000018     (__TI_cinit_table)

.init_array 
*          0    00000000    00000000     UNINITIALIZED

.vtable    0    20000000    0000026c     UNINITIALIZED
                  20000000    0000026c     driverlib.lib : interrupt.obj (.vtable)

.stack     0    20000270    00001000     UNINITIALIZED
                  20000270    00000004     rtsv7M4_T_le_v4SPD16_eabi.lib : boot_cortex_m.c.obj (.stack)
                  20000274    00000ffc     --HOLE--

.sysmem    0    20001270    00001000     UNINITIALIZED
                  20001270    00000008     rtsv7M4_T_le_v4SPD16_eabi.lib : memory.c.obj (.sysmem)
                  20001278    00000ff8     --HOLE--

.bss       0    20002270    0000006c     UNINITIALIZED
                  20002270    00000054     lcd.obj (.bss:lastbuffer$3)
                  200022c4    00000018     open_interface.obj (.bss:firmware$2)

.data      0    200022dc    00000030     UNINITIALIZED
                  200022dc    00000010     open_interface.obj (.data)
                  200022ec    0000000c     rtsv7M4_T_le_v4SPD16_eabi.lib : memory.c.obj (.data:$O1$$)
                  200022f8    00000008                                   : _lock.c.obj (.data:$O1$$)
                  20002300    00000008     servo.obj (.data)
                  20002308    00000004     rtsv7M4_T_le_v4SPD16_eabi.lib : errno.c.obj (.data)

MODULE SUMMARY

       Module                         code    ro data   rw data
       ------                         ----    -------   -------
    .\
       open_interface.obj             2744    15        40     
       analysis.obj                   1340    0         0      
       lcd.obj                        944     8         84     
       movement.obj                   972     0         0      
       tm4c123gh6pm_startup_ccs.obj   12      620       0      
       servo.obj                      464     0         8      
       uart.obj                       372     0         0      
       timer.obj                      344     0         0      
       main.obj                       26      0         0      
    +--+------------------------------+-------+---------+---------+
       Total:                         7218    643       132    
                                                               
    C:/ti/TivaWare_C_Series-2.1.4.178/driverlib/ccs/Debug/driverlib.lib
       interrupt.obj                  68      0         620    
       cpu.obj                        12      0         0      
    +--+------------------------------+-------+---------+---------+
       Total:                         80      0         620    
                                                               
    C:\ti\ccsv8\tools\compiler\ti-cgt-arm_18.1.2.LTS\lib\rtsv7M4_T_le_v4SPD16_eabi.lib
       _printfi.c.obj                 4863    0         0      
       k_rem_pio2.c.obj               1848    344       0      
       s_tan.c.obj                    1288    0         0      
       k_tan.c.obj                    792     128       0      
       memory.c.obj                   534     0         12     
       fd_add_t2.asm.obj              438     0         0      
       fd_div_t2.asm.obj              310     0         0      
       s_scalbn.c.obj                 272     0         0      
       fd_cmp_t2.asm.obj              268     0         0      
       ctype.c.obj                    0       257       0      
       fd_mul_t2.asm.obj              252     0         0      
       s_floor.c.obj                  248     0         0      
       memcpy_t2.asm.obj              156     0         0      
       ull_div_t2.asm.obj             150     0         0      
       vsnprintf.c.obj                136     0         0      
       memset_t2.asm.obj              122     0         0      
       copy_decompress_lzss.c.obj     104     0         0      
       s_frexp.c.obj                  100     0         0      
       ltoa.c.obj                     84      0         0      
       atoi.c.obj                     76      0         0      
       fd_toi_t2.asm.obj              72      0         0      
       autoinit.c.obj                 68      0         0      
       boot_cortex_m.c.obj            56      0         0      
       fs_tod_t2.asm.obj              56      0         0      
       i_tofd_t2.asm.obj              46      0         0      
       memccpy.c.obj                  28      0         0      
       strcmp.c.obj                   24      0         0      
       strchr.c.obj                   22      0         0      
       s_copysign.c.obj               20      0         0      
       strcpy.c.obj                   20      0         0      
       strlen.c.obj                   20      0         0      
       copy_zero_init.c.obj           18      0         0      
       wcslen.c.obj                   18      0         0      
       copy_decompress_none.c.obj     14      0         0      
       errno.c.obj                    8       0         4      
       _lock.c.obj                    2       0         8      
       exit.c.obj                     4       0         0      
       pre_init.c.obj                 4       0         0      
       div0.asm.obj                   2       0         0      
    +--+------------------------------+-------+---------+---------+
       Total:                         12543   729       24     
                                                               
       Heap:                          0       0         4096   
       Stack:                         0       0         4096   
       Linker Generated:              0       81        0      
    +--+------------------------------+-------+---------+---------+
       Grand Total:                   19841   1453      8968   


LINKER GENERATED COPY TABLES

__TI_cinit_table @ 00005330 records: 3, size/record: 8, table size: 24
	.data: load addr=000052f0, load size=0000001d bytes, run addr=200022dc, run size=00000030 bytes, compression=lzss
	.bss: load addr=00005320, load size=00000008 bytes, run addr=20002270, run size=0000006c bytes, compression=zero_init
	.vtable: load addr=00005328, load size=00000008 bytes, run addr=20000000, run size=0000026c bytes, compression=zero_init


LINKER GENERATED HANDLER TABLE

__TI_handler_table @ 00005310 records: 3, size/record: 4, table size: 12
	index: 0, handler: __TI_zero_init
	index: 1, handler: __TI_decompress_lzss
	index: 2, handler: __TI_decompress_none


GLOBAL SYMBOLS: SORTED ALPHABETICALLY BY Name 

address   name                          
-------   ----                          
00004ff5  C$$EXIT                       
00004fcf  CPUcpsie                      
00000b73  GPIOF_Handler                 
00004fa1  IntMasterEnable               
00004dc9  IntRegister                   
00004fdb  ResetISR                      
00003bf3  UART1_handler                 
20001270  __STACK_END                   
00001000  __STACK_SIZE                  
20000470  __STACK_TOP                   
00001000  __SYSMEM_SIZE                 
00005330  __TI_CINIT_Base               
00005348  __TI_CINIT_Limit              
00005310  __TI_Handler_Table_Base       
0000531c  __TI_Handler_Table_Limit      
00004c21  __TI_auto_init_nobinit_nopinit
000049c3  __TI_decompress_lzss          
00004fc1  __TI_decompress_none          
ffffffff  __TI_pprof_out_hndl           
00000d0d  __TI_printfi                  
ffffffff  __TI_prof_data_size           
ffffffff  __TI_prof_data_start          
00000000  __TI_static_base__            
00004f7d  __TI_zero_init_nomemset       
00004755  __aeabi_cdcmpeq               
00004755  __aeabi_cdcmple               
000047db  __aeabi_cdrcmple              
00004bd9  __aeabi_d2iz                  
00003987  __aeabi_dadd                  
00003f3d  __aeabi_ddiv                  
000042a5  __aeabi_dmul                  
0000397d  __aeabi_dsub                  
00004fe9  __aeabi_errno_addr            
00004d91  __aeabi_f2d                   
00004e2d  __aeabi_i2d                   
00003b33  __aeabi_idiv0                 
00003b33  __aeabi_ldiv0                 
00004861  __aeabi_memclr                
00004861  __aeabi_memclr4               
00004861  __aeabi_memclr8               
00004623  __aeabi_memcpy                
00004623  __aeabi_memcpy4               
00004623  __aeabi_memcpy8               
00004863  __aeabi_memset                
00004863  __aeabi_memset4               
00004863  __aeabi_memset8               
000046bf  __aeabi_uldivmod              
ffffffff  __binit__                     
ffffffff  __c_args__                    
0000176d  __kernel_rem_pio2             
00003055  __kernel_tan                  
UNDEFED   __mpu_init                    
20000270  __stack                       
00004d21  _c_int00_noargs               
00005150  _ctypes_                      
200022f8  _lock                         
0000176b  _nop                          
20001270  _sys_memory                   
UNDEFED   _system_post_cinit            
00004ff1  _system_pre_init              
200022fc  _unlock                       
00004ff5  abort                         
00004b8d  atoi                          
ffffffff  binit                         
00004e5b  calloc                        
00002b1d  check_for_tape                
00002b5d  collision                     
00004f41  copysign                      
00004f41  copysignl                     
00001ea5  detect_objects                
20002308  errno                         
00002155  find_gap                      
00001fb7  find_smallest                 
000043a1  floor                         
000043a1  floorl                        
00004499  free                          
00004a2d  frexp                         
00004a2d  frexpl                        
20000000  g_pfnRAMVectors               
00000000  g_pfnVectors                  
00000b9d  getDegrees                    
0000092f  go_charge                     
00004fb1  lcd_clear                     
00002e4d  lcd_gotoLine                  
00002cb5  lcd_init                      
00002eb3  lcd_printf                    
00002d75  lcd_putc                      
00002dad  lcd_puts                      
00002f91  lcd_rotatingBanner            
00002dcb  lcd_sendCommand               
00002e09  lcd_sendNibble                
00002e75  lcd_setCursorPos              
00004195  ldexp                         
00004195  ldexpl                        
00004ae7  ltoa                          
00004ec9  main                          
000048dd  malloc                        
00004ead  memccpy                       
00004623  memcpy                        
00004869  memset                        
00004d59  minit                         
0000292b  move_backward                 
000028e9  move_forward                  
20002304  movement_direction            
0000026d  oi_alloc                      
00000a59  oi_checkFirmware              
000002c3  oi_close                      
00000279  oi_free                       
000002ad  oi_init                       
00000289  oi_init_noupdate              
000008c5  oi_loadSong                   
00004efb  oi_parseInt                   
00000327  oi_parsePacket                
0000091b  oi_play_song                  
0000083f  oi_setLeds                    
00000883  oi_setWheels                  
00000b01  oi_shutoff_init               
0000093d  oi_uartInit                   
000009e1  oi_uartReceive                
00000a27  oi_uartSendBuff               
000009c5  oi_uartSendChar               
00000a09  oi_uartSendStr                
000002d5  oi_update                     
00004195  scalbn                        
00004195  scalbnl                       
000037ad  servo_init                    
0000383f  servo_move                    
20002300  servo_position                
00004f2b  strchr                        
00004f13  strcmp                        
00004f55  strcpy                        
00004f69  strlen                        
000023e1  tan                           
000023e1  tanl                          
00003db9  timer_getClock                
00003d6d  timer_startClock              
00003d07  timer_startTimer              
00003dbf  timer_stopClock               
00003d57  timer_stopTimer               
00003cdd  timer_waitMicros              
00003ca9  timer_waitMillis              
000029df  turn_left                     
00002969  turn_right                    
00003b35  uart_init                     
00003c39  uart_receive                  
00003bf5  uart_sendChar                 
00003c11  uart_sendString               
00002a55  userMovement                  
00004c65  vsnprintf                     
00004f8f  wcslen                        


GLOBAL SYMBOLS: SORTED BY Symbol Address 

address   name                          
-------   ----                          
00000000  __TI_static_base__            
00000000  g_pfnVectors                  
0000026d  oi_alloc                      
00000279  oi_free                       
00000289  oi_init_noupdate              
000002ad  oi_init                       
000002c3  oi_close                      
000002d5  oi_update                     
00000327  oi_parsePacket                
0000083f  oi_setLeds                    
00000883  oi_setWheels                  
000008c5  oi_loadSong                   
0000091b  oi_play_song                  
0000092f  go_charge                     
0000093d  oi_uartInit                   
000009c5  oi_uartSendChar               
000009e1  oi_uartReceive                
00000a09  oi_uartSendStr                
00000a27  oi_uartSendBuff               
00000a59  oi_checkFirmware              
00000b01  oi_shutoff_init               
00000b73  GPIOF_Handler                 
00000b9d  getDegrees                    
00000d0d  __TI_printfi                  
00001000  __STACK_SIZE                  
00001000  __SYSMEM_SIZE                 
0000176b  _nop                          
0000176d  __kernel_rem_pio2             
00001ea5  detect_objects                
00001fb7  find_smallest                 
00002155  find_gap                      
000023e1  tan                           
000023e1  tanl                          
000028e9  move_forward                  
0000292b  move_backward                 
00002969  turn_right                    
000029df  turn_left                     
00002a55  userMovement                  
00002b1d  check_for_tape                
00002b5d  collision                     
00002cb5  lcd_init                      
00002d75  lcd_putc                      
00002dad  lcd_puts                      
00002dcb  lcd_sendCommand               
00002e09  lcd_sendNibble                
00002e4d  lcd_gotoLine                  
00002e75  lcd_setCursorPos              
00002eb3  lcd_printf                    
00002f91  lcd_rotatingBanner            
00003055  __kernel_tan                  
000037ad  servo_init                    
0000383f  servo_move                    
0000397d  __aeabi_dsub                  
00003987  __aeabi_dadd                  
00003b33  __aeabi_idiv0                 
00003b33  __aeabi_ldiv0                 
00003b35  uart_init                     
00003bf3  UART1_handler                 
00003bf5  uart_sendChar                 
00003c11  uart_sendString               
00003c39  uart_receive                  
00003ca9  timer_waitMillis              
00003cdd  timer_waitMicros              
00003d07  timer_startTimer              
00003d57  timer_stopTimer               
00003d6d  timer_startClock              
00003db9  timer_getClock                
00003dbf  timer_stopClock               
00003f3d  __aeabi_ddiv                  
00004195  ldexp                         
00004195  ldexpl                        
00004195  scalbn                        
00004195  scalbnl                       
000042a5  __aeabi_dmul                  
000043a1  floor                         
000043a1  floorl                        
00004499  free                          
00004623  __aeabi_memcpy                
00004623  __aeabi_memcpy4               
00004623  __aeabi_memcpy8               
00004623  memcpy                        
000046bf  __aeabi_uldivmod              
00004755  __aeabi_cdcmpeq               
00004755  __aeabi_cdcmple               
000047db  __aeabi_cdrcmple              
00004861  __aeabi_memclr                
00004861  __aeabi_memclr4               
00004861  __aeabi_memclr8               
00004863  __aeabi_memset                
00004863  __aeabi_memset4               
00004863  __aeabi_memset8               
00004869  memset                        
000048dd  malloc                        
000049c3  __TI_decompress_lzss          
00004a2d  frexp                         
00004a2d  frexpl                        
00004ae7  ltoa                          
00004b8d  atoi                          
00004bd9  __aeabi_d2iz                  
00004c21  __TI_auto_init_nobinit_nopinit
00004c65  vsnprintf                     
00004d21  _c_int00_noargs               
00004d59  minit                         
00004d91  __aeabi_f2d                   
00004dc9  IntRegister                   
00004e2d  __aeabi_i2d                   
00004e5b  calloc                        
00004ead  memccpy                       
00004ec9  main                          
00004efb  oi_parseInt                   
00004f13  strcmp                        
00004f2b  strchr                        
00004f41  copysign                      
00004f41  copysignl                     
00004f55  strcpy                        
00004f69  strlen                        
00004f7d  __TI_zero_init_nomemset       
00004f8f  wcslen                        
00004fa1  IntMasterEnable               
00004fb1  lcd_clear                     
00004fc1  __TI_decompress_none          
00004fcf  CPUcpsie                      
00004fdb  ResetISR                      
00004fe9  __aeabi_errno_addr            
00004ff1  _system_pre_init              
00004ff5  C$$EXIT                       
00004ff5  abort                         
00005150  _ctypes_                      
00005310  __TI_Handler_Table_Base       
0000531c  __TI_Handler_Table_Limit      
00005330  __TI_CINIT_Base               
00005348  __TI_CINIT_Limit              
20000000  g_pfnRAMVectors               
20000270  __stack                       
20000470  __STACK_TOP                   
20001270  __STACK_END                   
20001270  _sys_memory                   
200022f8  _lock                         
200022fc  _unlock                       
20002300  servo_position                
20002304  movement_direction            
20002308  errno                         
ffffffff  __TI_pprof_out_hndl           
ffffffff  __TI_prof_data_size           
ffffffff  __TI_prof_data_start          
ffffffff  __binit__                     
ffffffff  __c_args__                    
ffffffff  binit                         
UNDEFED   __mpu_init                    
UNDEFED   _system_post_cinit            

[150 symbols]
