******************************************************************************
                  TI ARM Linker PC v18.1.2                     
******************************************************************************
>> Linked Thu Apr 25 16:02:58 2019

OUTPUT FILE NAME:   <Project.out>
ENTRY POINT SYMBOL: "_c_int00_noargs"  address: 00007819


MEMORY CONFIGURATION

         name            origin    length      used     unused   attr    fill
----------------------  --------  ---------  --------  --------  ----  --------
  FLASH                 00000000   00040000  0000801f  00037fe1  R  X
  SRAM                  20000000   00008000  00002340  00005cc0  RW X


SEGMENT ALLOCATION MAP

run origin  load origin   length   init length attrs members
----------  ----------- ---------- ----------- ----- -------
00000000    00000000    00008020   00008020    r-x
  00000000    00000000    0000026c   0000026c    r-- .intvecs
  0000026c    0000026c    0000792c   0000792c    r-x .text
  00007b98    00007b98    0000042f   0000042f    r-- .const
  00007fc8    00007fc8    00000058   00000058    r-- .cinit
20000000    20000000    00002344   00000000    rw-
  20000000    20000000    0000026c   00000000    rw- .vtable
  20000270    20000270    00001000   00000000    rw- .stack
  20001270    20001270    00001000   00000000    rw- .sysmem
  20002270    20002270    00000088   00000000    rw- .bss
  200022f8    200022f8    0000004c   00000000    rw- .data


SECTION ALLOCATION MAP

 output                                  attributes/
section   page    origin      length       input sections
--------  ----  ----------  ----------   ----------------
.intvecs   0    00000000    0000026c     
                  00000000    0000026c     tm4c123gh6pm_startup_ccs.obj (.intvecs)

.text      0    0000026c    0000792c     
                  0000026c    00000af0     rtsv7M4_T_le_v4SPD16_eabi.lib : _scanfi.c.obj (.text:__TI_scanfi)
                  00000d5c    00000aa0     open_interface.obj (.text)
                  000017fc    00000a5e     rtsv7M4_T_le_v4SPD16_eabi.lib : _printfi.c.obj (.text:__TI_printfi)
                  0000225a    00000002                                   : _lock.c.obj (.text:_nop)
                  0000225c    000009c0                                   : e_pow.c.obj (.text:pow)
                  00002c1c    00000738                                   : k_rem_pio2.c.obj (.text:__kernel_rem_pio2)
                  00003354    00000530     analysis.obj (.text)
                  00003884    00000508     rtsv7M4_T_le_v4SPD16_eabi.lib : s_tan.c.obj (.text:tan)
                  00003d8c    00000488     movement.obj (.text)
                  00004214    00000460     rtsv7M4_T_le_v4SPD16_eabi.lib : strtod.c.obj (.text:strtod)
                  00004674    0000045c     uart.obj (.text)
                  00004ad0    000003a0     lcd.obj (.text)
                  00004e70    00000318     rtsv7M4_T_le_v4SPD16_eabi.lib : k_tan.c.obj (.text:__kernel_tan)
                  00005188    000002b0     ping.obj (.text)
                  00005438    00000270     rtsv7M4_T_le_v4SPD16_eabi.lib : _printfi.c.obj (.text:_pconv_a)
                  000056a8    00000250     main.obj (.text)
                  000058f8    000001dc     rtsv7M4_T_le_v4SPD16_eabi.lib : strtoll.c.obj (.text:strtoll)
                  00005ad4    000001d0                                   : _printfi.c.obj (.text:_pconv_g)
                  00005ca4    000001d0     servo.obj (.text)
                  00005e74    000001b6     rtsv7M4_T_le_v4SPD16_eabi.lib : fd_add_t2.asm.obj (.text)
                  0000602a    00000002                                   : div0.asm.obj (.text)
                  0000602c    0000015c                                   : strtoull.c.obj (.text:strtoull)
                  00006188    00000158                                   : e_sqrt.c.obj (.text:sqrt)
                  000062e0    00000158     timer.obj (.text)
                  00006438    0000013c     rtsv7M4_T_le_v4SPD16_eabi.lib : _printfi.c.obj (.text:_pconv_e)
                  00006574    00000136                                   : fd_div_t2.asm.obj (.text)
                  000066aa    00000002     --HOLE-- [fill = 0]
                  000066ac    00000130                                   : strtol.c.obj (.text:strtol)
                  000067dc    00000120                                   : _printfi.c.obj (.text:fcvt)
                  000068fc    00000110                                   : s_scalbn.c.obj (.text:scalbn)
                  00006a0c    00000110                                   : strtoul.c.obj (.text:strtoul)
                  00006b1c    000000fc                                   : fd_mul_t2.asm.obj (.text)
                  00006c18    000000f8                                   : s_floor.c.obj (.text:floor)
                  00006d10    000000ec     adc.obj (.text)
                  00006dfc    000000d8     rtsv7M4_T_le_v4SPD16_eabi.lib : memory.c.obj (.text:free)
                  00006ed4    000000b1                                   : _printfi.c.obj (.text:_ltostr)
                  00006f85    00000001     --HOLE-- [fill = 0]
                  00006f86    0000009c                                   : memcpy_t2.asm.obj (.text)
                  00007022    00000096                                   : ull_div_t2.asm.obj (.text)
                  000070b8    00000086                                   : fd_cmp_t2.asm.obj (.text:__aeabi_cdcmple)
                  0000713e    00000086                                   : fd_cmp_t2.asm.obj (.text:__aeabi_cdrcmple)
                  000071c4    00000080     music.obj (.text)
                  00007244    0000007a     rtsv7M4_T_le_v4SPD16_eabi.lib : memset_t2.asm.obj (.text)
                  000072be    00000002     --HOLE-- [fill = 0]
                  000072c0    00000078                                   : memory.c.obj (.text:malloc)
                  00007338    0000006e                                   : _printfi.c.obj (.text:_mcpy)
                  000073a6    0000006e                                   : fd_tos_t2.asm.obj (.text)
                  00007414    00000068                                   : sscanf.c.obj (.text:_chkmbc)
                  0000747c    00000068                                   : copy_decompress_lzss.c.obj (.text:decompress:lzss:__TI_decompress_lzss)
                  000074e4    00000064                                   : s_frexp.c.obj (.text:frexp)
                  00007548    00000056                                   : _printfi.c.obj (.text:_pconv_f)
                  0000759e    00000054                                   : ltoa.c.obj (.text:ltoa)
                  000075f2    00000052                                   : _printfi.c.obj (.text:_ecpy)
                  00007644    0000004c                                   : atoi.c.obj (.text:atoi)
                  00007690    00000048                                   : fd_toi_t2.asm.obj (.text)
                  000076d8    00000044                                   : autoinit.c.obj (.text:__TI_auto_init_nobinit_nopinit:__TI_auto_init_nobinit_nopinit)
                  0000771c    00000040                                   : sprintf.c.obj (.text:sprintf)
                  0000775c    00000040                                   : vsnprintf.c.obj (.text:vsnprintf)
                  0000779c    0000003e                                   : _printfi.c.obj (.text:_fcpy)
                  000077da    00000002     --HOLE-- [fill = 0]
                  000077dc    0000003c                                   : memory.c.obj (.text:minsert)
                  00007818    00000038                                   : boot_cortex_m.c.obj (.text:_c_int00_noargs:_c_int00_noargs)
                  00007850    00000038                                   : memory.c.obj (.text:minit)
                  00007888    00000038                                   : fs_tod_t2.asm.obj (.text)
                  000078c0    00000038                                   : sscanf.c.obj (.text:sscanf)
                  000078f8    00000034     driverlib.lib : interrupt.obj (.text:IntRegister)
                  0000792c    00000030     rtsv7M4_T_le_v4SPD16_eabi.lib : vsnprintf.c.obj (.text:_outs)
                  0000795c    0000002e                                   : i_tofd_t2.asm.obj (.text)
                  0000798a    0000002a                                   : memory.c.obj (.text:calloc)
                  000079b4    00000028                                   : memory.c.obj (.text:mremove)
                  000079dc    00000020                                   : u_tofd_t2.asm.obj (.text)
                  000079fc    0000001c                                   : memccpy.c.obj (.text:memccpy)
                  00007a18    00000018                                   : vsnprintf.c.obj (.text:_outc)
                  00007a30    00000018                                   : sprintf.c.obj (.text:_outs)
                  00007a48    00000018     open_interface.obj (.text:oi_parseInt)
                  00007a60    00000018     rtsv7M4_T_le_v4SPD16_eabi.lib : ll_mul_t2.asm.obj (.text)
                  00007a78    00000018                                   : strcmp.c.obj (.text:strcmp)
                  00007a90    00000018                                   : strrchr.c.obj (.text:strrchr)
                  00007aa8    00000016                                   : strchr.c.obj (.text:strchr)
                  00007abe    00000014                                   : s_copysign.c.obj (.text:copysign)
                  00007ad2    00000014                                   : strcpy.c.obj (.text:strcpy)
                  00007ae6    00000014                                   : strlen.c.obj (.text:strlen)
                  00007afa    00000012                                   : sscanf.c.obj (.text:_inpchar)
                  00007b0c    00000012                                   : copy_zero_init.c.obj (.text:decompress:ZI:__TI_zero_init_nomemset:__TI_zero_init_nomemset)
                  00007b1e    00000012                                   : wcslen.c.obj (.text:wcslen)
                  00007b30    00000010     driverlib.lib : interrupt.obj (.text:IntMasterEnable)
                  00007b40    00000010     lcd.obj (.text:lcd_clear)
                  00007b50    0000000e     rtsv7M4_T_le_v4SPD16_eabi.lib : copy_decompress_none.c.obj (.text:decompress:none:__TI_decompress_none)
                  00007b5e    0000000c     driverlib.lib : cpu.obj (.text:CPUcpsie)
                  00007b6a    0000000c     tm4c123gh6pm_startup_ccs.obj (.text)
                  00007b76    0000000a     rtsv7M4_T_le_v4SPD16_eabi.lib : sprintf.c.obj (.text:_outc)
                  00007b80    00000008                                   : errno.c.obj (.text:__aeabi_errno_addr)
                  00007b88    00000008                                   : sscanf.c.obj (.text:_uninpchar)
                  00007b90    00000004                                   : pre_init.c.obj (.text:_system_pre_init)
                  00007b94    00000004                                   : exit.c.obj (.text:abort:abort)

.const     0    00007b98    0000042f     
                  00007b98    00000158     rtsv7M4_T_le_v4SPD16_eabi.lib : k_rem_pio2.c.obj (.const:$O1$$)
                  00007cf0    00000101                                   : ctype.c.obj (.const:.string:_ctypes_)
                  00007df1    00000004     lcd.obj (.const:.string:lineAddress$1)
                  00007df5    00000003     --HOLE-- [fill = 0]
                  00007df8    000000c8     rtsv7M4_T_le_v4SPD16_eabi.lib : strtod.c.obj (.const:$O1$$)
                  00007ec0    00000080                                   : k_tan.c.obj (.const:xxx)
                  00007f40    00000030                                   : e_pow.c.obj (.const:$O1$$)
                  00007f70    00000010                                   : _scanfi.c.obj (.const:$O1$$)
                  00007f80    0000000f     open_interface.obj (.const:.string:$P$T0$3)
                  00007f8f    0000000d     music.obj (.const:.string:$P$T0$1)
                  00007f9c    0000000d     music.obj (.const:.string:$P$T1$2)
                  00007fa9    0000000d     music.obj (.const:.string:$P$T2$3)
                  00007fb6    0000000d     music.obj (.const:.string:$P$T3$4)
                  00007fc3    00000004     lcd.obj (.const:.string:lineAddresses$2)

.cinit     0    00007fc8    00000058     
                  00007fc8    0000001e     (.cinit..data.load) [load image, compression = lzss]
                  00007fe6    00000002     --HOLE-- [fill = 0]
                  00007fe8    0000000c     (__TI_handler_table)
                  00007ff4    00000004     --HOLE-- [fill = 0]
                  00007ff8    00000008     (.cinit..bss.load) [load image, compression = zero_init]
                  00008000    00000008     (.cinit..vtable.load) [load image, compression = zero_init]
                  00008008    00000018     (__TI_cinit_table)

.init_array 
*          0    00000000    00000000     UNINITIALIZED

.vtable    0    20000000    0000026c     UNINITIALIZED
                  20000000    0000026c     driverlib.lib : interrupt.obj (.vtable)

.stack     0    20000270    00001000     UNINITIALIZED
                  20000270    00000004     rtsv7M4_T_le_v4SPD16_eabi.lib : boot_cortex_m.c.obj (.stack)
                  20000274    00000ffc     --HOLE--

.sysmem    0    20001270    00001000     UNINITIALIZED
                  20001270    00000008     rtsv7M4_T_le_v4SPD16_eabi.lib : memory.c.obj (.sysmem)
                  20001278    00000ff8     --HOLE--

.bss       0    20002270    00000088     UNINITIALIZED
                  20002270    00000054     lcd.obj (.bss:lastbuffer$3)
                  200022c4    00000018     open_interface.obj (.bss:firmware$2)
                  200022dc    00000018     (.common:arr)
                  200022f4    00000004     (.common:sensor_data)

.data      0    200022f8    0000004c     UNINITIALIZED
                  200022f8    00000014     ping.obj (.data)
                  2000230c    00000010     open_interface.obj (.data)
                  2000231c    0000000c     rtsv7M4_T_le_v4SPD16_eabi.lib : memory.c.obj (.data:$O1$$)
                  20002328    00000008                                   : _lock.c.obj (.data:$O1$$)
                  20002330    00000008     servo.obj (.data)
                  20002338    00000008     uart.obj (.data)
                  20002340    00000004     rtsv7M4_T_le_v4SPD16_eabi.lib : errno.c.obj (.data)

MODULE SUMMARY

       Module                         code    ro data   rw data
       ------                         ----    -------   -------
    .\
       open_interface.obj             2744    15        40     
       analysis.obj                   1328    0         0      
       movement.obj                   1160    0         0      
       uart.obj                       1116    0         36     
       lcd.obj                        944     8         84     
       ping.obj                       688     0         20     
       tm4c123gh6pm_startup_ccs.obj   12      620       0      
       main.obj                       592     0         0      
       servo.obj                      464     0         8      
       timer.obj                      344     0         0      
       adc.obj                        236     0         0      
       music.obj                      128     52        0      
    +--+------------------------------+-------+---------+---------+
       Total:                         9756    695       188    
                                                               
    C:/ti/TivaWare_C_Series-2.1.4.178/driverlib/ccs/Debug/driverlib.lib
       interrupt.obj                  68      0         620    
       cpu.obj                        12      0         0      
    +--+------------------------------+-------+---------+---------+
       Total:                         80      0         620    
                                                               
    C:\ti\ccsv8\tools\compiler\ti-cgt-arm_18.1.2.LTS\lib\rtsv7M4_T_le_v4SPD16_eabi.lib
       _printfi.c.obj                 4863    0         0      
       _scanfi.c.obj                  2800    16        0      
       e_pow.c.obj                    2496    48        0      
       k_rem_pio2.c.obj               1848    344       0      
       strtod.c.obj                   1120    200       0      
       s_tan.c.obj                    1288    0         0      
       k_tan.c.obj                    792     128       0      
       memory.c.obj                   534     0         12     
       strtoll.c.obj                  476     0         0      
       fd_add_t2.asm.obj              438     0         0      
       strtoull.c.obj                 348     0         0      
       e_sqrt.c.obj                   344     0         0      
       fd_div_t2.asm.obj              310     0         0      
       strtol.c.obj                   304     0         0      
       s_scalbn.c.obj                 272     0         0      
       strtoul.c.obj                  272     0         0      
       fd_cmp_t2.asm.obj              268     0         0      
       ctype.c.obj                    0       257       0      
       fd_mul_t2.asm.obj              252     0         0      
       s_floor.c.obj                  248     0         0      
       sscanf.c.obj                   186     0         0      
       memcpy_t2.asm.obj              156     0         0      
       ull_div_t2.asm.obj             150     0         0      
       vsnprintf.c.obj                136     0         0      
       memset_t2.asm.obj              122     0         0      
       fd_tos_t2.asm.obj              110     0         0      
       copy_decompress_lzss.c.obj     104     0         0      
       s_frexp.c.obj                  100     0         0      
       sprintf.c.obj                  98      0         0      
       ltoa.c.obj                     84      0         0      
       atoi.c.obj                     76      0         0      
       fd_toi_t2.asm.obj              72      0         0      
       autoinit.c.obj                 68      0         0      
       boot_cortex_m.c.obj            56      0         0      
       fs_tod_t2.asm.obj              56      0         0      
       i_tofd_t2.asm.obj              46      0         0      
       u_tofd_t2.asm.obj              32      0         0      
       memccpy.c.obj                  28      0         0      
       ll_mul_t2.asm.obj              24      0         0      
       strcmp.c.obj                   24      0         0      
       strrchr.c.obj                  24      0         0      
       strchr.c.obj                   22      0         0      
       s_copysign.c.obj               20      0         0      
       strcpy.c.obj                   20      0         0      
       strlen.c.obj                   20      0         0      
       copy_zero_init.c.obj           18      0         0      
       wcslen.c.obj                   18      0         0      
       copy_decompress_none.c.obj     14      0         0      
       errno.c.obj                    8       0         4      
       _lock.c.obj                    2       0         8      
       exit.c.obj                     4       0         0      
       pre_init.c.obj                 4       0         0      
       div0.asm.obj                   2       0         0      
    +--+------------------------------+-------+---------+---------+
       Total:                         21177   993       24     
                                                               
       Heap:                          0       0         4096   
       Stack:                         0       0         4096   
       Linker Generated:              0       82        0      
    +--+------------------------------+-------+---------+---------+
       Grand Total:                   31013   1770      9024   


LINKER GENERATED COPY TABLES

__TI_cinit_table @ 00008008 records: 3, size/record: 8, table size: 24
	.data: load addr=00007fc8, load size=0000001e bytes, run addr=200022f8, run size=0000004c bytes, compression=lzss
	.bss: load addr=00007ff8, load size=00000008 bytes, run addr=20002270, run size=00000088 bytes, compression=zero_init
	.vtable: load addr=00008000, load size=00000008 bytes, run addr=20000000, run size=0000026c bytes, compression=zero_init


LINKER GENERATED HANDLER TABLE

__TI_handler_table @ 00007fe8 records: 3, size/record: 4, table size: 12
	index: 0, handler: __TI_zero_init
	index: 1, handler: __TI_decompress_lzss
	index: 2, handler: __TI_decompress_none


GLOBAL SYMBOLS: SORTED ALPHABETICALLY BY Name 

address   name                          
-------   ----                          
00007b95  C$$EXIT                       
00007b5f  CPUcpsie                      
00001663  GPIOF_Handler                 
00007b31  IntMasterEnable               
000078f9  IntRegister                   
00007b6b  ResetISR                      
00005233  TIMER3B_Handler               
20001270  __STACK_END                   
00001000  __STACK_SIZE                  
20000470  __STACK_TOP                   
00001000  __SYSMEM_SIZE                 
00008008  __TI_CINIT_Base               
00008020  __TI_CINIT_Limit              
00007fe8  __TI_Handler_Table_Base       
00007ff4  __TI_Handler_Table_Limit      
000076d9  __TI_auto_init_nobinit_nopinit
0000747d  __TI_decompress_lzss          
00007b51  __TI_decompress_none          
ffffffff  __TI_pprof_out_hndl           
000017fd  __TI_printfi                  
ffffffff  __TI_prof_data_size           
ffffffff  __TI_prof_data_start          
0000026d  __TI_scanfi                   
00000000  __TI_static_base__            
00007b0d  __TI_zero_init_nomemset       
000070b9  __aeabi_cdcmpeq               
000070b9  __aeabi_cdcmple               
0000713f  __aeabi_cdrcmple              
000073a7  __aeabi_d2f                   
00007691  __aeabi_d2iz                  
00005e7f  __aeabi_dadd                  
00006575  __aeabi_ddiv                  
00006b1d  __aeabi_dmul                  
00005e75  __aeabi_dsub                  
00007b81  __aeabi_errno_addr            
00007889  __aeabi_f2d                   
0000795d  __aeabi_i2d                   
0000602b  __aeabi_idiv0                 
0000602b  __aeabi_ldiv0                 
00007a61  __aeabi_lmul                  
00007245  __aeabi_memclr                
00007245  __aeabi_memclr4               
00007245  __aeabi_memclr8               
00006f87  __aeabi_memcpy                
00006f87  __aeabi_memcpy4               
00006f87  __aeabi_memcpy8               
00007247  __aeabi_memset                
00007247  __aeabi_memset4               
00007247  __aeabi_memset8               
000079dd  __aeabi_ui2d                  
00007023  __aeabi_uldivmod              
ffffffff  __binit__                     
ffffffff  __c_args__                    
00002c1d  __kernel_rem_pio2             
00004e71  __kernel_tan                  
UNDEFED   __mpu_init                    
20000270  __stack                       
00007819  _c_int00_noargs               
00007cf0  _ctypes_                      
20002328  _lock                         
0000225b  _nop                          
20001270  _sys_memory                   
UNDEFED   _system_post_cinit            
00007b91  _system_pre_init              
2000232c  _unlock                       
00007b95  abort                         
00006d11  adc_init                      
00006d99  adc_read                      
200022dc  arr                           
00007645  atoi                          
ffffffff  binit                         
0000798b  calloc                        
00004129  collision                     
00007abf  copysign                      
00007abf  copysignl                     
20002338  count                         
00003355  detect_objects                
200022fc  edge_state                    
20002340  errno                         
00003479  find_smallest                 
00006c19  floor                         
00006c19  floorl                        
00006dfd  free                          
000074e5  frexp                         
000074e5  frexpl                        
200022f8  function_state                
20000000  g_pfnRAMVectors               
00000000  g_pfnVectors                  
0000168d  getDegrees                    
0000141f  go_charge                     
2000233c  initialized                   
00007b41  lcd_clear                     
00004c69  lcd_gotoLine                  
00004ad1  lcd_init                      
00004ccf  lcd_printf                    
00004b91  lcd_putc                      
00004bc9  lcd_puts                      
00004dad  lcd_rotatingBanner            
00004be7  lcd_sendCommand               
00004c25  lcd_sendNibble                
00004c91  lcd_setCursorPos              
000068fd  ldexp                         
000068fd  ldexpl                        
0000759f  ltoa                          
000056a9  main                          
000072c1  malloc                        
000079fd  memccpy                       
00006f87  memcpy                        
0000724d  memset                        
00007851  minit                         
00004761  moveWithWords                 
00003dcf  move_backward                 
00003d8d  move_forward                  
00003f51  move_forward_safely           
20002334  movement_direction            
000071c5  music_init1                   
000071f7  music_init2                   
00007229  music_playSong                
00000d5d  oi_alloc                      
00001549  oi_checkFirmware              
00000db3  oi_close                      
00000d69  oi_free                       
00000d9d  oi_init                       
00000d79  oi_init_noupdate              
000013b5  oi_loadSong                   
00007a49  oi_parseInt                   
00000e17  oi_parsePacket                
0000140b  oi_play_song                  
0000132f  oi_setLeds                    
00001373  oi_setWheels                  
000015f1  oi_shutoff_init               
0000142d  oi_uartInit                   
000014d1  oi_uartReceive                
00001517  oi_uartSendBuff               
000014b5  oi_uartSendChar               
000014f9  oi_uartSendStr                
00000dc5  oi_update                     
20002308  overflow_count                
00005189  ping_init                     
0000526b  ping_read                     
0000538f  ping_send                     
0000225d  pow                           
0000225d  powl                          
000068fd  scalbn                        
000068fd  scalbnl                       
200022f4  sensor_data                   
00005ca5  servo_init                    
00005d37  servo_move                    
20002330  servo_position                
0000771d  sprintf                       
00006189  sqrt                          
00006189  sqrtl                         
000078c1  sscanf                        
00007aa9  strchr                        
00007a79  strcmp                        
00007ad3  strcpy                        
00007ae7  strlen                        
00007a91  strrchr                       
00004215  strtod                        
000066ad  strtol                        
00004215  strtold                       
000058f9  strtoll                       
00006a0d  strtoul                       
0000602d  strtoull                      
00005335  switch_function               
000036d5  take_reading                  
00003885  tan                           
00003885  tanl                          
20002300  time_first                    
20002304  time_last                     
000063f1  timer_getClock                
000063a5  timer_startClock              
0000633f  timer_startTimer              
000063f7  timer_stopClock               
0000638f  timer_stopTimer               
00006315  timer_waitMicros              
000062e1  timer_waitMillis              
00003e87  turn_left                     
00003e11  turn_right                    
00003efd  turn_to                       
0000496d  uart_handler                  
00004675  uart_init                     
000049f9  uart_interrupt_init           
00004705  uart_receive                  
000046e9  uart_sendChar                 
0000472b  uart_sendString               
0000775d  vsnprintf                     
00007b1f  wcslen                        


GLOBAL SYMBOLS: SORTED BY Symbol Address 

address   name                          
-------   ----                          
00000000  __TI_static_base__            
00000000  g_pfnVectors                  
0000026d  __TI_scanfi                   
00000d5d  oi_alloc                      
00000d69  oi_free                       
00000d79  oi_init_noupdate              
00000d9d  oi_init                       
00000db3  oi_close                      
00000dc5  oi_update                     
00000e17  oi_parsePacket                
00001000  __STACK_SIZE                  
00001000  __SYSMEM_SIZE                 
0000132f  oi_setLeds                    
00001373  oi_setWheels                  
000013b5  oi_loadSong                   
0000140b  oi_play_song                  
0000141f  go_charge                     
0000142d  oi_uartInit                   
000014b5  oi_uartSendChar               
000014d1  oi_uartReceive                
000014f9  oi_uartSendStr                
00001517  oi_uartSendBuff               
00001549  oi_checkFirmware              
000015f1  oi_shutoff_init               
00001663  GPIOF_Handler                 
0000168d  getDegrees                    
000017fd  __TI_printfi                  
0000225b  _nop                          
0000225d  pow                           
0000225d  powl                          
00002c1d  __kernel_rem_pio2             
00003355  detect_objects                
00003479  find_smallest                 
000036d5  take_reading                  
00003885  tan                           
00003885  tanl                          
00003d8d  move_forward                  
00003dcf  move_backward                 
00003e11  turn_right                    
00003e87  turn_left                     
00003efd  turn_to                       
00003f51  move_forward_safely           
00004129  collision                     
00004215  strtod                        
00004215  strtold                       
00004675  uart_init                     
000046e9  uart_sendChar                 
00004705  uart_receive                  
0000472b  uart_sendString               
00004761  moveWithWords                 
0000496d  uart_handler                  
000049f9  uart_interrupt_init           
00004ad1  lcd_init                      
00004b91  lcd_putc                      
00004bc9  lcd_puts                      
00004be7  lcd_sendCommand               
00004c25  lcd_sendNibble                
00004c69  lcd_gotoLine                  
00004c91  lcd_setCursorPos              
00004ccf  lcd_printf                    
00004dad  lcd_rotatingBanner            
00004e71  __kernel_tan                  
00005189  ping_init                     
00005233  TIMER3B_Handler               
0000526b  ping_read                     
00005335  switch_function               
0000538f  ping_send                     
000056a9  main                          
000058f9  strtoll                       
00005ca5  servo_init                    
00005d37  servo_move                    
00005e75  __aeabi_dsub                  
00005e7f  __aeabi_dadd                  
0000602b  __aeabi_idiv0                 
0000602b  __aeabi_ldiv0                 
0000602d  strtoull                      
00006189  sqrt                          
00006189  sqrtl                         
000062e1  timer_waitMillis              
00006315  timer_waitMicros              
0000633f  timer_startTimer              
0000638f  timer_stopTimer               
000063a5  timer_startClock              
000063f1  timer_getClock                
000063f7  timer_stopClock               
00006575  __aeabi_ddiv                  
000066ad  strtol                        
000068fd  ldexp                         
000068fd  ldexpl                        
000068fd  scalbn                        
000068fd  scalbnl                       
00006a0d  strtoul                       
00006b1d  __aeabi_dmul                  
00006c19  floor                         
00006c19  floorl                        
00006d11  adc_init                      
00006d99  adc_read                      
00006dfd  free                          
00006f87  __aeabi_memcpy                
00006f87  __aeabi_memcpy4               
00006f87  __aeabi_memcpy8               
00006f87  memcpy                        
00007023  __aeabi_uldivmod              
000070b9  __aeabi_cdcmpeq               
000070b9  __aeabi_cdcmple               
0000713f  __aeabi_cdrcmple              
000071c5  music_init1                   
000071f7  music_init2                   
00007229  music_playSong                
00007245  __aeabi_memclr                
00007245  __aeabi_memclr4               
00007245  __aeabi_memclr8               
00007247  __aeabi_memset                
00007247  __aeabi_memset4               
00007247  __aeabi_memset8               
0000724d  memset                        
000072c1  malloc                        
000073a7  __aeabi_d2f                   
0000747d  __TI_decompress_lzss          
000074e5  frexp                         
000074e5  frexpl                        
0000759f  ltoa                          
00007645  atoi                          
00007691  __aeabi_d2iz                  
000076d9  __TI_auto_init_nobinit_nopinit
0000771d  sprintf                       
0000775d  vsnprintf                     
00007819  _c_int00_noargs               
00007851  minit                         
00007889  __aeabi_f2d                   
000078c1  sscanf                        
000078f9  IntRegister                   
0000795d  __aeabi_i2d                   
0000798b  calloc                        
000079dd  __aeabi_ui2d                  
000079fd  memccpy                       
00007a49  oi_parseInt                   
00007a61  __aeabi_lmul                  
00007a79  strcmp                        
00007a91  strrchr                       
00007aa9  strchr                        
00007abf  copysign                      
00007abf  copysignl                     
00007ad3  strcpy                        
00007ae7  strlen                        
00007b0d  __TI_zero_init_nomemset       
00007b1f  wcslen                        
00007b31  IntMasterEnable               
00007b41  lcd_clear                     
00007b51  __TI_decompress_none          
00007b5f  CPUcpsie                      
00007b6b  ResetISR                      
00007b81  __aeabi_errno_addr            
00007b91  _system_pre_init              
00007b95  C$$EXIT                       
00007b95  abort                         
00007cf0  _ctypes_                      
00007fe8  __TI_Handler_Table_Base       
00007ff4  __TI_Handler_Table_Limit      
00008008  __TI_CINIT_Base               
00008020  __TI_CINIT_Limit              
20000000  g_pfnRAMVectors               
20000270  __stack                       
20000470  __STACK_TOP                   
20001270  __STACK_END                   
20001270  _sys_memory                   
200022dc  arr                           
200022f4  sensor_data                   
200022f8  function_state                
200022fc  edge_state                    
20002300  time_first                    
20002304  time_last                     
20002308  overflow_count                
20002328  _lock                         
2000232c  _unlock                       
20002330  servo_position                
20002334  movement_direction            
20002338  count                         
2000233c  initialized                   
20002340  errno                         
ffffffff  __TI_pprof_out_hndl           
ffffffff  __TI_prof_data_size           
ffffffff  __TI_prof_data_start          
ffffffff  __binit__                     
ffffffff  __c_args__                    
ffffffff  binit                         
UNDEFED   __mpu_init                    
UNDEFED   _system_post_cinit            

[188 symbols]
